Archive member included to satisfy reference by file (symbol)

C:/Users/geoff/Documents/Electro-Smith/libs/libdaisy/build\libdaisy.a(daisy_pod.o)
                              build/main.o (daisy::DaisyPod::StartAudio(void (*)(float*, float*, unsigned int)))
C:/Users/geoff/Documents/Electro-Smith/libs/libdaisy/build\libdaisy.a(per_adc.o)
                              C:/Users/geoff/Documents/Electro-Smith/libs/libdaisy/build\libdaisy.a(daisy_pod.o) (daisy::AdcChannelConfig::InitSingle(dsy_gpio_pin))
C:/Users/geoff/Documents/Electro-Smith/libs/libdaisy/build\libdaisy.a(hid_audio.o)
                              C:/Users/geoff/Documents/Electro-Smith/libs/libdaisy/build\libdaisy.a(daisy_pod.o) (dsy_audio_set_callback)
C:/Users/geoff/Documents/Electro-Smith/libs/libdaisy/build\libdaisy.a(per_i2c.o)
                              C:/Users/geoff/Documents/Electro-Smith/libs/libdaisy/build\libdaisy.a(hid_audio.o) (dsy_i2c_init)
C:/Users/geoff/Documents/Electro-Smith/libs/libdaisy/build\libdaisy.a(per_sai.o)
                              C:/Users/geoff/Documents/Electro-Smith/libs/libdaisy/build\libdaisy.a(hid_audio.o) (hsai_BlockA1)
C:/Users/geoff/Documents/Electro-Smith/libs/libdaisy/build\libdaisy.a(per_gpio.o)
                              C:/Users/geoff/Documents/Electro-Smith/libs/libdaisy/build\libdaisy.a(per_adc.o) (dsy_gpio_init)
C:/Users/geoff/Documents/Electro-Smith/libs/libdaisy/build\libdaisy.a(per_tim.o)
                              C:/Users/geoff/Documents/Electro-Smith/libs/libdaisy/build\libdaisy.a(daisy_pod.o) (dsy_tim_start)
C:/Users/geoff/Documents/Electro-Smith/libs/libdaisy/build\libdaisy.a(hid_ctrl.o)
                              C:/Users/geoff/Documents/Electro-Smith/libs/libdaisy/build\libdaisy.a(daisy_pod.o) (daisy::AnalogControl::Init(unsigned short*, float, bool, bool, float))
C:/Users/geoff/Documents/Electro-Smith/libs/libdaisy/build\libdaisy.a(hid_encoder.o)
                              C:/Users/geoff/Documents/Electro-Smith/libs/libdaisy/build\libdaisy.a(daisy_pod.o) (daisy::Encoder::Init(dsy_gpio_pin, dsy_gpio_pin, dsy_gpio_pin, float))
C:/Users/geoff/Documents/Electro-Smith/libs/libdaisy/build\libdaisy.a(hid_parameter.o)
                              build/main.o (daisy::Parameter::Init(daisy::AnalogControl, float, float, daisy::Parameter::Curve))
C:/Users/geoff/Documents/Electro-Smith/libs/libdaisy/build\libdaisy.a(hid_rgb_led.o)
                              C:/Users/geoff/Documents/Electro-Smith/libs/libdaisy/build\libdaisy.a(daisy_pod.o) (daisy::RgbLed::Init(dsy_gpio_pin, dsy_gpio_pin, dsy_gpio_pin, bool))
C:/Users/geoff/Documents/Electro-Smith/libs/libdaisy/build\libdaisy.a(hid_switch.o)
                              C:/Users/geoff/Documents/Electro-Smith/libs/libdaisy/build\libdaisy.a(daisy_pod.o) (daisy::Switch::Init(dsy_gpio_pin, float))
C:/Users/geoff/Documents/Electro-Smith/libs/libdaisy/build\libdaisy.a(util_hal_map.o)
                              C:/Users/geoff/Documents/Electro-Smith/libs/libdaisy/build\libdaisy.a(per_i2c.o) (dsy_hal_map_get_port)
C:/Users/geoff/Documents/Electro-Smith/libs/libdaisy/build\libdaisy.a(util_color.o)
                              build/main.o (daisy::Color::Init(daisy::Color::PresetColor))
C:/Users/geoff/Documents/Electro-Smith/libs/libdaisy/build\libdaisy.a(stm32h7xx_hal_adc.o)
                              C:/Users/geoff/Documents/Electro-Smith/libs/libdaisy/build\libdaisy.a(per_adc.o) (HAL_ADC_ConfigChannel)
C:/Users/geoff/Documents/Electro-Smith/libs/libdaisy/build\libdaisy.a(stm32h7xx_hal_adc_ex.o)
                              C:/Users/geoff/Documents/Electro-Smith/libs/libdaisy/build\libdaisy.a(per_adc.o) (HAL_ADCEx_Calibration_Start)
C:/Users/geoff/Documents/Electro-Smith/libs/libdaisy/build\libdaisy.a(stm32h7xx_hal_i2c.o)
                              C:/Users/geoff/Documents/Electro-Smith/libs/libdaisy/build\libdaisy.a(per_i2c.o) (HAL_I2C_Init)
C:/Users/geoff/Documents/Electro-Smith/libs/libdaisy/build\libdaisy.a(stm32h7xx_hal_i2c_ex.o)
                              C:/Users/geoff/Documents/Electro-Smith/libs/libdaisy/build\libdaisy.a(per_i2c.o) (HAL_I2CEx_ConfigAnalogFilter)
C:/Users/geoff/Documents/Electro-Smith/libs/libdaisy/build\libdaisy.a(stm32h7xx_hal_sai.o)
                              C:/Users/geoff/Documents/Electro-Smith/libs/libdaisy/build\libdaisy.a(per_sai.o) (HAL_SAI_InitProtocol)
C:/Users/geoff/Documents/Electro-Smith/libs/libdaisy/build\libdaisy.a(stm32h7xx_hal_tim.o)
                              C:/Users/geoff/Documents/Electro-Smith/libs/libdaisy/build\libdaisy.a(per_tim.o) (HAL_TIM_Base_Init)
C:/Users/geoff/Documents/Electro-Smith/libs/libdaisy/build\libdaisy.a(stm32h7xx_hal_tim_ex.o)
                              C:/Users/geoff/Documents/Electro-Smith/libs/libdaisy/build\libdaisy.a(stm32h7xx_hal_tim.o) (TIMEx_DMACommutationCplt)
C:/Users/geoff/Documents/Electro-Smith/libs/libdaisy/build\libdaisy.a(stm32h7xx_hal_rcc.o)
[...]
Memory Configuration

Name             Origin             Length             Attributes
FLASH            0x08000000         0x00020000         xr
DTCMRAM          0x20000000         0x00020000         xrw
SRAM             0x24000000         0x00080000         xrw
RAM_D2           0x30000000         0x00048000         xrw
RAM_D3           0x38000000         0x00010000         xrw
ITCMRAM          0x00000000         0x00010000         xrw
SDRAM            0xc0000000         0x04000000         xrw
QSPIFLASH        0x90000000         0x00800000         xr
*default*        0x00000000         0xffffffff

Linker script and memory map

LOAD c:/program files (x86)/gnu arm embedded toolchain/9 2020-q2-update/bin/../lib/gcc/arm-none-eabi/9.3.1/thumb/v7e-m+dp/hard/crti.o
LOAD c:/program files (x86)/gnu arm embedded toolchain/9 2020-q2-update/bin/../lib/gcc/arm-none-eabi/9.3.1/thumb/v7e-m+dp/hard/crtbegin.o
LOAD c:/program files (x86)/gnu arm embedded toolchain/9 2020-q2-update/bin/../lib/gcc/arm-none-eabi/9.3.1/../../../../arm-none-eabi/lib/thumb/v7e-m+dp/hard/crt0.o
LOAD build/system_stm32h7xx.o
LOAD build/main.o
LOAD build/startup_stm32h750xx.o
LOAD C:/Users/geoff/Documents/Electro-Smith/libs/libdaisy/build\libdaisy.a
LOAD c:/program files (x86)/gnu arm embedded toolchain/9 2020-q2-update/bin/../lib/gcc/arm-none-eabi/9.3.1/../../../../arm-none-eabi/lib/thumb/v7e-m+dp/hard\libnosys.a
LOAD C:/Users/geoff/Documents/Electro-Smith/libs/DaisySP/build\libdaisysp.a
LOAD c:/program files (x86)/gnu arm embedded toolchain/9 2020-q2-update/bin/../lib/gcc/arm-none-eabi/9.3.1/../../../../arm-none-eabi/lib/thumb/v7e-m+dp/hard\libstdc++_nano.a
LOAD c:/program files (x86)/gnu arm embedded toolchain/9 2020-q2-update/bin/../lib/gcc/arm-none-eabi/9.3.1/../../../../arm-none-eabi/lib/thumb/v7e-m+dp/hard\libm.a
LOAD c:/program files (x86)/gnu arm embedded toolchain/9 2020-q2-update/bin/../lib/gcc/arm-none-eabi/9.3.1/../../../../arm-none-eabi/lib/thumb/v7e-m+dp/hard\libc_nano.a
START GROUP
LOAD c:/program files (x86)/gnu arm embedded toolchain/9 2020-q2-update/bin/../lib/gcc/arm-none-eabi/9.3.1/thumb/v7e-m+dp/hard\libgcc.a
LOAD c:/program files (x86)/gnu arm embedded toolchain/9 2020-q2-update/bin/../lib/gcc/arm-none-eabi/9.3.1/../../../../arm-none-eabi/lib/thumb/v7e-m+dp/hard\libc_nano.a
END GROUP
START GROUP
LOAD c:/program files (x86)/gnu arm embedded toolchain/9 2020-q2-update/bin/../lib/gcc/arm-none-eabi/9.3.1/thumb/v7e-m+dp/hard\libgcc.a
LOAD c:/program files (x86)/gnu arm embedded toolchain/9 2020-q2-update/bin/../lib/gcc/arm-none-eabi/9.3.1/../../../../arm-none-eabi/lib/thumb/v7e-m+dp/hard\libc_nano.a
LOAD c:/program files (x86)/gnu arm embedded toolchain/9 2020-q2-update/bin/../lib/gcc/arm-none-eabi/9.3.1/../../../../arm-none-eabi/lib/thumb/v7e-m+dp/hard\libnosys.a
END GROUP
START GROUP
LOAD c:/program files (x86)/gnu arm embedded toolchain/9 2020-q2-update/bin/../lib/gcc/arm-none-eabi/9.3.1/thumb/v7e-m+dp/hard\libgcc.a
LOAD c:/program files (x86)/gnu arm embedded toolchain/9 2020-q2-update/bin/../lib/gcc/arm-none-eabi/9.3.1/../../../../arm-none-eabi/lib/thumb/v7e-m+dp/hard\libc_nano.a
LOAD c:/program files (x86)/gnu arm embedded toolchain/9 2020-q2-update/bin/../lib/gcc/arm-none-eabi/9.3.1/../../../../arm-none-eabi/lib/thumb/v7e-m+dp/hard\libnosys.a
END GROUP
LOAD c:/program files (x86)/gnu arm embedded toolchain/9 2020-q2-update/bin/../lib/gcc/arm-none-eabi/9.3.1/thumb/v7e-m+dp/hard/crtend.o
LOAD c:/program files (x86)/gnu arm embedded toolchain/9 2020-q2-update/bin/../lib/gcc/arm-none-eabi/9.3.1/thumb/v7e-m+dp/hard/crtn.o
                0x20020000                _estack = 0x20020000

.isr_vector     0x08000000      0x298
                0x08000000                . = ALIGN (0x4)
 *(.isr_vector)
 .isr_vector    0x08000000      0x298 build/startup_stm32h750xx.o
                0x08000000                g_pfnVectors
                0x08000298                . = ALIGN (0x4)

.eh_frame       0x08000298        0x0
 .eh_frame      0x08000298        0x0 c:/program files (x86)/gnu arm embedded toolchain/9 2020-q2-update/bin/../lib/gcc/arm-none-eabi/9.3.1/thumb/v7e-m+dp/hard/crtbegin.o

.text           0x08000298     0x8f28
                0x08000298                . = ALIGN (0x4)
                0x08000298                _stext = .
 *(.text)
 .text          0x08000298       0x40 c:/program files (x86)/gnu arm embedded toolchain/9 2020-q2-update/bin/../lib/gcc/arm-none-eabi/9.3.1/thumb/v7e-m+dp/hard/crtbegin.o
 *(.text*)
 .text.SystemInit
                0x080002d8       0x80 build/system_stm32h7xx.o
                0x080002d8                SystemInit
 .text._ZN5daisy9ParameterD2Ev
                0x08000358        0x4 build/main.o
                0x08000358                daisy::Parameter::~Parameter()
                0x08000358                daisy::Parameter::~Parameter()
 .text._ZN5daisy8DaisyPodD2Ev
                0x0800035c        0x4 build/main.o
                0x0800035c                daisy::DaisyPod::~DaisyPod()
                0x0800035c                daisy::DaisyPod::~DaisyPod()
 .text.__tcf_0  0x08000360        0x4 build/main.o
 .text._ZL8callbackPfS_j
                0x08000364       0xa4 build/main.o
 .text.startup.main
                0x08000408      0x11c build/main.o
                0x08000408                main
 .text.startup._GLOBAL__sub_I_set_colors
                0x08000524       0x4c build/main.o
 .text.Reset_Handler
                0x08000570       0x50 build/startup_stm32h750xx.o
                0x08000570                Reset_Handler
 .text.Default_Handler
                0x080005c0        0x2 build/startup_stm32h750xx.o
                0x080005c0                RTC_Alarm_IRQHandler
                0x080005c0                HASH_RNG_IRQHandler
                0x080005c0                EXTI2_IRQHandler
                0x080005c0                TIM8_CC_IRQHandler
                0x080005c0                HRTIM1_Master_IRQHandler
                0x080005c0                DebugMon_Handler
                0x080005c0                UART8_IRQHandler
                0x080005c0                SPI4_IRQHandler
                0x080005c0                TIM1_CC_IRQHandler
                0x080005c0                BDMA_Channel6_IRQHandler
                0x080005c0                DMA2_Stream5_IRQHandler
                0x080005c0                HRTIM1_FLT_IRQHandler
                0x080005c0                JPEG_IRQHandler
                0x080005c0                DMA1_Stream5_IRQHandler
                0x080005c0                BDMA_Channel1_IRQHandler
                0x080005c0                HRTIM1_TIMD_IRQHandler
                0x080005c0                TAMP_STAMP_IRQHandler
                0x080005c0                PendSV_Handler
                0x080005c0                NMI_Handler
                0x080005c0                EXTI3_IRQHandler
                0x080005c0                LPTIM4_IRQHandler
                0x080005c0                TIM8_TRG_COM_TIM14_IRQHandler
                0x080005c0                LPTIM2_IRQHandler
                0x080005c0                DFSDM1_FLT1_IRQHandler
                0x080005c0                DMAMUX2_OVR_IRQHandler
                0x080005c0                TIM8_UP_TIM13_IRQHandler
                0x080005c0                I2C3_ER_IRQHandler
                0x080005c0                DFSDM1_FLT2_IRQHandler
                0x080005c0                MDMA_IRQHandler
                0x080005c0                LPTIM3_IRQHandler
                0x080005c0                HSEM1_IRQHandler
                0x080005c0                EXTI0_IRQHandler
                0x080005c0                I2C2_EV_IRQHandler
                0x080005c0                FPU_IRQHandler
                0x080005c0                OTG_HS_WKUP_IRQHandler
                0x080005c0                FDCAN1_IT1_IRQHandler
                0x080005c0                UsageFault_Handler
                0x080005c0                LTDC_ER_IRQHandler
                0x080005c0                DMA2_Stream2_IRQHandler
                0x080005c0                HRTIM1_TIME_IRQHandler
                0x080005c0                SPI1_IRQHandler
                0x080005c0                TIM6_DAC_IRQHandler
                0x080005c0                DCMI_IRQHandler
                0x080005c0                HRTIM1_TIMC_IRQHandler
                0x080005c0                DMA2_Stream3_IRQHandler
                0x080005c0                SAI2_IRQHandler
                0x080005c0                DFSDM1_FLT3_IRQHandler
                0x080005c0                USART6_IRQHandler
                0x080005c0                TIM17_IRQHandler
                0x080005c0                USART3_IRQHandler
                0x080005c0                BDMA_Channel7_IRQHandler
                0x080005c0                CRYP_IRQHandler
                0x080005c0                LPTIM5_IRQHandler
                0x080005c0                UART5_IRQHandler
                0x080005c0                ADC3_IRQHandler
                0x080005c0                DMA2_Stream0_IRQHandler
                0x080005c0                TIM4_IRQHandler
                0x080005c0                BDMA_Channel2_IRQHandler
                0x080005c0                I2C1_EV_IRQHandler
                0x080005c0                DMA1_Stream6_IRQHandler
                0x080005c0                DMAMUX1_OVR_IRQHandler
                0x080005c0                TIM16_IRQHandler
                0x080005c0                UART4_IRQHandler
                0x080005c0                BDMA_Channel5_IRQHandler
                0x080005c0                TIM3_IRQHandler
                0x080005c0                RCC_IRQHandler
                0x080005c0                TIM8_BRK_TIM12_IRQHandler
                0x080005c0                TIM1_TRG_COM_IRQHandler
                0x080005c0                Default_Handler
                0x080005c0                ECC_IRQHandler
                0x080005c0                CEC_IRQHandler
                0x080005c0                EXTI15_10_IRQHandler
                0x080005c0                BDMA_Channel0_IRQHandler
                0x080005c0                ADC_IRQHandler
                0x080005c0                DMA1_Stream7_IRQHandler
                0x080005c0                HRTIM1_TIMA_IRQHandler
                0x080005c0                SPI5_IRQHandler
                0x080005c0                TIM7_IRQHandler
                0x080005c0                SDMMC1_IRQHandler
                0x080005c0                TIM5_IRQHandler
                0x080005c0                DMA2_Stream7_IRQHandler
                0x080005c0                TIM15_IRQHandler
                0x080005c0                PVD_AVD_IRQHandler
                0x080005c0                I2C3_EV_IRQHandler
                0x080005c0                EXTI9_5_IRQHandler
                0x080005c0                RTC_WKUP_IRQHandler
                0x080005c0                LTDC_IRQHandler
                0x080005c0                SAI3_IRQHandler
                0x080005c0                ETH_WKUP_IRQHandler
                0x080005c0                SPDIF_RX_IRQHandler
                0x080005c0                SPI2_IRQHandler
                0x080005c0                OTG_HS_EP1_IN_IRQHandler
                0x080005c0                MemManage_Handler
                0x080005c0                SVC_Handler
                0x080005c0                CRS_IRQHandler
                0x080005c0                EXTI4_IRQHandler
                0x080005c0                HRTIM1_TIMB_IRQHandler
                0x080005c0                FDCAN2_IT1_IRQHandler
                0x080005c0                ETH_IRQHandler
                0x080005c0                TIM1_UP_IRQHandler
                0x080005c0                BDMA_Channel4_IRQHandler
                0x080005c0                OTG_HS_EP1_OUT_IRQHandler
                0x080005c0                WWDG_IRQHandler
                0x080005c0                SPI6_IRQHandler
                0x080005c0                MDIOS_IRQHandler
                0x080005c0                I2C4_EV_IRQHandler
                0x080005c0                FDCAN2_IT0_IRQHandler
                0x080005c0                LPUART1_IRQHandler
                0x080005c0                FDCAN1_IT0_IRQHandler
                0x080005c0                TIM2_IRQHandler
                0x080005c0                OTG_FS_WKUP_IRQHandler
                0x080005c0                OTG_HS_IRQHandler
                0x080005c0                DMA2D_IRQHandler
                0x080005c0                TIM1_BRK_IRQHandler
                0x080005c0                EXTI1_IRQHandler
                0x080005c0                SDMMC2_IRQHandler
                0x080005c0                OTG_FS_EP1_OUT_IRQHandler
                0x080005c0                BDMA_Channel3_IRQHandler
                0x080005c0                UART7_IRQHandler
                0x080005c0                MDIOS_WKUP_IRQHandler
                0x080005c0                USART2_IRQHandler
                0x080005c0                DFSDM1_FLT0_IRQHandler
                0x080005c0                SAI4_IRQHandler
                0x080005c0                I2C2_ER_IRQHandler
                0x080005c0                DMA2_Stream1_IRQHandler
                0x080005c0                FLASH_IRQHandler
                0x080005c0                DMA2_Stream4_IRQHandler
                0x080005c0                BusFault_Handler
                0x080005c0                USART1_IRQHandler
                0x080005c0                OTG_FS_IRQHandler
                0x080005c0                SPI3_IRQHandler
                0x080005c0                WAKEUP_PIN_IRQHandler
                0x080005c0                OTG_FS_EP1_IN_IRQHandler
                0x080005c0                I2C1_ER_IRQHandler
                0x080005c0                FMC_IRQHandler
                0x080005c0                FDCAN_CAL_IRQHandler
                0x080005c0                SWPMI1_IRQHandler
                0x080005c0                COMP1_IRQHandler
                0x080005c0                LPTIM1_IRQHandler
                0x080005c0                I2C4_ER_IRQHandler
                0x080005c0                DMA2_Stream6_IRQHandler
                0x080005c0                SAI1_IRQHandler
 *fill*         0x080005c2        0x2 
 .text._ZN5daisy8DaisyPod10StartAudioEPFvPfS1_jE
                0x080005c4       0x14 C:/Users/geoff/Documents/Electro-Smith/libs/libdaisy/build\libdaisy.a(daisy_pod.o)
                0x080005c4                daisy::DaisyPod::StartAudio(void (*)(float*, float*, unsigned int))
 .text._ZN5daisy8DaisyPod9ClearLedsEv
                0x080005d8       0x3c C:/Users/geoff/Documents/Electro-Smith/libs/libdaisy/build\libdaisy.a(daisy_pod.o)
                0x080005d8                daisy::DaisyPod::ClearLeds()
 .text._ZN5daisy8DaisyPod10UpdateLedsEv
                0x08000614       0x18 C:/Users/geoff/Documents/Electro-Smith/libs/libdaisy/build\libdaisy.a(daisy_pod.o)
                0x08000614                daisy::DaisyPod::UpdateLeds()
 .text._ZN5daisy8DaisyPod8InitLedsEv
                0x0800062c       0xc4 C:/Users/geoff/Documents/Electro-Smith/libs/libdaisy/build\libdaisy.a(daisy_pod.o)
                0x0800062c                daisy::DaisyPod::InitLeds()
 .text._ZN5daisy8DaisyPod9InitKnobsEv
                0x080006f0       0x9c C:/Users/geoff/Documents/Electro-Smith/libs/libdaisy/build\libdaisy.a(daisy_pod.o)
                0x080006f0                daisy::DaisyPod::InitKnobs()
 .text._ZN5daisy8DaisyPod4InitEv
                0x0800078c       0xdc C:/Users/geoff/Documents/Electro-Smith/libs/libdaisy/build\libdaisy.a(daisy_pod.o)
                0x0800078c                daisy::DaisyPod::Init()
 .text._ZN5daisy16AdcChannelConfig10InitSingleE12dsy_gpio_pin
                0x08000868       0x24 C:/Users/geoff/Documents/Electro-Smith/libs/libdaisy/build\libdaisy.a(per_adc.o)
                0x08000868                daisy::AdcChannelConfig::InitSingle(dsy_gpio_pin)
 .text._ZN5daisy9AdcHandle4InitEPNS_16AdcChannelConfigEjNS0_12OverSamplingE
                0x0800088c      0x54c C:/Users/geoff/Documents/Electro-Smith/libs/libdaisy/build\libdaisy.a(per_adc.o)
                0x0800088c                daisy::AdcHandle::Init(daisy::AdcChannelConfig*, unsigned int, daisy::AdcHandle::OverSampling)
 .text._ZN5daisy9AdcHandle6GetPtrEh
                0x08000dd8       0x14 C:/Users/geoff/Documents/Electro-Smith/libs/libdaisy/build\libdaisy.a(per_adc.o)
                0x08000dd8                daisy::AdcHandle::GetPtr(unsigned char)
 .text.HAL_ADC_MspInit
                0x08000dec       0x88 C:/Users/geoff/Documents/Electro-Smith/libs/libdaisy/build\libdaisy.a(per_adc.o)
                0x08000dec                HAL_ADC_MspInit
 .text.DMA1_Stream2_IRQHandler
                0x08000e74        0xc C:/Users/geoff/Documents/Electro-Smith/libs/libdaisy/build\libdaisy.a(per_adc.o)
                0x08000e74                DMA1_Stream2_IRQHandler
 .text.combined_callback
                0x08000e80      0x3d4 C:/Users/geoff/Documents/Electro-Smith/libs/libdaisy/build\libdaisy.a(hid_audio.o)
 .text.dsy_audio_passthru
                0x08001254        0xc C:/Users/geoff/Documents/Electro-Smith/libs/libdaisy/build\libdaisy.a(hid_audio.o)
                0x08001254                dsy_audio_passthru
 .text.internal_callback
                0x08001260      0x19c C:/Users/geoff/Documents/Electro-Smith/libs/libdaisy/build\libdaisy.a(hid_audio.o)
 .text.DMA1_Stream0_IRQHandler
                0x080013fc        0xc C:/Users/geoff/Documents/Electro-Smith/libs/libdaisy/build\libdaisy.a(hid_audio.o)
                0x080013fc                DMA1_Stream0_IRQHandler
 .text.DMA1_Stream1_IRQHandler
                0x08001408        0xc C:/Users/geoff/Documents/Electro-Smith/libs/libdaisy/build\libdaisy.a(hid_audio.o)
                0x08001408                DMA1_Stream1_IRQHandler
 .text.DMA1_Stream3_IRQHandler
                0x08001414        0xc C:/Users/geoff/Documents/Electro-Smith/libs/libdaisy/build\libdaisy.a(hid_audio.o)
                0x08001414                DMA1_Stream3_IRQHandler
 .text.DMA1_Stream4_IRQHandler
                0x08001420        0xc C:/Users/geoff/Documents/Electro-Smith/libs/libdaisy/build\libdaisy.a(hid_audio.o)
                0x08001420                DMA1_Stream4_IRQHandler
 .text.dsy_audio_init
                0x0800142c      0x238 C:/Users/geoff/Documents/Electro-Smith/libs/libdaisy/build\libdaisy.a(hid_audio.o)
                0x0800142c                dsy_audio_init
 .text.dsy_audio_set_callback
                0x08001664       0x20 C:/Users/geoff/Documents/Electro-Smith/libs/libdaisy/build\libdaisy.a(hid_audio.o)
                0x08001664                dsy_audio_set_callback
 .text.dsy_audio_set_blocksize
                0x08001684       0x2c C:/Users/geoff/Documents/Electro-Smith/libs/libdaisy/build\libdaisy.a(hid_audio.o)
                0x08001684                dsy_audio_set_blocksize
 .text.dsy_audio_start
                0x080016b0       0xac C:/Users/geoff/Documents/Electro-Smith/libs/libdaisy/build\libdaisy.a(hid_audio.o)
                0x080016b0                dsy_audio_start
 .text.HAL_SAI_RxHalfCpltCallback
                0x0800175c       0x2c C:/Users/geoff/Documents/Electro-Smith/libs/libdaisy/build\libdaisy.a(hid_audio.o)
                0x0800175c                HAL_SAI_RxHalfCpltCallback
 .text.HAL_SAI_RxCpltCallback
                0x08001788       0x3c C:/Users/geoff/Documents/Electro-Smith/libs/libdaisy/build\libdaisy.a(hid_audio.o)
                0x08001788                HAL_SAI_RxCpltCallback
 .text.dsy_i2c_init
                0x080017c4       0xcc C:/Users/geoff/Documents/Electro-Smith/libs/libdaisy/build\libdaisy.a(per_i2c.o)
                0x080017c4                dsy_i2c_init
 .text.HAL_I2C_MspInit
                0x08001890      0x2a8 C:/Users/geoff/Documents/Electro-Smith/libs/libdaisy/build\libdaisy.a(per_i2c.o)
                0x08001890                HAL_I2C_MspInit
 .text.dsy_sai2_init
                0x08001b38       0x78 C:/Users/geoff/Documents/Electro-Smith/libs/libdaisy/build\libdaisy.a(per_sai.o)
 .text.dsy_sai_blocks_init.constprop.0
                0x08001bb0       0xa4 C:/Users/geoff/Documents/Electro-Smith/libs/libdaisy/build\libdaisy.a(per_sai.o)
 .text.dsy_sai_init_from_handle
                0x08001c54       0x88 C:/Users/geoff/Documents/Electro-Smith/libs/libdaisy/build\libdaisy.a(per_sai.o)
                0x08001c54                dsy_sai_init_from_handle
 .text.HAL_SAI_MspInit
                0x08001cdc      0x41c C:/Users/geoff/Documents/Electro-Smith/libs/libdaisy/build\libdaisy.a(per_sai.o)
                0x08001cdc                HAL_SAI_MspInit
 .text.dsy_gpio_init
                0x080020f8       0x58 C:/Users/geoff/Documents/Electro-Smith/libs/libdaisy/build\libdaisy.a(per_gpio.o)
                0x080020f8                dsy_gpio_init
 .text.dsy_gpio_read
                0x08002150       0x1c C:/Users/geoff/Documents/Electro-Smith/libs/libdaisy/build\libdaisy.a(per_gpio.o)
                0x08002150                dsy_gpio_read
 .text.dsy_gpio_write
                0x0800216c       0x24 C:/Users/geoff/Documents/Electro-Smith/libs/libdaisy/build\libdaisy.a(per_gpio.o)
                0x0800216c                dsy_gpio_write
 .text.dsy_tim_init
                0x08002190       0x70 C:/Users/geoff/Documents/Electro-Smith/libs/libdaisy/build\libdaisy.a(per_tim.o)
                0x08002190                dsy_tim_init
 .text.dsy_tim_start
                0x08002200        0xc C:/Users/geoff/Documents/Electro-Smith/libs/libdaisy/build\libdaisy.a(per_tim.o)
                0x08002200                dsy_tim_start
 .text.HAL_TIM_Base_MspInit
                0x0800220c       0x30 C:/Users/geoff/Documents/Electro-Smith/libs/libdaisy/build\libdaisy.a(per_tim.o)
                0x0800220c                HAL_TIM_Base_MspInit
 .text._ZN5daisy13AnalogControl4InitEPtfbbf
                0x0800223c       0x34 C:/Users/geoff/Documents/Electro-Smith/libs/libdaisy/build\libdaisy.a(hid_ctrl.o)
                0x0800223c                daisy::AnalogControl::Init(unsigned short*, float, bool, bool, float)
 .text._ZN5daisy13AnalogControl7ProcessEv
                0x08002270       0x48 C:/Users/geoff/Documents/Electro-Smith/libs/libdaisy/build\libdaisy.a(hid_ctrl.o)
                0x08002270                daisy::AnalogControl::Process()
 .text._ZN5daisy7Encoder4InitE12dsy_gpio_pinS1_S1_f
                0x080022b8       0x4c C:/Users/geoff/Documents/Electro-Smith/libs/libdaisy/build\libdaisy.a(hid_encoder.o)
                0x080022b8                daisy::Encoder::Init(dsy_gpio_pin, dsy_gpio_pin, dsy_gpio_pin, float)
 .text._ZN5daisy7Encoder8DebounceEv
                0x08002304       0x60 C:/Users/geoff/Documents/Electro-Smith/libs/libdaisy/build\libdaisy.a(hid_encoder.o)
                0x08002304                daisy::Encoder::Debounce()
 .text._ZN5daisy9Parameter4InitENS_13AnalogControlEffNS0_5CurveE
                0x08002364       0x6c C:/Users/geoff/Documents/Electro-Smith/libs/libdaisy/build\libdaisy.a(hid_parameter.o)
                0x08002364                daisy::Parameter::Init(daisy::AnalogControl, float, float, daisy::Parameter::Curve)
 .text._ZN5daisy9Parameter7ProcessEv
                0x080023d0       0xa4 C:/Users/geoff/Documents/Electro-Smith/libs/libdaisy/build\libdaisy.a(hid_parameter.o)
                0x080023d0                daisy::Parameter::Process()
 .text._ZN5daisy6RgbLed4InitE12dsy_gpio_pinS1_S1_b
                0x08002474       0x50 C:/Users/geoff/Documents/Electro-Smith/libs/libdaisy/build\libdaisy.a(hid_rgb_led.o)
                0x08002474                daisy::RgbLed::Init(dsy_gpio_pin, dsy_gpio_pin, dsy_gpio_pin, bool)
 .text._ZN5daisy6RgbLed8SetColorENS_5ColorE
                0x080024c4       0x2c C:/Users/geoff/Documents/Electro-Smith/libs/libdaisy/build\libdaisy.a(hid_rgb_led.o)
                0x080024c4                daisy::RgbLed::SetColor(daisy::Color)
 .text._ZN5daisy6RgbLed6UpdateEv
                0x080024f0       0x1c C:/Users/geoff/Documents/Electro-Smith/libs/libdaisy/build\libdaisy.a(hid_rgb_led.o)
                0x080024f0                daisy::RgbLed::Update()
 .text._ZN5daisy6Switch4InitE12dsy_gpio_pinf
                0x0800250c       0x38 C:/Users/geoff/Documents/Electro-Smith/libs/libdaisy/build\libdaisy.a(hid_switch.o)
                0x0800250c                daisy::Switch::Init(dsy_gpio_pin, float)
 .text._ZN5daisy6Switch8DebounceEv
                0x08002544       0x4c C:/Users/geoff/Documents/Electro-Smith/libs/libdaisy/build\libdaisy.a(hid_switch.o)
                0x08002544                daisy::Switch::Debounce()
 .text.dsy_hal_map_get_port
                0x08002590       0x10 C:/Users/geoff/Documents/Electro-Smith/libs/libdaisy/build\libdaisy.a(util_hal_map.o)
                0x08002590                dsy_hal_map_get_port
 .text.dsy_hal_map_get_pin
                0x080025a0       0x10 C:/Users/geoff/Documents/Electro-Smith/libs/libdaisy/build\libdaisy.a(util_hal_map.o)
                0x080025a0                dsy_hal_map_get_pin
 .text.dsy_hal_map_get_i2c
                0x080025b0       0x28 C:/Users/geoff/Documents/Electro-Smith/libs/libdaisy/build\libdaisy.a(util_hal_map.o)
                0x080025b0                dsy_hal_map_get_i2c
 .text._ZN5daisy5Color4InitENS0_11PresetColorE
                0x080025d8       0x24 C:/Users/geoff/Documents/Electro-Smith/libs/libdaisy/build\libdaisy.a(util_color.o)
                0x080025d8                daisy::Color::Init(daisy::Color::PresetColor)
 .text._ZN5daisy5Color4InitEfff
                0x080025fc       0x10 C:/Users/geoff/Documents/Electro-Smith/libs/libdaisy/build\libdaisy.a(util_color.o)
                0x080025fc                daisy::Color::Init(float, float, float)
 .text.HAL_ADC_ConfigChannel
                0x0800260c      0x3fc C:/Users/geoff/Documents/Electro-Smith/libs/libdaisy/build\libdaisy.a(stm32h7xx_hal_adc.o)
                0x0800260c                HAL_ADC_ConfigChannel
 .text.ADC_ConfigureBoostMode
                0x08002a08      0x190 C:/Users/geoff/Documents/Electro-Smith/libs/libdaisy/build\libdaisy.a(stm32h7xx_hal_adc.o)
                0x08002a08                ADC_ConfigureBoostMode
 .text.HAL_ADC_Init
                0x08002b98      0x214 C:/Users/geoff/Documents/Electro-Smith/libs/libdaisy/build\libdaisy.a(stm32h7xx_hal_adc.o)
                0x08002b98                HAL_ADC_Init
 .text.HAL_ADCEx_MultiModeConfigChannel
                0x08002dac       0xc4 C:/Users/geoff/Documents/Electro-Smith/libs/libdaisy/build\libdaisy.a(stm32h7xx_hal_adc_ex.o)
                0x08002dac                HAL_ADCEx_MultiModeConfigChannel
 .text.I2C_WaitOnTXISFlagUntilTimeout
                0x08002e70       0xb8 C:/Users/geoff/Documents/Electro-Smith/libs/libdaisy/build\libdaisy.a(stm32h7xx_hal_i2c.o)
 .text.I2C_WaitOnSTOPFlagUntilTimeout
                0x08002f28       0xac C:/Users/geoff/Documents/Electro-Smith/libs/libdaisy/build\libdaisy.a(stm32h7xx_hal_i2c.o)
 .text.HAL_I2C_Init
                0x08002fd4       0xa8 C:/Users/geoff/Documents/Electro-Smith/libs/libdaisy/build\libdaisy.a(stm32h7xx_hal_i2c.o)
                0x08002fd4                HAL_I2C_Init
 .text.HAL_I2C_Master_Transmit
                0x0800307c      0x1b4 C:/Users/geoff/Documents/Electro-Smith/libs/libdaisy/build\libdaisy.a(stm32h7xx_hal_i2c.o)
                0x0800307c                HAL_I2C_Master_Transmit
 .text.HAL_I2CEx_ConfigAnalogFilter
                0x08003230       0x58 C:/Users/geoff/Documents/Electro-Smith/libs/libdaisy/build\libdaisy.a(stm32h7xx_hal_i2c_ex.o)
                0x08003230                HAL_I2CEx_ConfigAnalogFilter
 .text.HAL_I2CEx_ConfigDigitalFilter
                0x08003288       0x54 C:/Users/geoff/Documents/Electro-Smith/libs/libdaisy/build\libdaisy.a(stm32h7xx_hal_i2c_ex.o)
                0x08003288                HAL_I2CEx_ConfigDigitalFilter
 .text.HAL_SAI_Init.part.0
                0x080032dc      0x364 C:/Users/geoff/Documents/Electro-Smith/libs/libdaisy/build\libdaisy.a(stm32h7xx_hal_sai.o)
 .text.HAL_SAI_InitProtocol
                0x08003640      0x184 C:/Users/geoff/Documents/Electro-Smith/libs/libdaisy/build\libdaisy.a(stm32h7xx_hal_sai.o)
                0x08003640                HAL_SAI_InitProtocol
 .text.HAL_SAI_Transmit_DMA
                0x080037c4      0x124 C:/Users/geoff/Documents/Electro-Smith/libs/libdaisy/build\libdaisy.a(stm32h7xx_hal_sai.o)
                0x080037c4                HAL_SAI_Transmit_DMA
 .text.HAL_SAI_Receive_DMA
                0x080038e8       0xcc C:/Users/geoff/Documents/Electro-Smith/libs/libdaisy/build\libdaisy.a(stm32h7xx_hal_sai.o)
                0x080038e8                HAL_SAI_Receive_DMA
 .text.HAL_SAI_TxCpltCallback
                0x080039b4        0x4 C:/Users/geoff/Documents/Electro-Smith/libs/libdaisy/build\libdaisy.a(stm32h7xx_hal_sai.o)
                0x080039b4                HAL_SAI_TxCpltCallback
 .text.SAI_DMATxCplt
                0x080039b8       0x60 C:/Users/geoff/Documents/Electro-Smith/libs/libdaisy/build\libdaisy.a(stm32h7xx_hal_sai.o)
 .text.HAL_SAI_TxHalfCpltCallback
                0x08003a18        0x4 C:/Users/geoff/Documents/Electro-Smith/libs/libdaisy/build\libdaisy.a(stm32h7xx_hal_sai.o)
                0x08003a18                HAL_SAI_TxHalfCpltCallback
 .text.SAI_DMATxHalfCplt
                0x08003a1c        0xc C:/Users/geoff/Documents/Electro-Smith/libs/libdaisy/build\libdaisy.a(stm32h7xx_hal_sai.o)
 .text.SAI_DMARxCplt
                0x08003a28       0x60 C:/Users/geoff/Documents/Electro-Smith/libs/libdaisy/build\libdaisy.a(stm32h7xx_hal_sai.o)
 .text.SAI_DMARxHalfCplt
                0x08003a88        0xc C:/Users/geoff/Documents/Electro-Smith/libs/libdaisy/build\libdaisy.a(stm32h7xx_hal_sai.o)
 .text.HAL_SAI_ErrorCallback
                0x08003a94        0x4 C:/Users/geoff/Documents/Electro-Smith/libs/libdaisy/build\libdaisy.a(stm32h7xx_hal_sai.o)
                0x08003a94                HAL_SAI_ErrorCallback
 .text.SAI_DMAError
                0x08003a98       0x6c C:/Users/geoff/Documents/Electro-Smith/libs/libdaisy/build\libdaisy.a(stm32h7xx_hal_sai.o)
 .text.HAL_TIM_Base_Init
                0x08003b04      0x130 C:/Users/geoff/Documents/Electro-Smith/libs/libdaisy/build\libdaisy.a(stm32h7xx_hal_tim.o)
                0x08003b04                HAL_TIM_Base_Init
 .text.HAL_TIM_Base_Start
                0x08003c34       0x38 C:/Users/geoff/Documents/Electro-Smith/libs/libdaisy/build\libdaisy.a(stm32h7xx_hal_tim.o)
                0x08003c34                HAL_TIM_Base_Start
 .text.HAL_TIM_ConfigClockSource
                0x08003c6c      0x17c C:/Users/geoff/Documents/Electro-Smith/libs/libdaisy/build\libdaisy.a(stm32h7xx_hal_tim.o)
                0x08003c6c                HAL_TIM_ConfigClockSource
 .text.HAL_TIMEx_MasterConfigSynchronization
                0x08003de8       0x60 C:/Users/geoff/Documents/Electro-Smith/libs/libdaisy/build\libdaisy.a(stm32h7xx_hal_tim_ex.o)
                0x08003de8                HAL_TIMEx_MasterConfigSynchronization
 .text.HAL_RCC_OscConfig
                0x08003e48      0x538 C:/Users/geoff/Documents/Electro-Smith/libs/libdaisy/build\libdaisy.a(stm32h7xx_hal_rcc.o)
                0x08003e48                HAL_RCC_OscConfig
 .text.HAL_RCC_GetSysClockFreq
                0x08004380      0x140 C:/Users/geoff/Documents/Electro-Smith/libs/libdaisy/build\libdaisy.a(stm32h7xx_hal_rcc.o)
                0x08004380                HAL_RCC_GetSysClockFreq
 .text.HAL_RCC_ClockConfig
                0x080044c0      0x234 C:/Users/geoff/Documents/Electro-Smith/libs/libdaisy/build\libdaisy.a(stm32h7xx_hal_rcc.o)
                0x080044c0                HAL_RCC_ClockConfig
 .text.HAL_RCC_GetHCLKFreq
                0x080046f4       0x2c C:/Users/geoff/Documents/Electro-Smith/libs/libdaisy/build\libdaisy.a(stm32h7xx_hal_rcc.o)
                0x080046f4                HAL_RCC_GetHCLKFreq
 .text.RCCEx_PLL2_Config
                0x08004720       0xf8 C:/Users/geoff/Documents/Electro-Smith/libs/libdaisy/build\libdaisy.a(stm32h7xx_hal_rcc_ex.o)
 .text.RCCEx_PLL3_Config
                0x08004818       0xf8 C:/Users/geoff/Documents/Electro-Smith/libs/libdaisy/build\libdaisy.a(stm32h7xx_hal_rcc_ex.o)
 .text.HAL_RCCEx_PeriphCLKConfig
                0x08004910      0xa7c C:/Users/geoff/Documents/Electro-Smith/libs/libdaisy/build\libdaisy.a(stm32h7xx_hal_rcc_ex.o)
                0x08004910                HAL_RCCEx_PeriphCLKConfig
 .text.HAL_RCCEx_GetPLL2ClockFreq
                0x0800538c      0x17c C:/Users/geoff/Documents/Electro-Smith/libs/libdaisy/build\libdaisy.a(stm32h7xx_hal_rcc_ex.o)
                0x0800538c                HAL_RCCEx_GetPLL2ClockFreq
 .text.HAL_RCCEx_GetPLL3ClockFreq
                0x08005508      0x17c C:/Users/geoff/Documents/Electro-Smith/libs/libdaisy/build\libdaisy.a(stm32h7xx_hal_rcc_ex.o)
                0x08005508                HAL_RCCEx_GetPLL3ClockFreq
 .text.HAL_RCCEx_GetPLL1ClockFreq
                0x08005684      0x17c C:/Users/geoff/Documents/Electro-Smith/libs/libdaisy/build\libdaisy.a(stm32h7xx_hal_rcc_ex.o)
                0x08005684                HAL_RCCEx_GetPLL1ClockFreq
 .text.HAL_RCCEx_GetPeriphCLKFreq
                0x08005800      0x198 C:/Users/geoff/Documents/Electro-Smith/libs/libdaisy/build\libdaisy.a(stm32h7xx_hal_rcc_ex.o)
                0x08005800                HAL_RCCEx_GetPeriphCLKFreq
 .text.HAL_RCCEx_GetD1SysClockFreq
                0x08005998       0x2c C:/Users/geoff/Documents/Electro-Smith/libs/libdaisy/build\libdaisy.a(stm32h7xx_hal_rcc_ex.o)
                0x08005998                HAL_RCCEx_GetD1SysClockFreq
 .text.HAL_GPIO_Init
                0x080059c4      0x248 C:/Users/geoff/Documents/Electro-Smith/libs/libdaisy/build\libdaisy.a(stm32h7xx_hal_gpio.o)
                0x080059c4                HAL_GPIO_Init
 .text.HAL_GPIO_DeInit
                0x08005c0c      0x19c C:/Users/geoff/Documents/Electro-Smith/libs/libdaisy/build\libdaisy.a(stm32h7xx_hal_gpio.o)
                0x08005c0c                HAL_GPIO_DeInit
 .text.HAL_GPIO_ReadPin
                0x08005da8        0xc C:/Users/geoff/Documents/Electro-Smith/libs/libdaisy/build\libdaisy.a(stm32h7xx_hal_gpio.o)
                0x08005da8                HAL_GPIO_ReadPin
 .text.HAL_GPIO_WritePin
                0x08005db4        0x8 C:/Users/geoff/Documents/Electro-Smith/libs/libdaisy/build\libdaisy.a(stm32h7xx_hal_gpio.o)
                0x08005db4                HAL_GPIO_WritePin
 .text.DMA_CalcBaseAndBitshift
                0x08005dbc       0xf8 C:/Users/geoff/Documents/Electro-Smith/libs/libdaisy/build\libdaisy.a(stm32h7xx_hal_dma.o)
 .text.DMA_CalcDMAMUXChannelBaseAndMask
                0x08005eb4       0xd8 C:/Users/geoff/Documents/Electro-Smith/libs/libdaisy/build\libdaisy.a(stm32h7xx_hal_dma.o)
 .text.HAL_DMA_Init
                0x08005f8c      0x394 C:/Users/geoff/Documents/Electro-Smith/libs/libdaisy/build\libdaisy.a(stm32h7xx_hal_dma.o)
                0x08005f8c                HAL_DMA_Init
 .text.HAL_DMA_Start_IT
                0x08006320      0x250 C:/Users/geoff/Documents/Electro-Smith/libs/libdaisy/build\libdaisy.a(stm32h7xx_hal_dma.o)
                0x08006320                HAL_DMA_Start_IT
 .text.HAL_DMA_IRQHandler
                0x08006570      0x6bc C:/Users/geoff/Documents/Electro-Smith/libs/libdaisy/build\libdaisy.a(stm32h7xx_hal_dma.o)
                0x08006570                HAL_DMA_IRQHandler
 .text.HAL_DMA_GetError
                0x08006c2c        0x4 C:/Users/geoff/Documents/Electro-Smith/libs/libdaisy/build\libdaisy.a(stm32h7xx_hal_dma.o)
                0x08006c2c                HAL_DMA_GetError
 .text.HAL_MspInit
                0x08006c30        0x4 C:/Users/geoff/Documents/Electro-Smith/libs/libdaisy/build\libdaisy.a(stm32h7xx_hal.o)
                0x08006c30                HAL_MspInit
 .text.HAL_InitTick
                0x08006c34       0x4c C:/Users/geoff/Documents/Electro-Smith/libs/libdaisy/build\libdaisy.a(stm32h7xx_hal.o)
                0x08006c34                HAL_InitTick
 .text.HAL_Init
                0x08006c80       0x5c C:/Users/geoff/Documents/Electro-Smith/libs/libdaisy/build\libdaisy.a(stm32h7xx_hal.o)
                0x08006c80                HAL_Init
 .text.HAL_IncTick
                0x08006cdc       0x18 C:/Users/geoff/Documents/Electro-Smith/libs/libdaisy/build\libdaisy.a(stm32h7xx_hal.o)
                0x08006cdc                HAL_IncTick
 .text.HAL_GetTick
                0x08006cf4        0xc C:/Users/geoff/Documents/Electro-Smith/libs/libdaisy/build\libdaisy.a(stm32h7xx_hal.o)
                0x08006cf4                HAL_GetTick
 .text.HAL_Delay
                0x08006d00       0x24 C:/Users/geoff/Documents/Electro-Smith/libs/libdaisy/build\libdaisy.a(stm32h7xx_hal.o)
                0x08006d00                HAL_Delay
 .text.HAL_GetREVID
                0x08006d24        0xc C:/Users/geoff/Documents/Electro-Smith/libs/libdaisy/build\libdaisy.a(stm32h7xx_hal.o)
                0x08006d24                HAL_GetREVID
 .text._ZN5daisy9DaisySeed9ConfigureEv
                0x08006d30       0xe0 C:/Users/geoff/Documents/Electro-Smith/libs/libdaisy/build\libdaisy.a(daisy_seed.o)
                0x08006d30                daisy::DaisySeed::Configure()
 .text._ZN5daisy9DaisySeed4InitEv
                0x08006e10       0x34 C:/Users/geoff/Documents/Electro-Smith/libs/libdaisy/build\libdaisy.a(daisy_seed.o)
                0x08006e10                daisy::DaisySeed::Init()
 .text._ZN5daisy9DaisySeed6GetPinEh
                0x08006e44       0x2c C:/Users/geoff/Documents/Electro-Smith/libs/libdaisy/build\libdaisy.a(daisy_seed.o)
                0x08006e44                daisy::DaisySeed::GetPin(unsigned char)
 .text.codec_pcm3060_init
                0x08006e70       0x80 C:/Users/geoff/Documents/Electro-Smith/libs/libdaisy/build\libdaisy.a(dev_codec_pcm3060.o)
                0x08006e70                codec_pcm3060_init
 .text.codec_wm8731_init
                0x08006ef0      0x20c C:/Users/geoff/Documents/Electro-Smith/libs/libdaisy/build\libdaisy.a(dev_codec_wm8731.o)
                0x08006ef0                codec_wm8731_init
 .text.codec_ak4556_init
                0x080070fc       0x34 C:/Users/geoff/Documents/Electro-Smith/libs/libdaisy/build\libdaisy.a(dev_codec_ak4556.o)
                0x080070fc                codec_ak4556_init
 .text.dsy_qspi_init
                0x08007130      0x390 C:/Users/geoff/Documents/Electro-Smith/libs/libdaisy/build\libdaisy.a(per_qspi.o)
                0x08007130                dsy_qspi_init
 .text.HAL_QSPI_MspInit
                0x080074c0      0x10c C:/Users/geoff/Documents/Electro-Smith/libs/libdaisy/build\libdaisy.a(per_qspi.o)
                0x080074c0                HAL_QSPI_MspInit
 .text.HAL_QSPI_MspDeInit
                0x080075cc       0x58 C:/Users/geoff/Documents/Electro-Smith/libs/libdaisy/build\libdaisy.a(per_qspi.o)
                0x080075cc                HAL_QSPI_MspDeInit
 .text.QUADSPI_IRQHandler
                0x08007624        0xc C:/Users/geoff/Documents/Electro-Smith/libs/libdaisy/build\libdaisy.a(per_qspi.o)
                0x08007624                QUADSPI_IRQHandler
 .text.dsy_sdram_init
                0x08007630      0x120 C:/Users/geoff/Documents/Electro-Smith/libs/libdaisy/build\libdaisy.a(dev_sdram.o)
                0x08007630                dsy_sdram_init
 .text.HAL_SDRAM_MspInit
                0x08007750      0x1cc C:/Users/geoff/Documents/Electro-Smith/libs/libdaisy/build\libdaisy.a(dev_sdram.o)
                0x08007750                HAL_SDRAM_MspInit
 *fill*         0x0800791c        0x4 
 .text.SystemClock_Config
                0x08007920      0x17c C:/Users/geoff/Documents/Electro-Smith/libs/libdaisy/build\libdaisy.a(sys_system.o)
 .text.SysTick_Handler
                0x08007a9c       0x10 C:/Users/geoff/Documents/Electro-Smith/libs/libdaisy/build\libdaisy.a(sys_system.o)
                0x08007a9c                SysTick_Handler
 .text.HardFault_Handler
                0x08007aac        0x4 C:/Users/geoff/Documents/Electro-Smith/libs/libdaisy/build\libdaisy.a(sys_system.o)
                0x08007aac                HardFault_Handler
 .text.dsy_system_init
                0x08007ab0       0xdc C:/Users/geoff/Documents/Electro-Smith/libs/libdaisy/build\libdaisy.a(sys_system.o)
                0x08007ab0                dsy_system_init
 .text.dsy_system_delay
                0x08007b8c        0x4 C:/Users/geoff/Documents/Electro-Smith/libs/libdaisy/build\libdaisy.a(sys_system.o)
                0x08007b8c                dsy_system_delay
 .text._ZN5daisy3Led4InitE12dsy_gpio_pinbf
                0x08007b90       0x48 C:/Users/geoff/Documents/Electro-Smith/libs/libdaisy/build\libdaisy.a(hid_led.o)
                0x08007b90                daisy::Led::Init(dsy_gpio_pin, bool, float)
 .text._ZN5daisy3Led3SetEf
                0x08007bd8       0x24 C:/Users/geoff/Documents/Electro-Smith/libs/libdaisy/build\libdaisy.a(hid_led.o)
                0x08007bd8                daisy::Led::Set(float)
 .text._ZN5daisy3Led6UpdateEv
                0x08007bfc       0x48 C:/Users/geoff/Documents/Electro-Smith/libs/libdaisy/build\libdaisy.a(hid_led.o)
                0x08007bfc                daisy::Led::Update()
 .text.dsy_dma_init
                0x08007c44       0x88 C:/Users/geoff/Documents/Electro-Smith/libs/libdaisy/build\libdaisy.a(sys_dma.o)
                0x08007c44                dsy_dma_init
 .text.HAL_NVIC_SetPriorityGrouping
                0x08007ccc       0x28 C:/Users/geoff/Documents/Electro-Smith/libs/libdaisy/build\libdaisy.a(stm32h7xx_hal_cortex.o)
                0x08007ccc                HAL_NVIC_SetPriorityGrouping
 .text.HAL_NVIC_SetPriority
                0x08007cf4       0x74 C:/Users/geoff/Documents/Electro-Smith/libs/libdaisy/build\libdaisy.a(stm32h7xx_hal_cortex.o)
                0x08007cf4                HAL_NVIC_SetPriority
 .text.HAL_NVIC_EnableIRQ
                0x08007d68       0x1c C:/Users/geoff/Documents/Electro-Smith/libs/libdaisy/build\libdaisy.a(stm32h7xx_hal_cortex.o)
                0x08007d68                HAL_NVIC_EnableIRQ
 .text.HAL_NVIC_DisableIRQ
                0x08007d84       0x28 C:/Users/geoff/Documents/Electro-Smith/libs/libdaisy/build\libdaisy.a(stm32h7xx_hal_cortex.o)
                0x08007d84                HAL_NVIC_DisableIRQ
 .text.HAL_SYSTICK_Config
                0x08007dac       0x30 C:/Users/geoff/Documents/Electro-Smith/libs/libdaisy/build\libdaisy.a(stm32h7xx_hal_cortex.o)
                0x08007dac                HAL_SYSTICK_Config
 .text.HAL_MPU_Disable
                0x08007ddc       0x20 C:/Users/geoff/Documents/Electro-Smith/libs/libdaisy/build\libdaisy.a(stm32h7xx_hal_cortex.o)
                0x08007ddc                HAL_MPU_Disable
 .text.HAL_MPU_Enable
                0x08007dfc       0x24 C:/Users/geoff/Documents/Electro-Smith/libs/libdaisy/build\libdaisy.a(stm32h7xx_hal_cortex.o)
                0x08007dfc                HAL_MPU_Enable
 .text.HAL_MPU_ConfigRegion
                0x08007e20       0x50 C:/Users/geoff/Documents/Electro-Smith/libs/libdaisy/build\libdaisy.a(stm32h7xx_hal_cortex.o)
                0x08007e20                HAL_MPU_ConfigRegion
 .text.HAL_SYSTICK_Callback
                0x08007e70        0x4 C:/Users/geoff/Documents/Electro-Smith/libs/libdaisy/build\libdaisy.a(stm32h7xx_hal_cortex.o)
                0x08007e70                HAL_SYSTICK_Callback
 .text.HAL_SYSTICK_IRQHandler
                0x08007e74        0x8 C:/Users/geoff/Documents/Electro-Smith/libs/libdaisy/build\libdaisy.a(stm32h7xx_hal_cortex.o)
                0x08007e74                HAL_SYSTICK_IRQHandler
 .text.HAL_SDRAM_Init
                0x08007e7c       0x54 C:/Users/geoff/Documents/Electro-Smith/libs/libdaisy/build\libdaisy.a(stm32h7xx_hal_sdram.o)
                0x08007e7c                HAL_SDRAM_Init
 .text.HAL_SDRAM_SendCommand
                0x08007ed0       0x40 C:/Users/geoff/Documents/Electro-Smith/libs/libdaisy/build\libdaisy.a(stm32h7xx_hal_sdram.o)
                0x08007ed0                HAL_SDRAM_SendCommand
 .text.HAL_SDRAM_ProgramRefreshRate
                0x08007f10       0x30 C:/Users/geoff/Documents/Electro-Smith/libs/libdaisy/build\libdaisy.a(stm32h7xx_hal_sdram.o)
                0x08007f10                HAL_SDRAM_ProgramRefreshRate
 .text.QSPI_Config
                0x08007f40      0x1d4 C:/Users/geoff/Documents/Electro-Smith/libs/libdaisy/build\libdaisy.a(stm32h7xx_hal_qspi.o)
 .text.HAL_QSPI_Init
                0x08008114       0xd8 C:/Users/geoff/Documents/Electro-Smith/libs/libdaisy/build\libdaisy.a(stm32h7xx_hal_qspi.o)
                0x08008114                HAL_QSPI_Init
 .text.HAL_QSPI_DeInit
                0x080081ec       0x3c C:/Users/geoff/Documents/Electro-Smith/libs/libdaisy/build\libdaisy.a(stm32h7xx_hal_qspi.o)
                0x080081ec                HAL_QSPI_DeInit
 .text.HAL_QSPI_Command
                0x08008228       0xd4 C:/Users/geoff/Documents/Electro-Smith/libs/libdaisy/build\libdaisy.a(stm32h7xx_hal_qspi.o)
                0x08008228                HAL_QSPI_Command
 .text.HAL_QSPI_Transmit
                0x080082fc       0xfc C:/Users/geoff/Documents/Electro-Smith/libs/libdaisy/build\libdaisy.a(stm32h7xx_hal_qspi.o)
                0x080082fc                HAL_QSPI_Transmit
 .text.HAL_QSPI_Receive
                0x080083f8      0x108 C:/Users/geoff/Documents/Electro-Smith/libs/libdaisy/build\libdaisy.a(stm32h7xx_hal_qspi.o)
                0x080083f8                HAL_QSPI_Receive
 .text.HAL_QSPI_AutoPolling
                0x08008500       0xe8 C:/Users/geoff/Documents/Electro-Smith/libs/libdaisy/build\libdaisy.a(stm32h7xx_hal_qspi.o)
                0x08008500                HAL_QSPI_AutoPolling
 .text.HAL_QSPI_MemoryMapped
                0x080085e8       0xb8 C:/Users/geoff/Documents/Electro-Smith/libs/libdaisy/build\libdaisy.a(stm32h7xx_hal_qspi.o)
                0x080085e8                HAL_QSPI_MemoryMapped
 .text.HAL_QSPI_ErrorCallback
                0x080086a0        0x4 C:/Users/geoff/Documents/Electro-Smith/libs/libdaisy/build\libdaisy.a(stm32h7xx_hal_qspi.o)
                0x080086a0                HAL_QSPI_ErrorCallback
 .text.QSPI_DMAAbortCplt
                0x080086a4       0x38 C:/Users/geoff/Documents/Electro-Smith/libs/libdaisy/build\libdaisy.a(stm32h7xx_hal_qspi.o)
 .text.HAL_QSPI_AbortCpltCallback
                0x080086dc        0x4 C:/Users/geoff/Documents/Electro-Smith/libs/libdaisy/build\libdaisy.a(stm32h7xx_hal_qspi.o)
                0x080086dc                HAL_QSPI_AbortCpltCallback
 .text.HAL_QSPI_CmdCpltCallback
                0x080086e0        0x4 C:/Users/geoff/Documents/Electro-Smith/libs/libdaisy/build\libdaisy.a(stm32h7xx_hal_qspi.o)
                0x080086e0                HAL_QSPI_CmdCpltCallback
 .text.HAL_QSPI_RxCpltCallback
                0x080086e4        0x4 C:/Users/geoff/Documents/Electro-Smith/libs/libdaisy/build\libdaisy.a(stm32h7xx_hal_qspi.o)
                0x080086e4                HAL_QSPI_RxCpltCallback
 .text.HAL_QSPI_TxCpltCallback
                0x080086e8        0x4 C:/Users/geoff/Documents/Electro-Smith/libs/libdaisy/build\libdaisy.a(stm32h7xx_hal_qspi.o)
                0x080086e8                HAL_QSPI_TxCpltCallback
 .text.HAL_QSPI_FifoThresholdCallback
                0x080086ec        0x4 C:/Users/geoff/Documents/Electro-Smith/libs/libdaisy/build\libdaisy.a(stm32h7xx_hal_qspi.o)
                0x080086ec                HAL_QSPI_FifoThresholdCallback
 .text.HAL_QSPI_StatusMatchCallback
                0x080086f0        0x4 C:/Users/geoff/Documents/Electro-Smith/libs/libdaisy/build\libdaisy.a(stm32h7xx_hal_qspi.o)
                0x080086f0                HAL_QSPI_StatusMatchCallback
 .text.HAL_QSPI_TimeOutCallback
                0x080086f4        0x4 C:/Users/geoff/Documents/Electro-Smith/libs/libdaisy/build\libdaisy.a(stm32h7xx_hal_qspi.o)
                0x080086f4                HAL_QSPI_TimeOutCallback
 .text.HAL_QSPI_IRQHandler
                0x080086f8      0x210 C:/Users/geoff/Documents/Electro-Smith/libs/libdaisy/build\libdaisy.a(stm32h7xx_hal_qspi.o)
                0x080086f8                HAL_QSPI_IRQHandler
 .text.HAL_MDMA_Abort_IT
                0x08008908       0x2c C:/Users/geoff/Documents/Electro-Smith/libs/libdaisy/build\libdaisy.a(stm32h7xx_hal_mdma.o)
                0x08008908                HAL_MDMA_Abort_IT
 .text.HAL_PWREx_ConfigSupply
                0x08008934       0x4c C:/Users/geoff/Documents/Electro-Smith/libs/libdaisy/build\libdaisy.a(stm32h7xx_hal_pwr_ex.o)
                0x08008934                HAL_PWREx_ConfigSupply
 .text.HAL_PWREx_EnableUSBVoltageDetector
                0x08008980       0x10 C:/Users/geoff/Documents/Electro-Smith/libs/libdaisy/build\libdaisy.a(stm32h7xx_hal_pwr_ex.o)
                0x08008980                HAL_PWREx_EnableUSBVoltageDetector
 .text.FMC_SDRAM_Init
                0x08008990       0x78 C:/Users/geoff/Documents/Electro-Smith/libs/libdaisy/build\libdaisy.a(stm32h7xx_ll_fmc.o)
                0x08008990                FMC_SDRAM_Init
 .text.FMC_SDRAM_Timing_Init
                0x08008a08       0x98 C:/Users/geoff/Documents/Electro-Smith/libs/libdaisy/build\libdaisy.a(stm32h7xx_ll_fmc.o)
                0x08008a08                FMC_SDRAM_Timing_Init
 .text.FMC_SDRAM_SendCommand
                0x08008aa0       0x24 C:/Users/geoff/Documents/Electro-Smith/libs/libdaisy/build\libdaisy.a(stm32h7xx_ll_fmc.o)
                0x08008aa0                FMC_SDRAM_SendCommand
 .text.FMC_SDRAM_ProgramRefreshRate
                0x08008ac4       0x1c C:/Users/geoff/Documents/Electro-Smith/libs/libdaisy/build\libdaisy.a(stm32h7xx_ll_fmc.o)
                0x08008ac4                FMC_SDRAM_ProgramRefreshRate
 .text.__aeabi_atexit
                0x08008ae0        0xa c:/program files (x86)/gnu arm embedded toolchain/9 2020-q2-update/bin/../lib/gcc/arm-none-eabi/9.3.1/../../../../arm-none-eabi/lib/thumb/v7e-m+dp/hard\libstdc++_nano.a(atexit_arm.o)
                0x08008ae0                __aeabi_atexit
 *fill*         0x08008aea        0x2 
 .text.expf     0x08008aec       0xe4 c:/program files (x86)/gnu arm embedded toolchain/9 2020-q2-update/bin/../lib/gcc/arm-none-eabi/9.3.1/../../../../arm-none-eabi/lib/thumb/v7e-m+dp/hard\libm.a(lib_a-sf_exp.o)
                0x08008aec                expf
 .text.logf     0x08008bd0       0xd0 c:/program files (x86)/gnu arm embedded toolchain/9 2020-q2-update/bin/../lib/gcc/arm-none-eabi/9.3.1/../../../../arm-none-eabi/lib/thumb/v7e-m+dp/hard\libm.a(lib_a-sf_log.o)
                0x08008bd0                logf
 .text.with_errnof
                0x08008ca0       0x18 c:/program files (x86)/gnu arm embedded toolchain/9 2020-q2-update/bin/../lib/gcc/arm-none-eabi/9.3.1/../../../../arm-none-eabi/lib/thumb/v7e-m+dp/hard\libm.a(lib_a-math_errf.o)
 .text.xflowf   0x08008cb8       0x20 c:/program files (x86)/gnu arm embedded toolchain/9 2020-q2-update/bin/../lib/gcc/arm-none-eabi/9.3.1/../../../../arm-none-eabi/lib/thumb/v7e-m+dp/hard\libm.a(lib_a-math_errf.o)
 .text.__math_uflowf
                0x08008cd8        0xc c:/program files (x86)/gnu arm embedded toolchain/9 2020-q2-update/bin/../lib/gcc/arm-none-eabi/9.3.1/../../../../arm-none-eabi/lib/thumb/v7e-m+dp/hard\libm.a(lib_a-math_errf.o)
                0x08008cd8                __math_uflowf
 .text.__math_may_uflowf
                0x08008ce4        0xc c:/program files (x86)/gnu arm embedded toolchain/9 2020-q2-update/bin/../lib/gcc/arm-none-eabi/9.3.1/../../../../arm-none-eabi/lib/thumb/v7e-m+dp/hard\libm.a(lib_a-math_errf.o)
                0x08008ce4                __math_may_uflowf
 .text.__math_oflowf
                0x08008cf0        0xc c:/program files (x86)/gnu arm embedded toolchain/9 2020-q2-update/bin/../lib/gcc/arm-none-eabi/9.3.1/../../../../arm-none-eabi/lib/thumb/v7e-m+dp/hard\libm.a(lib_a-math_errf.o)
                0x08008cf0                __math_oflowf
 .text.__math_divzerof
                0x08008cfc       0x24 c:/program files (x86)/gnu arm embedded toolchain/9 2020-q2-update/bin/../lib/gcc/arm-none-eabi/9.3.1/../../../../arm-none-eabi/lib/thumb/v7e-m+dp/hard\libm.a(lib_a-math_errf.o)
                0x08008cfc                __math_divzerof
 .text.__math_invalidf
                0x08008d20       0x20 c:/program files (x86)/gnu arm embedded toolchain/9 2020-q2-update/bin/../lib/gcc/arm-none-eabi/9.3.1/../../../../arm-none-eabi/lib/thumb/v7e-m+dp/hard\libm.a(lib_a-math_errf.o)
                0x08008d20                __math_invalidf
 .text.__cxa_atexit
                0x08008d40       0x1c c:/program files (x86)/gnu arm embedded toolchain/9 2020-q2-update/bin/../lib/gcc/arm-none-eabi/9.3.1/../../../../arm-none-eabi/lib/thumb/v7e-m+dp/hard\libc_nano.a(lib_a-cxa_atexit.o)
                0x08008d40                __cxa_atexit
 .text.__errno  0x08008d5c        0xc c:/program files (x86)/gnu arm embedded toolchain/9 2020-q2-update/bin/../lib/gcc/arm-none-eabi/9.3.1/../../../../arm-none-eabi/lib/thumb/v7e-m+dp/hard\libc_nano.a(lib_a-errno.o)
                0x08008d5c                __errno
 .text.__libc_init_array
                0x08008d68       0x48 c:/program files (x86)/gnu arm embedded toolchain/9 2020-q2-update/bin/../lib/gcc/arm-none-eabi/9.3.1/../../../../arm-none-eabi/lib/thumb/v7e-m+dp/hard\libc_nano.a(lib_a-init.o)
                0x08008d68                __libc_init_array
 .text.memcpy   0x08008db0       0x1c c:/program files (x86)/gnu arm embedded toolchain/9 2020-q2-update/bin/../lib/gcc/arm-none-eabi/9.3.1/../../../../arm-none-eabi/lib/thumb/v7e-m+dp/hard\libc_nano.a(lib_a-memcpy-stub.o)
                0x08008db0                memcpy
 .text.memset   0x08008dcc       0x10 c:/program files (x86)/gnu arm embedded toolchain/9 2020-q2-update/bin/../lib/gcc/arm-none-eabi/9.3.1/../../../../arm-none-eabi/lib/thumb/v7e-m+dp/hard\libc_nano.a(lib_a-memset.o)
                0x08008dcc                memset
 *(.rodata)
 .rodata        0x08008ddc       0x10 C:/Users/geoff/Documents/Electro-Smith/libs/libdaisy/build\libdaisy.a(util_hal_map.o)
 *(.rodata*)
 .rodata.D1CorePrescTable
                0x08008dec       0x10 build/system_stm32h7xx.o
                0x08008dec                D1CorePrescTable
 .rodata._ZL16dsy_adc_rank_map
                0x08008dfc       0x40 C:/Users/geoff/Documents/Electro-Smith/libs/libdaisy/build\libdaisy.a(per_adc.o)
 .rodata.gpio_hal_pin_map
                0x08008e3c       0x20 C:/Users/geoff/Documents/Electro-Smith/libs/libdaisy/build\libdaisy.a(util_hal_map.o)
 .rodata.gpio_hal_port_map
                0x08008e5c       0x30 C:/Users/geoff/Documents/Electro-Smith/libs/libdaisy/build\libdaisy.a(util_hal_map.o)
 .rodata._ZN5daisy5Color15standard_colorsE
                0x08008e8c       0x60 C:/Users/geoff/Documents/Electro-Smith/libs/libdaisy/build\libdaisy.a(util_color.o)
                0x08008e8c                daisy::Color::standard_colors
 .rodata.flagBitshiftOffset.17839
                0x08008eec        0x8 C:/Users/geoff/Documents/Electro-Smith/libs/libdaisy/build\libdaisy.a(stm32h7xx_hal_dma.o)
 .rodata._ZL8seedgpio
                0x08008ef4       0x3e C:/Users/geoff/Documents/Electro-Smith/libs/libdaisy/build\libdaisy.a(daisy_seed.o)
 *fill*         0x08008f32        0x2 
 .rodata.HAL_QSPI_MspInit.str1.4
                0x08008f34        0x7 C:/Users/geoff/Documents/Electro-Smith/libs/libdaisy/build\libdaisy.a(per_qspi.o)
 *fill*         0x08008f3b        0x5 
 .rodata.__exp2f_data
                0x08008f40      0x148 c:/program files (x86)/gnu arm embedded toolchain/9 2020-q2-update/bin/../lib/gcc/arm-none-eabi/9.3.1/../../../../arm-none-eabi/lib/thumb/v7e-m+dp/hard\libm.a(lib_a-sf_exp2_data.o)
                0x08008f40                __exp2f_data
 .rodata.__logf_data
                0x08009088      0x120 c:/program files (x86)/gnu arm embedded toolchain/9 2020-q2-update/bin/../lib/gcc/arm-none-eabi/9.3.1/../../../../arm-none-eabi/lib/thumb/v7e-m+dp/hard\libm.a(lib_a-sf_log_data.o)
                0x08009088                __logf_data
 *(.glue_7)
 .glue_7        0x080091a8        0x0 linker stubs
 *(.glue_7t)
 .glue_7t       0x080091a8        0x0 linker stubs
 *(.init)
 .init          0x080091a8        0x4 c:/program files (x86)/gnu arm embedded toolchain/9 2020-q2-update/bin/../lib/gcc/arm-none-eabi/9.3.1/thumb/v7e-m+dp/hard/crti.o
                0x080091a8                _init
 .init          0x080091ac        0x8 c:/program files (x86)/gnu arm embedded toolchain/9 2020-q2-update/bin/../lib/gcc/arm-none-eabi/9.3.1/thumb/v7e-m+dp/hard/crtn.o
 *(.fini)
 .fini          0x080091b4        0x4 c:/program files (x86)/gnu arm embedded toolchain/9 2020-q2-update/bin/../lib/gcc/arm-none-eabi/9.3.1/thumb/v7e-m+dp/hard/crti.o
                0x080091b4                _fini
 .fini          0x080091b8        0x8 c:/program files (x86)/gnu arm embedded toolchain/9 2020-q2-update/bin/../lib/gcc/arm-none-eabi/9.3.1/thumb/v7e-m+dp/hard/crtn.o
                0x080091c0                . = ALIGN (0x4)
                0x080091c0                _etext = .

.vfp11_veneer   0x080091c0        0x0
 .vfp11_veneer  0x080091c0        0x0 linker stubs

.v4_bx          0x080091c0        0x0
 .v4_bx         0x080091c0        0x0 linker stubs

.iplt           0x080091c0        0x0
 .iplt          0x080091c0        0x0 c:/program files (x86)/gnu arm embedded toolchain/9 2020-q2-update/bin/../lib/gcc/arm-none-eabi/9.3.1/thumb/v7e-m+dp/hard/crtbegin.o

.rel.dyn        0x080091c0        0x0
 .rel.iplt      0x080091c0        0x0 c:/program files (x86)/gnu arm embedded toolchain/9 2020-q2-update/bin/../lib/gcc/arm-none-eabi/9.3.1/thumb/v7e-m+dp/hard/crtbegin.o

.ARM.extab      0x080091c0        0x0
                0x080091c0                . = ALIGN (0x4)
 *(.ARM.extab)
 *(.gnu.linkonce.armextab.*)
                0x080091c0                . = ALIGN (0x4)

.exidx          0x080091c0        0x0
                0x080091c0                . = ALIGN (0x4)
                [!provide]                PROVIDE (__exidx_start = .)
 *(.ARM.exidx*)
                0x080091c0                . = ALIGN (0x4)
                [!provide]                PROVIDE (__exidx_end = .)

.ARM.attributes
                0x080091c0       0x2e
 *(.ARM.attributes)
 .ARM.attributes
                0x080091c0       0x1e c:/program files (x86)/gnu arm embedded toolchain/9 2020-q2-update/bin/../lib/gcc/arm-none-eabi/9.3.1/thumb/v7e-m+dp/hard/crti.o
 .ARM.attributes
                0x080091de       0x32 c:/program files (x86)/gnu arm embedded toolchain/9 2020-q2-update/bin/../lib/gcc/arm-none-eabi/9.3.1/thumb/v7e-m+dp/hard/crtbegin.o
 .ARM.attributes
                0x08009210       0x32 build/system_stm32h7xx.o
 .ARM.attributes
                0x08009242       0x32 build/main.o
 .ARM.attributes
                0x08009274       0x21 build/startup_stm32h750xx.o
 .ARM.attributes
                0x08009295       0x32 C:/Users/geoff/Documents/Electro-Smith/libs/libdaisy/build\libdaisy.a(daisy_pod.o)
 .ARM.attributes
                0x080092c7       0x32 C:/Users/geoff/Documents/Electro-Smith/libs/libdaisy/build\libdaisy.a(per_adc.o)
 .ARM.attributes
                0x080092f9       0x32 C:/Users/geoff/Documents/Electro-Smith/libs/libdaisy/build\libdaisy.a(hid_audio.o)
 .ARM.attributes
                0x0800932b       0x32 C:/Users/geoff/Documents/Electro-Smith/libs/libdaisy/build\libdaisy.a(per_i2c.o)
 .ARM.attributes
                0x0800935d       0x32 C:/Users/geoff/Documents/Electro-Smith/libs/libdaisy/build\libdaisy.a(per_sai.o)
 .ARM.attributes
                0x0800938f       0x32 C:/Users/geoff/Documents/Electro-Smith/libs/libdaisy/build\libdaisy.a(per_gpio.o)
 .ARM.attributes
                0x080093c1       0x32 C:/Users/geoff/Documents/Electro-Smith/libs/libdaisy/build\libdaisy.a(per_tim.o)
 .ARM.attributes
                0x080093f3       0x32 C:/Users/geoff/Documents/Electro-Smith/libs/libdaisy/build\libdaisy.a(hid_ctrl.o)
 .ARM.attributes
                0x08009425       0x32 C:/Users/geoff/Documents/Electro-Smith/libs/libdaisy/build\libdaisy.a(hid_encoder.o)
 .ARM.attributes
                0x08009457       0x32 C:/Users/geoff/Documents/Electro-Smith/libs/libdaisy/build\libdaisy.a(hid_parameter.o)
 .ARM.attributes
                0x08009489       0x32 C:/Users/geoff/Documents/Electro-Smith/libs/libdaisy/build\libdaisy.a(hid_rgb_led.o)
 .ARM.attributes
                0x080094bb       0x32 C:/Users/geoff/Documents/Electro-Smith/libs/libdaisy/build\libdaisy.a(hid_switch.o)
 .ARM.attributes
                0x080094ed       0x32 C:/Users/geoff/Documents/Electro-Smith/libs/libdaisy/build\libdaisy.a(util_hal_map.o)
 .ARM.attributes
                0x0800951f       0x32 C:/Users/geoff/Documents/Electro-Smith/libs/libdaisy/build\libdaisy.a(util_color.o)
 .ARM.attributes
                0x08009551       0x32 C:/Users/geoff/Documents/Electro-Smith/libs/libdaisy/build\libdaisy.a(stm32h7xx_hal_adc.o)
 .ARM.attributes
                0x08009583       0x32 C:/Users/geoff/Documents/Electro-Smith/libs/libdaisy/build\libdaisy.a(stm32h7xx_hal_adc_ex.o)
 .ARM.attributes
                0x080095b5       0x32 C:/Users/geoff/Documents/Electro-Smith/libs/libdaisy/build\libdaisy.a(stm32h7xx_hal_i2c.o)
 .ARM.attributes
                0x080095e7       0x32 C:/Users/geoff/Documents/Electro-Smith/libs/libdaisy/build\libdaisy.a(stm32h7xx_hal_i2c_ex.o)
 .ARM.attributes
                0x08009619       0x32 C:/Users/geoff/Documents/Electro-Smith/libs/libdaisy/build\libdaisy.a(stm32h7xx_hal_sai.o)
 .ARM.attributes
                0x0800964b       0x32 C:/Users/geoff/Documents/Electro-Smith/libs/libdaisy/build\libdaisy.a(stm32h7xx_hal_tim.o)
 .ARM.attributes
                0x0800967d       0x32 C:/Users/geoff/Documents/Electro-Smith/libs/libdaisy/build\libdaisy.a(stm32h7xx_hal_tim_ex.o)
 .ARM.attributes
                0x080096af       0x32 C:/Users/geoff/Documents/Electro-Smith/libs/libdaisy/build\libdaisy.a(stm32h7xx_hal_rcc.o)
 .ARM.attributes
                0x080096e1       0x32 C:/Users/geoff/Documents/Electro-Smith/libs/libdaisy/build\libdaisy.a(stm32h7xx_hal_rcc_ex.o)
 .ARM.attributes
                0x08009713       0x32 C:/Users/geoff/Documents/Electro-Smith/libs/libdaisy/build\libdaisy.a(stm32h7xx_hal_gpio.o)
 .ARM.attributes
                0x08009745       0x32 C:/Users/geoff/Documents/Electro-Smith/libs/libdaisy/build\libdaisy.a(stm32h7xx_hal_dma.o)
 .ARM.attributes
                0x08009777       0x32 C:/Users/geoff/Documents/Electro-Smith/libs/libdaisy/build\libdaisy.a(stm32h7xx_hal.o)
 .ARM.attributes
                0x080097a9       0x32 C:/Users/geoff/Documents/Electro-Smith/libs/libdaisy/build\libdaisy.a(daisy_seed.o)
 .ARM.attributes
                0x080097db       0x32 C:/Users/geoff/Documents/Electro-Smith/libs/libdaisy/build\libdaisy.a(dev_codec_pcm3060.o)
 .ARM.attributes
                0x0800980d       0x32 C:/Users/geoff/Documents/Electro-Smith/libs/libdaisy/build\libdaisy.a(dev_codec_wm8731.o)
 .ARM.attributes
                0x0800983f       0x32 C:/Users/geoff/Documents/Electro-Smith/libs/libdaisy/build\libdaisy.a(dev_codec_ak4556.o)
 .ARM.attributes
                0x08009871       0x32 C:/Users/geoff/Documents/Electro-Smith/libs/libdaisy/build\libdaisy.a(per_qspi.o)
 .ARM.attributes
                0x080098a3       0x32 C:/Users/geoff/Documents/Electro-Smith/libs/libdaisy/build\libdaisy.a(dev_sdram.o)
 .ARM.attributes
                0x080098d5       0x32 C:/Users/geoff/Documents/Electro-Smith/libs/libdaisy/build\libdaisy.a(sys_system.o)
 .ARM.attributes
                0x08009907       0x32 C:/Users/geoff/Documents/Electro-Smith/libs/libdaisy/build\libdaisy.a(hid_led.o)
 .ARM.attributes
                0x08009939       0x32 C:/Users/geoff/Documents/Electro-Smith/libs/libdaisy/build\libdaisy.a(sys_dma.o)
 .ARM.attributes
                0x0800996b       0x32 C:/Users/geoff/Documents/Electro-Smith/libs/libdaisy/build\libdaisy.a(stm32h7xx_hal_cortex.o)
 .ARM.attributes
                0x0800999d       0x32 C:/Users/geoff/Documents/Electro-Smith/libs/libdaisy/build\libdaisy.a(stm32h7xx_hal_sdram.o)
 .ARM.attributes
                0x080099cf       0x32 C:/Users/geoff/Documents/Electro-Smith/libs/libdaisy/build\libdaisy.a(stm32h7xx_hal_qspi.o)
 .ARM.attributes
                0x08009a01       0x32 C:/Users/geoff/Documents/Electro-Smith/libs/libdaisy/build\libdaisy.a(stm32h7xx_hal_mdma.o)
 .ARM.attributes
                0x08009a33       0x32 C:/Users/geoff/Documents/Electro-Smith/libs/libdaisy/build\libdaisy.a(stm32h7xx_hal_pwr_ex.o)
 .ARM.attributes
                0x08009a65       0x32 C:/Users/geoff/Documents/Electro-Smith/libs/libdaisy/build\libdaisy.a(stm32h7xx_ll_fmc.o)
 .ARM.attributes
                0x08009a97       0x32 c:/program files (x86)/gnu arm embedded toolchain/9 2020-q2-update/bin/../lib/gcc/arm-none-eabi/9.3.1/../../../../arm-none-eabi/lib/thumb/v7e-m+dp/hard\libstdc++_nano.a(atexit_arm.o)
 .ARM.attributes
                0x08009ac9       0x32 c:/program files (x86)/gnu arm embedded toolchain/9 2020-q2-update/bin/../lib/gcc/arm-none-eabi/9.3.1/../../../../arm-none-eabi/lib/thumb/v7e-m+dp/hard\libm.a(lib_a-sf_exp.o)
 .ARM.attributes
                0x08009afb       0x30 c:/program files (x86)/gnu arm embedded toolchain/9 2020-q2-update/bin/../lib/gcc/arm-none-eabi/9.3.1/../../../../arm-none-eabi/lib/thumb/v7e-m+dp/hard\libm.a(lib_a-sf_exp2_data.o)
 .ARM.attributes
                0x08009b2b       0x32 c:/program files (x86)/gnu arm embedded toolchain/9 2020-q2-update/bin/../lib/gcc/arm-none-eabi/9.3.1/../../../../arm-none-eabi/lib/thumb/v7e-m+dp/hard\libm.a(lib_a-sf_log.o)
 .ARM.attributes
                0x08009b5d       0x30 c:/program files (x86)/gnu arm embedded toolchain/9 2020-q2-update/bin/../lib/gcc/arm-none-eabi/9.3.1/../../../../arm-none-eabi/lib/thumb/v7e-m+dp/hard\libm.a(lib_a-sf_log_data.o)
 .ARM.attributes
                0x08009b8d       0x32 c:/program files (x86)/gnu arm embedded toolchain/9 2020-q2-update/bin/../lib/gcc/arm-none-eabi/9.3.1/../../../../arm-none-eabi/lib/thumb/v7e-m+dp/hard\libm.a(lib_a-math_errf.o)
 .ARM.attributes
                0x08009bbf       0x32 c:/program files (x86)/gnu arm embedded toolchain/9 2020-q2-update/bin/../lib/gcc/arm-none-eabi/9.3.1/../../../../arm-none-eabi/lib/thumb/v7e-m+dp/hard\libc_nano.a(lib_a-cxa_atexit.o)
 .ARM.attributes
                0x08009bf1       0x32 c:/program files (x86)/gnu arm embedded toolchain/9 2020-q2-update/bin/../lib/gcc/arm-none-eabi/9.3.1/../../../../arm-none-eabi/lib/thumb/v7e-m+dp/hard\libc_nano.a(lib_a-errno.o)
 .ARM.attributes
                0x08009c23       0x30 c:/program files (x86)/gnu arm embedded toolchain/9 2020-q2-update/bin/../lib/gcc/arm-none-eabi/9.3.1/../../../../arm-none-eabi/lib/thumb/v7e-m+dp/hard\libc_nano.a(lib_a-impure.o)
 .ARM.attributes
                0x08009c53       0x32 c:/program files (x86)/gnu arm embedded toolchain/9 2020-q2-update/bin/../lib/gcc/arm-none-eabi/9.3.1/../../../../arm-none-eabi/lib/thumb/v7e-m+dp/hard\libc_nano.a(lib_a-init.o)
 .ARM.attributes
                0x08009c85       0x32 c:/program files (x86)/gnu arm embedded toolchain/9 2020-q2-update/bin/../lib/gcc/arm-none-eabi/9.3.1/../../../../arm-none-eabi/lib/thumb/v7e-m+dp/hard\libc_nano.a(lib_a-memcpy-stub.o)
 .ARM.attributes
                0x08009cb7       0x32 c:/program files (x86)/gnu arm embedded toolchain/9 2020-q2-update/bin/../lib/gcc/arm-none-eabi/9.3.1/../../../../arm-none-eabi/lib/thumb/v7e-m+dp/hard\libc_nano.a(lib_a-memset.o)
 .ARM.attributes
                0x08009ce9       0x1e c:/program files (x86)/gnu arm embedded toolchain/9 2020-q2-update/bin/../lib/gcc/arm-none-eabi/9.3.1/thumb/v7e-m+dp/hard/crtn.o

.preinit_array  0x080091c0        0x0
                0x080091c0                PROVIDE (__preinit_array_start = .)
 *(.preinit_array*)
                0x080091c0                PROVIDE (__preinit_array_end = .)

.init_array     0x080091c0        0x8
                0x080091c0                PROVIDE (__init_array_start = .)
 *(SORT_BY_NAME(.init_array.*))
 *(.init_array*)
 .init_array    0x080091c0        0x4 c:/program files (x86)/gnu arm embedded toolchain/9 2020-q2-update/bin/../lib/gcc/arm-none-eabi/9.3.1/thumb/v7e-m+dp/hard/crtbegin.o
 .init_array    0x080091c4        0x4 build/main.o
                0x080091c8                PROVIDE (__init_array_end = .)

.fini_array     0x080091c8        0x4
                [!provide]                PROVIDE (__fini_array_start = .)
 *(.fini_array*)
 .fini_array    0x080091c8        0x4 c:/program files (x86)/gnu arm embedded toolchain/9 2020-q2-update/bin/../lib/gcc/arm-none-eabi/9.3.1/thumb/v7e-m+dp/hard/crtbegin.o
 *(SORT_BY_NAME(.fini_array.*))
                [!provide]                PROVIDE (__fini_array_end = .)

.data           0x24000000       0x78 load address 0x080091cc
                0x24000000                . = ALIGN (0x4)
                0x24000000                _sdata = .
                [!provide]                PROVIDE (__data_start__ = _sdata)
 *(.data)
 .data          0x24000000        0x4 c:/program files (x86)/gnu arm embedded toolchain/9 2020-q2-update/bin/../lib/gcc/arm-none-eabi/9.3.1/thumb/v7e-m+dp/hard/crtbegin.o
                0x24000000                __dso_handle
 *(.data*)
 .data.SystemCoreClock
                0x24000004        0x4 build/system_stm32h7xx.o
                0x24000004                SystemCoreClock
 .data.SystemD2Clock
                0x24000008        0x4 build/system_stm32h7xx.o
                0x24000008                SystemD2Clock
 .data.uwTickFreq
                0x2400000c        0x1 C:/Users/geoff/Documents/Electro-Smith/libs/libdaisy/build\libdaisy.a(stm32h7xx_hal.o)
 *fill*         0x2400000d        0x3 
 .data.uwTickPrio
                0x24000010        0x4 C:/Users/geoff/Documents/Electro-Smith/libs/libdaisy/build\libdaisy.a(stm32h7xx_hal.o)
 .data._impure_ptr
                0x24000014        0x4 c:/program files (x86)/gnu arm embedded toolchain/9 2020-q2-update/bin/../lib/gcc/arm-none-eabi/9.3.1/../../../../arm-none-eabi/lib/thumb/v7e-m+dp/hard\libc_nano.a(lib_a-impure.o)
                0x24000014                _impure_ptr
 .data.impure_data
                0x24000018       0x60 c:/program files (x86)/gnu arm embedded toolchain/9 2020-q2-update/bin/../lib/gcc/arm-none-eabi/9.3.1/../../../../arm-none-eabi/lib/thumb/v7e-m+dp/hard\libc_nano.a(lib_a-impure.o)
                0x24000078                . = ALIGN (0x4)
                0x24000078                _edata = .
                [!provide]                PROVIDE (__data_end__ = _edata)
                0x080091cc                _sidata = LOADADDR (.data)

.igot.plt       0x24000078        0x0 load address 0x08009244
 .igot.plt      0x24000078        0x0 c:/program files (x86)/gnu arm embedded toolchain/9 2020-q2-update/bin/../lib/gcc/arm-none-eabi/9.3.1/thumb/v7e-m+dp/hard/crtbegin.o

.bss            0x24000078     0x1b78 load address 0x08009244
                0x24000078                . = ALIGN (0x4)
                0x24000078                _sbss = .
                0x24000078                PROVIDE (__bss_start__ = _sbss)
 *(.bss)
 .bss           0x24000078       0x1c c:/program files (x86)/gnu arm embedded toolchain/9 2020-q2-update/bin/../lib/gcc/arm-none-eabi/9.3.1/thumb/v7e-m+dp/hard/crtbegin.o
 *(.bss*)
 .bss._ZL3pod   0x24000094      0x1a8 build/main.o
 .bss._ZL7led_sel
                0x2400023c        0x1 build/main.o
 *fill*         0x2400023d        0x3 
 .bss.knob1val  0x24000240        0x4 build/main.o
                0x24000240                knob1val
 .bss.p_knob1   0x24000244       0x34 build/main.o
                0x24000244                p_knob1
 .bss.p_knob2   0x24000278       0x34 build/main.o
                0x24000278                p_knob2
 .bss.set_colors
                0x240002ac       0x3c build/main.o
                0x240002ac                set_colors
 .bss._ZL3adc   0x240002e8      0x200 C:/Users/geoff/Documents/Electro-Smith/libs/libdaisy/build\libdaisy.a(per_adc.o)
 .bss.audio_handle
                0x240004e8      0x828 C:/Users/geoff/Documents/Electro-Smith/libs/libdaisy/build\libdaisy.a(hid_audio.o)
 .bss.audio_handle_ext
                0x24000d10      0x828 C:/Users/geoff/Documents/Electro-Smith/libs/libdaisy/build\libdaisy.a(hid_audio.o)
 .bss.using_new_callbacks
                0x24001538        0x1 C:/Users/geoff/Documents/Electro-Smith/libs/libdaisy/build\libdaisy.a(hid_audio.o)
 *fill*         0x24001539        0x3 
 .bss.i2c1_handler
                0x2400153c        0x6 C:/Users/geoff/Documents/Electro-Smith/libs/libdaisy/build\libdaisy.a(per_i2c.o)
 *fill*         0x24001542        0x2 
 .bss.i2c2_handler
                0x24001544        0x6 C:/Users/geoff/Documents/Electro-Smith/libs/libdaisy/build\libdaisy.a(per_i2c.o)
 *fill*         0x2400154a        0x2 
 .bss.i2c3_handler
                0x2400154c        0x6 C:/Users/geoff/Documents/Electro-Smith/libs/libdaisy/build\libdaisy.a(per_i2c.o)
 *fill*         0x24001552        0x2 
 .bss.i2c4_handler
                0x24001554        0x6 C:/Users/geoff/Documents/Electro-Smith/libs/libdaisy/build\libdaisy.a(per_i2c.o)
 *fill*         0x2400155a        0x2 
 .bss.SAI1_client
                0x2400155c        0x4 C:/Users/geoff/Documents/Electro-Smith/libs/libdaisy/build\libdaisy.a(per_sai.o)
 .bss.SAI2_client
                0x24001560        0x4 C:/Users/geoff/Documents/Electro-Smith/libs/libdaisy/build\libdaisy.a(per_sai.o)
 .bss.sai_handle
                0x24001564       0x21 C:/Users/geoff/Documents/Electro-Smith/libs/libdaisy/build\libdaisy.a(per_sai.o)
 *fill*         0x24001585        0x3 
 .bss.tim       0x24001588       0x4c C:/Users/geoff/Documents/Electro-Smith/libs/libdaisy/build\libdaisy.a(per_tim.o)
 .bss.uwTick    0x240015d4        0x4 C:/Users/geoff/Documents/Electro-Smith/libs/libdaisy/build\libdaisy.a(stm32h7xx_hal.o)
 .bss.qspi_handle
                0x240015d8       0x54 C:/Users/geoff/Documents/Electro-Smith/libs/libdaisy/build\libdaisy.a(per_qspi.o)
 .bss.FMC_Initialized
                0x2400162c        0x4 C:/Users/geoff/Documents/Electro-Smith/libs/libdaisy/build\libdaisy.a(dev_sdram.o)
 .bss.dsy_sdram
                0x24001630       0x3c C:/Users/geoff/Documents/Electro-Smith/libs/libdaisy/build\libdaisy.a(dev_sdram.o)
 *(COMMON)
 COMMON         0x2400166c      0x440 C:/Users/geoff/Documents/Electro-Smith/libs/libdaisy/build\libdaisy.a(per_sai.o)
                0x2400166c                hsai_BlockB2
                0x24001704                hdma_sai2_b
                0x2400177c                hsai_BlockA2
                0x24001814                hsai_BlockB1
                0x240018ac                hdma_sai1_a
                0x24001924                hdma_sai1_b
                0x2400199c                hdma_sai2_a
                0x24001a14                hsai_BlockA1
 COMMON         0x24001aac      0x130 C:/Users/geoff/Documents/Electro-Smith/libs/libdaisy/build\libdaisy.a(util_hal_map.o)
                0x24001aac                hi2c3
                0x24001af8                hi2c4
                0x24001b44                hi2c1
                0x24001b90                hi2c2
 COMMON         0x24001bdc       0x14 C:/Users/geoff/Documents/Electro-Smith/libs/libdaisy/build\libdaisy.a(dev_codec_wm8731.o)
                0x24001bdc                codec_handle
                0x24001bf0                . = ALIGN (0x4)
                0x24001bf0                _ebss = .
                0x24001bf0                PROVIDE (__bss_end__ = _ebss)
                [!provide]                PROVIDE (end = .)

.dtcmram_bss    0x20000000        0x0
                0x20000000                . = ALIGN (0x4)
                0x20000000                _sdtcmram_bss = .
                [!provide]                PROVIDE (__dtcmram_bss_start__ = _sdtcmram_bss)
 *(.dtcmram_bss)
 *(.dtcmram_bss*)
                0x20000000                . = ALIGN (0x4)
                0x20000000                _edtcmram_bss = .
                [!provide]                PROVIDE (__dtcmram_bss_end__ = _edtcmram_bss)

.sram1_bss      0x30000000     0x20fc
                0x30000000                . = ALIGN (0x4)
                0x30000000                _ssram1_bss = .
                [!provide]                PROVIDE (__sram1_bss_start__ = _sram1_bss)
 *(.sram1_bss)
 .sram1_bss     0x30000000       0xfc C:/Users/geoff/Documents/Electro-Smith/libs/libdaisy/build\libdaisy.a(per_adc.o)
 .sram1_bss     0x300000fc     0x2000 C:/Users/geoff/Documents/Electro-Smith/libs/libdaisy/build\libdaisy.a(hid_audio.o)
 *(.sram1_bss*)
                0x300020fc                . = ALIGN (0x4)
                0x300020fc                _esram1_bss = .
                [!provide]                PROVIDE (__sram1_bss_end__ = _esram1_bss)

.sdram_bss      0xc0000000        0x0
                0xc0000000                . = ALIGN (0x4)
                0xc0000000                _ssdram_bss = .
                [!provide]                PROVIDE (__sdram_bss_start = _ssdram_bss)
 *(.sdram_bss)
 *(.sdram_bss*)
                0xc0000000                . = ALIGN (0x4)
                0xc0000000                _esdram_bss = .
                [!provide]                PROVIDE (__sdram_bss_end = _esdram_bss)

.qspiflash_text
                0x90000000        0x0
                0x90000000                . = ALIGN (0x4)
                0x90000000                _sqspiflash_text = .
                [!provide]                PROVIDE (__qspiflash_text_start = _sqspiflash_text)
 *(.qspiflash_text)
 *(.qspiflash_text*)
                0x90000000                . = ALIGN (0x4)
                0x90000000                _eqspiflash_text = .
                [!provide]                PROVIDE (__qspiflash_text_end = _eqspiflash_text)

.qspiflash_data
                0x90000000        0x0
                0x90000000                . = ALIGN (0x4)
                0x90000000                _sqspiflash_data = .
                [!provide]                PROVIDE (__qspiflash_data_start = _sqspiflash_data)
 *(.qspiflash_data)
 *(.qspiflash_data*)
                0x90000000                . = ALIGN (0x4)
                0x90000000                _eqspiflash_data = .
                [!provide]                PROVIDE (__qspiflash_data_end = _eqspiflash_data)

.qspiflash_bss  0x90000000        0x0
                0x90000000                . = ALIGN (0x4)
                0x90000000                _sqspiflash_bss = .
                [!provide]                PROVIDE (__qspiflash_bss_start = _sqspiflash_bss)
 *(.qspiflash_bss)
 *(.qspiflash_bss*)
                0x90000000                . = ALIGN (0x4)
                0x90000000                _eqspiflash_bss = .
                [!provide]                PROVIDE (__qspiflash_bss_end = _eqspiflash_bss)

.heap           0x24001bf0        0x0
                0x24001bf0                . = ALIGN (0x4)
                [!provide]                PROVIDE (__heap_start__ = .)
 *(.heap)
                0x24001bf0                . = ALIGN (0x4)
                [!provide]                PROVIDE (__heap_end__ = .)

.reserved_for_stack
                0x24001bf0        0x0
                0x24001bf0                . = ALIGN (0x4)
                [!provide]                PROVIDE (__reserved_for_stack_start__ = .)
 *(.reserved_for_stack)
                0x24001bf0                . = ALIGN (0x4)
                [!provide]                PROVIDE (__reserved_for_stack_end__ = .)

DISCARD
 libc.a(*)
 libm.a(*)
 libgcc.a(*)
OUTPUT(build/daisyCppTestLappy1.elf elf32-littlearm)
LOAD linker stubs
LOAD c:/program files (x86)/gnu arm embedded toolchain/9 2020-q2-update/bin/../lib/gcc/arm-none-eabi/9.3.1/../../../../arm-none-eabi/lib/thumb/v7e-m+dp/hard\libc.a
LOAD c:/program files (x86)/gnu arm embedded toolchain/9 2020-q2-update/bin/../lib/gcc/arm-none-eabi/9.3.1/../../../../arm-none-eabi/lib/thumb/v7e-m+dp/hard\libm.a
LOAD c:/program files (x86)/gnu arm embedded toolchain/9 2020-q2-update/bin/../lib/gcc/arm-none-eabi/9.3.1/thumb/v7e-m+dp/hard\libgcc.a

.comment        0x00000000       0x4c
 .comment       0x00000000       0x4c build/system_stm32h7xx.o
                                 0x4d (size before relaxing)
 .comment       0x0000004c       0x4d build/main.o
 .comment       0x0000004c       0x4d C:/Users/geoff/Documents/Electro-Smith/libs/libdaisy/build\libdaisy.a(daisy_pod.o)
 .comment       0x0000004c       0x4d C:/Users/geoff/Documents/Electro-Smith/libs/libdaisy/build\libdaisy.a(per_adc.o)
 .comment       0x0000004c       0x4d C:/Users/geoff/Documents/Electro-Smith/libs/libdaisy/build\libdaisy.a(hid_audio.o)
 .comment       0x0000004c       0x4d C:/Users/geoff/Documents/Electro-Smith/libs/libdaisy/build\libdaisy.a(per_i2c.o)
 .comment       0x0000004c       0x4d C:/Users/geoff/Documents/Electro-Smith/libs/libdaisy/build\libdaisy.a(per_sai.o)
 .comment       0x0000004c       0x4d C:/Users/geoff/Documents/Electro-Smith/libs/libdaisy/build\libdaisy.a(per_gpio.o)
 .comment       0x0000004c       0x4d C:/Users/geoff/Documents/Electro-Smith/libs/libdaisy/build\libdaisy.a(per_tim.o)
 .comment       0x0000004c       0x4d C:/Users/geoff/Documents/Electro-Smith/libs/libdaisy/build\libdaisy.a(hid_ctrl.o)
 .comment       0x0000004c       0x4d C:/Users/geoff/Documents/Electro-Smith/libs/libdaisy/build\libdaisy.a(hid_encoder.o)
 .comment       0x0000004c       0x4d C:/Users/geoff/Documents/Electro-Smith/libs/libdaisy/build\libdaisy.a(hid_parameter.o)
 .comment       0x0000004c       0x4d C:/Users/geoff/Documents/Electro-Smith/libs/libdaisy/build\libdaisy.a(hid_rgb_led.o)
 .comment       0x0000004c       0x4d C:/Users/geoff/Documents/Electro-Smith/libs/libdaisy/build\libdaisy.a(hid_switch.o)
 .comment       0x0000004c       0x4d C:/Users/geoff/Documents/Electro-Smith/libs/libdaisy/build\libdaisy.a(util_hal_map.o)
 .comment       0x0000004c       0x4d C:/Users/geoff/Documents/Electro-Smith/libs/libdaisy/build\libdaisy.a(util_color.o)
 .comment       0x0000004c       0x4d C:/Users/geoff/Documents/Electro-Smith/libs/libdaisy/build\libdaisy.a(stm32h7xx_hal_adc.o)
 .comment       0x0000004c       0x4d C:/Users/geoff/Documents/Electro-Smith/libs/libdaisy/build\libdaisy.a(stm32h7xx_hal_adc_ex.o)
 .comment       0x0000004c       0x4d C:/Users/geoff/Documents/Electro-Smith/libs/libdaisy/build\libdaisy.a(stm32h7xx_hal_i2c.o)
 .comment       0x0000004c       0x4d C:/Users/geoff/Documents/Electro-Smith/libs/libdaisy/build\libdaisy.a(stm32h7xx_hal_i2c_ex.o)
 .comment       0x0000004c       0x4d C:/Users/geoff/Documents/Electro-Smith/libs/libdaisy/build\libdaisy.a(stm32h7xx_hal_sai.o)
 .comment       0x0000004c       0x4d C:/Users/geoff/Documents/Electro-Smith/libs/libdaisy/build\libdaisy.a(stm32h7xx_hal_tim.o)
 .comment       0x0000004c       0x4d C:/Users/geoff/Documents/Electro-Smith/libs/libdaisy/build\libdaisy.a(stm32h7xx_hal_tim_ex.o)
 .comment       0x0000004c       0x4d C:/Users/geoff/Documents/Electro-Smith/libs/libdaisy/build\libdaisy.a(stm32h7xx_hal_rcc.o)
 .comment       0x0000004c       0x4d C:/Users/geoff/Documents/Electro-Smith/libs/libdaisy/build\libdaisy.a(stm32h7xx_hal_rcc_ex.o)
 .comment       0x0000004c       0x4d C:/Users/geoff/Documents/Electro-Smith/libs/libdaisy/build\libdaisy.a(stm32h7xx_hal_gpio.o)
 .comment       0x0000004c       0x4d C:/Users/geoff/Documents/Electro-Smith/libs/libdaisy/build\libdaisy.a(stm32h7xx_hal_dma.o)
 .comment       0x0000004c       0x4d C:/Users/geoff/Documents/Electro-Smith/libs/libdaisy/build\libdaisy.a(stm32h7xx_hal.o)
 .comment       0x0000004c       0x4d C:/Users/geoff/Documents/Electro-Smith/libs/libdaisy/build\libdaisy.a(daisy_seed.o)
 .comment       0x0000004c       0x4d C:/Users/geoff/Documents/Electro-Smith/libs/libdaisy/build\libdaisy.a(dev_codec_pcm3060.o)
 .comment       0x0000004c       0x4d C:/Users/geoff/Documents/Electro-Smith/libs/libdaisy/build\libdaisy.a(dev_codec_wm8731.o)
 .comment       0x0000004c       0x4d C:/Users/geoff/Documents/Electro-Smith/libs/libdaisy/build\libdaisy.a(dev_codec_ak4556.o)
 .comment       0x0000004c       0x4d C:/Users/geoff/Documents/Electro-Smith/libs/libdaisy/build\libdaisy.a(per_qspi.o)
 .comment       0x0000004c       0x4d C:/Users/geoff/Documents/Electro-Smith/libs/libdaisy/build\libdaisy.a(dev_sdram.o)
 .comment       0x0000004c       0x4d C:/Users/geoff/Documents/Electro-Smith/libs/libdaisy/build\libdaisy.a(sys_system.o)
 .comment       0x0000004c       0x4d C:/Users/geoff/Documents/Electro-Smith/libs/libdaisy/build\libdaisy.a(hid_led.o)
 .comment       0x0000004c       0x4d C:/Users/geoff/Documents/Electro-Smith/libs/libdaisy/build\libdaisy.a(sys_dma.o)
 .comment       0x0000004c       0x4d C:/Users/geoff/Documents/Electro-Smith/libs/libdaisy/build\libdaisy.a(stm32h7xx_hal_cortex.o)
 .comment       0x0000004c       0x4d C:/Users/geoff/Documents/Electro-Smith/libs/libdaisy/build\libdaisy.a(stm32h7xx_hal_sdram.o)
 .comment       0x0000004c       0x4d C:/Users/geoff/Documents/Electro-Smith/libs/libdaisy/build\libdaisy.a(stm32h7xx_hal_qspi.o)
 .comment       0x0000004c       0x4d C:/Users/geoff/Documents/Electro-Smith/libs/libdaisy/build\libdaisy.a(stm32h7xx_hal_mdma.o)
 .comment       0x0000004c       0x4d C:/Users/geoff/Documents/Electro-Smith/libs/libdaisy/build\libdaisy.a(stm32h7xx_hal_pwr_ex.o)
 .comment       0x0000004c       0x4d C:/Users/geoff/Documents/Electro-Smith/libs/libdaisy/build\libdaisy.a(stm32h7xx_ll_fmc.o)

.debug_frame    0x00000000      0x1c4
 .debug_frame   0x00000000       0x20 c:/program files (x86)/gnu arm embedded toolchain/9 2020-q2-update/bin/../lib/gcc/arm-none-eabi/9.3.1/../../../../arm-none-eabi/lib/thumb/v7e-m+dp/hard\libstdc++_nano.a(atexit_arm.o)
 .debug_frame   0x00000020       0x2c c:/program files (x86)/gnu arm embedded toolchain/9 2020-q2-update/bin/../lib/gcc/arm-none-eabi/9.3.1/../../../../arm-none-eabi/lib/thumb/v7e-m+dp/hard\libm.a(lib_a-sf_exp.o)
 .debug_frame   0x0000004c       0x2c c:/program files (x86)/gnu arm embedded toolchain/9 2020-q2-update/bin/../lib/gcc/arm-none-eabi/9.3.1/../../../../arm-none-eabi/lib/thumb/v7e-m+dp/hard\libm.a(lib_a-sf_log.o)
 .debug_frame   0x00000078       0x90 c:/program files (x86)/gnu arm embedded toolchain/9 2020-q2-update/bin/../lib/gcc/arm-none-eabi/9.3.1/../../../../arm-none-eabi/lib/thumb/v7e-m+dp/hard\libm.a(lib_a-math_errf.o)
 .debug_frame   0x00000108       0x28 c:/program files (x86)/gnu arm embedded toolchain/9 2020-q2-update/bin/../lib/gcc/arm-none-eabi/9.3.1/../../../../arm-none-eabi/lib/thumb/v7e-m+dp/hard\libc_nano.a(lib_a-cxa_atexit.o)
 .debug_frame   0x00000130       0x20 c:/program files (x86)/gnu arm embedded toolchain/9 2020-q2-update/bin/../lib/gcc/arm-none-eabi/9.3.1/../../../../arm-none-eabi/lib/thumb/v7e-m+dp/hard\libc_nano.a(lib_a-errno.o)
 .debug_frame   0x00000150       0x2c c:/program files (x86)/gnu arm embedded toolchain/9 2020-q2-update/bin/../lib/gcc/arm-none-eabi/9.3.1/../../../../arm-none-eabi/lib/thumb/v7e-m+dp/hard\libc_nano.a(lib_a-init.o)
 .debug_frame   0x0000017c       0x28 c:/program files (x86)/gnu arm embedded toolchain/9 2020-q2-update/bin/../lib/gcc/arm-none-eabi/9.3.1/../../../../arm-none-eabi/lib/thumb/v7e-m+dp/hard\libc_nano.a(lib_a-memcpy-stub.o)
 .debug_frame   0x000001a4       0x20 c:/program files (x86)/gnu arm embedded toolchain/9 2020-q2-update/bin/../lib/gcc/arm-none-eabi/9.3.1/../../../../arm-none-eabi/lib/thumb/v7e-m+dp/hard\libc_nano.a(lib_a-memset.o)

Cross Reference Table

Symbol                                            File
ADC3_IRQHandler                                   build/startup_stm32h750xx.o
ADC_ConfigureBoostMode                            C:/Users/geoff/Documents/Electro-Smith/libs/libdaisy/build\libdaisy.a(stm32h7xx_hal_adc.o)
ADC_ConversionStop                                C:/Users/geoff/Documents/Electro-Smith/libs/libdaisy/build\libdaisy.a(stm32h7xx_hal_adc.o)
                                                  C:/Users/geoff/Documents/Electro-Smith/libs/libdaisy/build\libdaisy.a(stm32h7xx_hal_adc_ex.o)
ADC_DMAConvCplt                                   C:/Users/geoff/Documents/Electro-Smith/libs/libdaisy/build\libdaisy.a(stm32h7xx_hal_adc.o)
                                                  C:/Users/geoff/Documents/Electro-Smith/libs/libdaisy/build\libdaisy.a(stm32h7xx_hal_adc_ex.o)
ADC_DMAError                                      C:/Users/geoff/Documents/Electro-Smith/libs/libdaisy/build\libdaisy.a(stm32h7xx_hal_adc.o)
                                                  C:/Users/geoff/Documents/Electro-Smith/libs/libdaisy/build\libdaisy.a(stm32h7xx_hal_adc_ex.o)
ADC_DMAHalfConvCplt                               C:/Users/geoff/Documents/Electro-Smith/libs/libdaisy/build\libdaisy.a(stm32h7xx_hal_adc.o)
                                                  C:/Users/geoff/Documents/Electro-Smith/libs/libdaisy/build\libdaisy.a(stm32h7xx_hal_adc_ex.o)
ADC_Disable                                       C:/Users/geoff/Documents/Electro-Smith/libs/libdaisy/build\libdaisy.a(stm32h7xx_hal_adc.o)
                                                  C:/Users/geoff/Documents/Electro-Smith/libs/libdaisy/build\libdaisy.a(stm32h7xx_hal_adc_ex.o)
ADC_Enable                                        C:/Users/geoff/Documents/Electro-Smith/libs/libdaisy/build\libdaisy.a(stm32h7xx_hal_adc.o)
                                                  C:/Users/geoff/Documents/Electro-Smith/libs/libdaisy/build\libdaisy.a(stm32h7xx_hal_adc_ex.o)
ADC_IRQHandler                                    build/startup_stm32h750xx.o
BDMA_Channel0_IRQHandler                          build/startup_stm32h750xx.o
BDMA_Channel1_IRQHandler                          build/startup_stm32h750xx.o
BDMA_Channel2_IRQHandler                          build/startup_stm32h750xx.o
BDMA_Channel3_IRQHandler                          build/startup_stm32h750xx.o
BDMA_Channel4_IRQHandler                          build/startup_stm32h750xx.o
BDMA_Channel5_IRQHandler                          build/startup_stm32h750xx.o
BDMA_Channel6_IRQHandler                          build/startup_stm32h750xx.o
BDMA_Channel7_IRQHandler                          build/startup_stm32h750xx.o
BusFault_Handler                                  build/startup_stm32h750xx.o
CEC_IRQHandler                                    build/startup_stm32h750xx.o
COMP1_IRQHandler                                  build/startup_stm32h750xx.o
CRS_IRQHandler                                    build/startup_stm32h750xx.o
CRYP_IRQHandler                                   build/startup_stm32h750xx.o
D1CorePrescTable                                  build/system_stm32h7xx.o
                                                  C:/Users/geoff/Documents/Electro-Smith/libs/libdaisy/build\libdaisy.a(stm32h7xx_hal.o)
                                                  C:/Users/geoff/Documents/Electro-Smith/libs/libdaisy/build\libdaisy.a(stm32h7xx_hal_rcc_ex.o)
                                                  C:/Users/geoff/Documents/Electro-Smith/libs/libdaisy/build\libdaisy.a(stm32h7xx_hal_rcc.o)
DCMI_IRQHandler                                   build/startup_stm32h750xx.o
DFSDM1_FLT0_IRQHandler                            build/startup_stm32h750xx.o
DFSDM1_FLT1_IRQHandler                            build/startup_stm32h750xx.o
DFSDM1_FLT2_IRQHandler                            build/startup_stm32h750xx.o
DFSDM1_FLT3_IRQHandler                            build/startup_stm32h750xx.o
DMA1_Stream0_IRQHandler                           C:/Users/geoff/Documents/Electro-Smith/libs/libdaisy/build\libdaisy.a(hid_audio.o)
                                                  build/startup_stm32h750xx.o
DMA1_Stream1_IRQHandler                           C:/Users/geoff/Documents/Electro-Smith/libs/libdaisy/build\libdaisy.a(hid_audio.o)
                                                  build/startup_stm32h750xx.o
DMA1_Stream2_IRQHandler                           C:/Users/geoff/Documents/Electro-Smith/libs/libdaisy/build\libdaisy.a(per_adc.o)
                                                  build/startup_stm32h750xx.o
DMA1_Stream3_IRQHandler                           C:/Users/geoff/Documents/Electro-Smith/libs/libdaisy/build\libdaisy.a(hid_audio.o)
                                                  build/startup_stm32h750xx.o
DMA1_Stream4_IRQHandler                           C:/Users/geoff/Documents/Electro-Smith/libs/libdaisy/build\libdaisy.a(hid_audio.o)
                                                  build/startup_stm32h750xx.o
DMA1_Stream5_IRQHandler                           build/startup_stm32h750xx.o
DMA1_Stream6_IRQHandler                           build/startup_stm32h750xx.o
DMA1_Stream7_IRQHandler                           build/startup_stm32h750xx.o
DMA2D_IRQHandler                                  build/startup_stm32h750xx.o
DMA2_Stream0_IRQHandler                           build/startup_stm32h750xx.o
DMA2_Stream1_IRQHandler                           build/startup_stm32h750xx.o
DMA2_Stream2_IRQHandler                           build/startup_stm32h750xx.o
DMA2_Stream3_IRQHandler                           build/startup_stm32h750xx.o
DMA2_Stream4_IRQHandler                           build/startup_stm32h750xx.o
DMA2_Stream5_IRQHandler                           build/startup_stm32h750xx.o
DMA2_Stream6_IRQHandler                           build/startup_stm32h750xx.o
DMA2_Stream7_IRQHandler                           build/startup_stm32h750xx.o
DMAMUX1_OVR_IRQHandler                            build/startup_stm32h750xx.o
DMAMUX2_OVR_IRQHandler                            build/startup_stm32h750xx.o
DebugMon_Handler                                  build/startup_stm32h750xx.o
Default_Handler                                   build/startup_stm32h750xx.o
ECC_IRQHandler                                    build/startup_stm32h750xx.o
ETH_IRQHandler                                    build/startup_stm32h750xx.o
ETH_WKUP_IRQHandler                               build/startup_stm32h750xx.o
EXTI0_IRQHandler                                  build/startup_stm32h750xx.o
EXTI15_10_IRQHandler                              build/startup_stm32h750xx.o
EXTI1_IRQHandler                                  build/startup_stm32h750xx.o
EXTI2_IRQHandler                                  build/startup_stm32h750xx.o
EXTI3_IRQHandler                                  build/startup_stm32h750xx.o
EXTI4_IRQHandler                                  build/startup_stm32h750xx.o
EXTI9_5_IRQHandler                                build/startup_stm32h750xx.o
FDCAN1_IT0_IRQHandler                             build/startup_stm32h750xx.o
FDCAN1_IT1_IRQHandler                             build/startup_stm32h750xx.o