Archive member included to satisfy reference by file (symbol)

C:/Users/geoff/Documents/Electro-Smith/libs/libdaisy/build\libdaisy.a(daisy_pod.o)
                              build/main.o (daisy::DaisyPod::StartAudio(void (*)(float*, float*, unsigned int)))
C:/Users/geoff/Documents/Electro-Smith/libs/libdaisy/build\libdaisy.a(per_adc.o)
                              C:/Users/geoff/Documents/Electro-Smith/libs/libdaisy/build\libdaisy.a(daisy_pod.o) (daisy::AdcChannelConfig::InitSingle(dsy_gpio_pin))
C:/Users/geoff/Documents/Electro-Smith/libs/libdaisy/build\libdaisy.a(hid_audio.o)
                              C:/Users/geoff/Documents/Electro-Smith/libs/libdaisy/build\libdaisy.a(daisy_pod.o) (dsy_audio_set_callback)
C:/Users/geoff/Documents/Electro-Smith/libs/libdaisy/build\libdaisy.a(per_i2c.o)
                              C:/Users/geoff/Documents/Electro-Smith/libs/libdaisy/build\libdaisy.a(hid_audio.o) (dsy_i2c_init)
C:/Users/geoff/Documents/Electro-Smith/libs/libdaisy/build\libdaisy.a(per_sai.o)
                              C:/Users/geoff/Documents/Electro-Smith/libs/libdaisy/build\libdaisy.a(hid_audio.o) (hsai_BlockA1)
C:/Users/geoff/Documents/Electro-Smith/libs/libdaisy/build\libdaisy.a(per_gpio.o)
                              C:/Users/geoff/Documents/Electro-Smith/libs/libdaisy/build\libdaisy.a(per_adc.o) (dsy_gpio_init)
C:/Users/geoff/Documents/Electro-Smith/libs/libdaisy/build\libdaisy.a(per_tim.o)
                              C:/Users/geoff/Documents/Electro-Smith/libs/libdaisy/build\libdaisy.a(daisy_pod.o) (dsy_tim_start)
C:/Users/geoff/Documents/Electro-Smith/libs/libdaisy/build\libdaisy.a(hid_ctrl.o)
                              C:/Users/geoff/Documents/Electro-Smith/libs/libdaisy/build\libdaisy.a(daisy_pod.o) (daisy::AnalogControl::Init(unsigned short*, float, bool, bool, float))
C:/Users/geoff/Documents/Electro-Smith/libs/libdaisy/build\libdaisy.a(hid_encoder.o)
                              C:/Users/geoff/Documents/Electro-Smith/libs/libdaisy/build\libdaisy.a(daisy_pod.o) (daisy::Encoder::Init(dsy_gpio_pin, dsy_gpio_pin, dsy_gpio_pin, float))
C:/Users/geoff/Documents/Electro-Smith/libs/libdaisy/build\libdaisy.a(hid_rgb_led.o)
                              C:/Users/geoff/Documents/Electro-Smith/libs/libdaisy/build\libdaisy.a(daisy_pod.o) (daisy::RgbLed::Init(dsy_gpio_pin, dsy_gpio_pin, dsy_gpio_pin, bool))
C:/Users/geoff/Documents/Electro-Smith/libs/libdaisy/build\libdaisy.a(hid_switch.o)
                              C:/Users/geoff/Documents/Electro-Smith/libs/libdaisy/build\libdaisy.a(daisy_pod.o) (daisy::Switch::Init(dsy_gpio_pin, float))
C:/Users/geoff/Documents/Electro-Smith/libs/libdaisy/build\libdaisy.a(util_hal_map.o)
                              C:/Users/geoff/Documents/Electro-Smith/libs/libdaisy/build\libdaisy.a(per_i2c.o) (dsy_hal_map_get_port)
C:/Users/geoff/Documents/Electro-Smith/libs/libdaisy/build\libdaisy.a(util_color.o)
                              build/main.o (daisy::Color::Init(daisy::Color::PresetColor))
C:/Users/geoff/Documents/Electro-Smith/libs/libdaisy/build\libdaisy.a(stm32h7xx_hal_adc.o)
                              C:/Users/geoff/Documents/Electro-Smith/libs/libdaisy/build\libdaisy.a(per_adc.o) (HAL_ADC_ConfigChannel)
C:/Users/geoff/Documents/Electro-Smith/libs/libdaisy/build\libdaisy.a(stm32h7xx_hal_adc_ex.o)
                              C:/Users/geoff/Documents/Electro-Smith/libs/libdaisy/build\libdaisy.a(per_adc.o) (HAL_ADCEx_Calibration_Start)
C:/Users/geoff/Documents/Electro-Smith/libs/libdaisy/build\libdaisy.a(stm32h7xx_hal_i2c.o)
                              C:/Users/geoff/Documents/Electro-Smith/libs/libdaisy/build\libdaisy.a(per_i2c.o) (HAL_I2C_Init)
C:/Users/geoff/Documents/Electro-Smith/libs/libdaisy/build\libdaisy.a(stm32h7xx_hal_i2c_ex.o)
                              C:/Users/geoff/Documents/Electro-Smith/libs/libdaisy/build\libdaisy.a(per_i2c.o) (HAL_I2CEx_ConfigAnalogFilter)
C:/Users/geoff/Documents/Electro-Smith/libs/libdaisy/build\libdaisy.a(stm32h7xx_hal_sai.o)
                              C:/Users/geoff/Documents/Electro-Smith/libs/libdaisy/build\libdaisy.a(per_sai.o) (HAL_SAI_InitProtocol)
C:/Users/geoff/Documents/Electro-Smith/libs/libdaisy/build\libdaisy.a(stm32h7xx_hal_tim.o)
                              C:/Users/geoff/Documents/Electro-Smith/libs/libdaisy/build\libdaisy.a(per_tim.o) (HAL_TIM_Base_Init)
C:/Users/geoff/Documents/Electro-Smith/libs/libdaisy/build\libdaisy.a(stm32h7xx_hal_tim_ex.o)
                              C:/Users/geoff/Documents/Electro-Smith/libs/libdaisy/build\libdaisy.a(stm32h7xx_hal_tim.o) (TIMEx_DMACommutationCplt)
C:/Users/geoff/Documents/Electro-Smith/libs/libdaisy/build\libdaisy.a(stm32h7xx_hal_rcc.o)
                              C:/Users/geoff/Documents/Electro-Smith/libs/libdaisy/build\libdaisy.a(stm32h7xx_hal_adc.o) (HAL_RCC_GetHCLKFreq)
C:/Users/geoff/Documents/Electro-Smith/libs/libdaisy/build\libdaisy.a(stm32h7xx_hal_rcc_ex.o)
[...]
Memory Configuration

Name             Origin             Length             Attributes
FLASH            0x08000000         0x00020000         xr
DTCMRAM          0x20000000         0x00020000         xrw
SRAM             0x24000000         0x00080000         xrw
RAM_D2           0x30000000         0x00048000         xrw
RAM_D3           0x38000000         0x00010000         xrw
ITCMRAM          0x00000000         0x00010000         xrw
SDRAM            0xc0000000         0x04000000         xrw
QSPIFLASH        0x90000000         0x00800000         xr
*default*        0x00000000         0xffffffff

Linker script and memory map

LOAD c:/program files (x86)/gnu arm embedded toolchain/9 2020-q2-update/bin/../lib/gcc/arm-none-eabi/9.3.1/thumb/v7e-m+dp/hard/crti.o
LOAD c:/program files (x86)/gnu arm embedded toolchain/9 2020-q2-update/bin/../lib/gcc/arm-none-eabi/9.3.1/thumb/v7e-m+dp/hard/crtbegin.o
LOAD c:/program files (x86)/gnu arm embedded toolchain/9 2020-q2-update/bin/../lib/gcc/arm-none-eabi/9.3.1/../../../../arm-none-eabi/lib/thumb/v7e-m+dp/hard/crt0.o
LOAD build/system_stm32h7xx.o
LOAD build/main.o
LOAD build/startup_stm32h750xx.o
LOAD C:/Users/geoff/Documents/Electro-Smith/libs/libdaisy/build\libdaisy.a
LOAD c:/program files (x86)/gnu arm embedded toolchain/9 2020-q2-update/bin/../lib/gcc/arm-none-eabi/9.3.1/../../../../arm-none-eabi/lib/thumb/v7e-m+dp/hard\libnosys.a
LOAD C:/Users/geoff/Documents/Electro-Smith/libs/DaisySP/build\libdaisysp.a
LOAD c:/program files (x86)/gnu arm embedded toolchain/9 2020-q2-update/bin/../lib/gcc/arm-none-eabi/9.3.1/../../../../arm-none-eabi/lib/thumb/v7e-m+dp/hard\libstdc++_nano.a
LOAD c:/program files (x86)/gnu arm embedded toolchain/9 2020-q2-update/bin/../lib/gcc/arm-none-eabi/9.3.1/../../../../arm-none-eabi/lib/thumb/v7e-m+dp/hard\libm.a
LOAD c:/program files (x86)/gnu arm embedded toolchain/9 2020-q2-update/bin/../lib/gcc/arm-none-eabi/9.3.1/../../../../arm-none-eabi/lib/thumb/v7e-m+dp/hard\libc_nano.a
START GROUP
LOAD c:/program files (x86)/gnu arm embedded toolchain/9 2020-q2-update/bin/../lib/gcc/arm-none-eabi/9.3.1/thumb/v7e-m+dp/hard\libgcc.a
LOAD c:/program files (x86)/gnu arm embedded toolchain/9 2020-q2-update/bin/../lib/gcc/arm-none-eabi/9.3.1/../../../../arm-none-eabi/lib/thumb/v7e-m+dp/hard\libc_nano.a
END GROUP
START GROUP
LOAD c:/program files (x86)/gnu arm embedded toolchain/9 2020-q2-update/bin/../lib/gcc/arm-none-eabi/9.3.1/thumb/v7e-m+dp/hard\libgcc.a
LOAD c:/program files (x86)/gnu arm embedded toolchain/9 2020-q2-update/bin/../lib/gcc/arm-none-eabi/9.3.1/../../../../arm-none-eabi/lib/thumb/v7e-m+dp/hard\libc_nano.a
LOAD c:/program files (x86)/gnu arm embedded toolchain/9 2020-q2-update/bin/../lib/gcc/arm-none-eabi/9.3.1/../../../../arm-none-eabi/lib/thumb/v7e-m+dp/hard\libnosys.a
END GROUP
START GROUP
LOAD c:/program files (x86)/gnu arm embedded toolchain/9 2020-q2-update/bin/../lib/gcc/arm-none-eabi/9.3.1/thumb/v7e-m+dp/hard\libgcc.a
LOAD c:/program files (x86)/gnu arm embedded toolchain/9 2020-q2-update/bin/../lib/gcc/arm-none-eabi/9.3.1/../../../../arm-none-eabi/lib/thumb/v7e-m+dp/hard\libc_nano.a
LOAD c:/program files (x86)/gnu arm embedded toolchain/9 2020-q2-update/bin/../lib/gcc/arm-none-eabi/9.3.1/../../../../arm-none-eabi/lib/thumb/v7e-m+dp/hard\libnosys.a
END GROUP
LOAD c:/program files (x86)/gnu arm embedded toolchain/9 2020-q2-update/bin/../lib/gcc/arm-none-eabi/9.3.1/thumb/v7e-m+dp/hard/crtend.o
LOAD c:/program files (x86)/gnu arm embedded toolchain/9 2020-q2-update/bin/../lib/gcc/arm-none-eabi/9.3.1/thumb/v7e-m+dp/hard/crtn.o
                0x20020000                _estack = 0x20020000

.isr_vector     0x08000000      0x298
                0x08000000                . = ALIGN (0x4)
 *(.isr_vector)
 .isr_vector    0x08000000      0x298 build/startup_stm32h750xx.o
                0x08000000                g_pfnVectors
                0x08000298                . = ALIGN (0x4)

.eh_frame       0x08000298        0x0
 .eh_frame      0x08000298        0x0 c:/program files (x86)/gnu arm embedded toolchain/9 2020-q2-update/bin/../lib/gcc/arm-none-eabi/9.3.1/thumb/v7e-m+dp/hard/crtbegin.o

.text           0x08000298     0x8814
                0x08000298                . = ALIGN (0x4)
                0x08000298                _stext = .
 *(.text)
 .text          0x08000298       0x40 c:/program files (x86)/gnu arm embedded toolchain/9 2020-q2-update/bin/../lib/gcc/arm-none-eabi/9.3.1/thumb/v7e-m+dp/hard/crtbegin.o
 *(.text*)
 .text.SystemInit
                0x080002d8       0x80 build/system_stm32h7xx.o
                0x080002d8                SystemInit
 .text._ZN5daisy8DaisyPodD2Ev
                0x08000358        0x4 build/main.o
                0x08000358                daisy::DaisyPod::~DaisyPod()
                0x08000358                daisy::DaisyPod::~DaisyPod()
 .text.__tcf_0  0x0800035c        0x4 build/main.o
 .text._ZL8callbackPfS_j
                0x08000360       0xa4 build/main.o
 .text.startup.main
                0x08000404       0x60 build/main.o
                0x08000404                main
 .text.startup._GLOBAL__sub_I_set_colors
                0x08000464       0x2c build/main.o
 .text.Reset_Handler
                0x08000490       0x50 build/startup_stm32h750xx.o
                0x08000490                Reset_Handler
 .text.Default_Handler
                0x080004e0        0x2 build/startup_stm32h750xx.o
                0x080004e0                RTC_Alarm_IRQHandler
                0x080004e0                HASH_RNG_IRQHandler
                0x080004e0                EXTI2_IRQHandler
                0x080004e0                TIM8_CC_IRQHandler
                0x080004e0                HRTIM1_Master_IRQHandler
                0x080004e0                DebugMon_Handler
                0x080004e0                UART8_IRQHandler
                0x080004e0                SPI4_IRQHandler
                0x080004e0                TIM1_CC_IRQHandler
                0x080004e0                BDMA_Channel6_IRQHandler
                0x080004e0                DMA2_Stream5_IRQHandler
                0x080004e0                HRTIM1_FLT_IRQHandler
                0x080004e0                JPEG_IRQHandler
                0x080004e0                DMA1_Stream5_IRQHandler
                0x080004e0                BDMA_Channel1_IRQHandler
                0x080004e0                HRTIM1_TIMD_IRQHandler
                0x080004e0                TAMP_STAMP_IRQHandler
                0x080004e0                PendSV_Handler
                0x080004e0                NMI_Handler
                0x080004e0                EXTI3_IRQHandler
                0x080004e0                LPTIM4_IRQHandler
                0x080004e0                TIM8_TRG_COM_TIM14_IRQHandler
                0x080004e0                LPTIM2_IRQHandler
                0x080004e0                DFSDM1_FLT1_IRQHandler
                0x080004e0                DMAMUX2_OVR_IRQHandler
                0x080004e0                TIM8_UP_TIM13_IRQHandler
                0x080004e0                I2C3_ER_IRQHandler
                0x080004e0                DFSDM1_FLT2_IRQHandler
                0x080004e0                MDMA_IRQHandler
                0x080004e0                LPTIM3_IRQHandler
                0x080004e0                HSEM1_IRQHandler
                0x080004e0                EXTI0_IRQHandler
                0x080004e0                I2C2_EV_IRQHandler
                0x080004e0                FPU_IRQHandler
                0x080004e0                OTG_HS_WKUP_IRQHandler
                0x080004e0                FDCAN1_IT1_IRQHandler
                0x080004e0                UsageFault_Handler
                0x080004e0                LTDC_ER_IRQHandler
                0x080004e0                DMA2_Stream2_IRQHandler
                0x080004e0                HRTIM1_TIME_IRQHandler
                0x080004e0                SPI1_IRQHandler
                0x080004e0                TIM6_DAC_IRQHandler
                0x080004e0                DCMI_IRQHandler
                0x080004e0                HRTIM1_TIMC_IRQHandler
                0x080004e0                DMA2_Stream3_IRQHandler
                0x080004e0                SAI2_IRQHandler
                0x080004e0                DFSDM1_FLT3_IRQHandler
                0x080004e0                USART6_IRQHandler
                0x080004e0                TIM17_IRQHandler
                0x080004e0                USART3_IRQHandler
                0x080004e0                BDMA_Channel7_IRQHandler
                0x080004e0                CRYP_IRQHandler
                0x080004e0                LPTIM5_IRQHandler
                0x080004e0                UART5_IRQHandler
                0x080004e0                ADC3_IRQHandler
                0x080004e0                DMA2_Stream0_IRQHandler
                0x080004e0                TIM4_IRQHandler
                0x080004e0                BDMA_Channel2_IRQHandler
                0x080004e0                I2C1_EV_IRQHandler
                0x080004e0                DMA1_Stream6_IRQHandler
                0x080004e0                DMAMUX1_OVR_IRQHandler
                0x080004e0                TIM16_IRQHandler
                0x080004e0                UART4_IRQHandler
                0x080004e0                BDMA_Channel5_IRQHandler
                0x080004e0                TIM3_IRQHandler
                0x080004e0                RCC_IRQHandler
                0x080004e0                TIM8_BRK_TIM12_IRQHandler
                0x080004e0                TIM1_TRG_COM_IRQHandler
                0x080004e0                Default_Handler
                0x080004e0                ECC_IRQHandler
                0x080004e0                CEC_IRQHandler
                0x080004e0                EXTI15_10_IRQHandler
                0x080004e0                BDMA_Channel0_IRQHandler
                0x080004e0                ADC_IRQHandler
                0x080004e0                DMA1_Stream7_IRQHandler
                0x080004e0                HRTIM1_TIMA_IRQHandler
                0x080004e0                SPI5_IRQHandler
                0x080004e0                TIM7_IRQHandler
                0x080004e0                SDMMC1_IRQHandler
                0x080004e0                TIM5_IRQHandler
                0x080004e0                DMA2_Stream7_IRQHandler
                0x080004e0                TIM15_IRQHandler
                0x080004e0                PVD_AVD_IRQHandler
                0x080004e0                I2C3_EV_IRQHandler
                0x080004e0                EXTI9_5_IRQHandler
                0x080004e0                RTC_WKUP_IRQHandler
                0x080004e0                LTDC_IRQHandler
                0x080004e0                SAI3_IRQHandler
                0x080004e0                ETH_WKUP_IRQHandler
                0x080004e0                SPDIF_RX_IRQHandler
                0x080004e0                SPI2_IRQHandler
                0x080004e0                OTG_HS_EP1_IN_IRQHandler
                0x080004e0                MemManage_Handler
                0x080004e0                SVC_Handler
                0x080004e0                CRS_IRQHandler
                0x080004e0                EXTI4_IRQHandler
                0x080004e0                HRTIM1_TIMB_IRQHandler
                0x080004e0                FDCAN2_IT1_IRQHandler
                0x080004e0                ETH_IRQHandler
                0x080004e0                TIM1_UP_IRQHandler
                0x080004e0                BDMA_Channel4_IRQHandler
                0x080004e0                OTG_HS_EP1_OUT_IRQHandler
                0x080004e0                WWDG_IRQHandler
                0x080004e0                SPI6_IRQHandler
                0x080004e0                MDIOS_IRQHandler
                0x080004e0                I2C4_EV_IRQHandler
                0x080004e0                FDCAN2_IT0_IRQHandler
                0x080004e0                LPUART1_IRQHandler
                0x080004e0                FDCAN1_IT0_IRQHandler
                0x080004e0                TIM2_IRQHandler
                0x080004e0                OTG_FS_WKUP_IRQHandler
                0x080004e0                OTG_HS_IRQHandler
                0x080004e0                DMA2D_IRQHandler
                0x080004e0                TIM1_BRK_IRQHandler
                0x080004e0                EXTI1_IRQHandler
                0x080004e0                SDMMC2_IRQHandler
                0x080004e0                OTG_FS_EP1_OUT_IRQHandler
                0x080004e0                BDMA_Channel3_IRQHandler
                0x080004e0                UART7_IRQHandler
                0x080004e0                MDIOS_WKUP_IRQHandler
                0x080004e0                USART2_IRQHandler
                0x080004e0                DFSDM1_FLT0_IRQHandler
                0x080004e0                SAI4_IRQHandler
                0x080004e0                I2C2_ER_IRQHandler
                0x080004e0                DMA2_Stream1_IRQHandler
                0x080004e0                FLASH_IRQHandler
                0x080004e0                DMA2_Stream4_IRQHandler
                0x080004e0                BusFault_Handler
                0x080004e0                USART1_IRQHandler
                0x080004e0                OTG_FS_IRQHandler
                0x080004e0                SPI3_IRQHandler
                0x080004e0                WAKEUP_PIN_IRQHandler
                0x080004e0                OTG_FS_EP1_IN_IRQHandler
                0x080004e0                I2C1_ER_IRQHandler
                0x080004e0                FMC_IRQHandler
                0x080004e0                FDCAN_CAL_IRQHandler
                0x080004e0                SWPMI1_IRQHandler
                0x080004e0                COMP1_IRQHandler
                0x080004e0                LPTIM1_IRQHandler
                0x080004e0                I2C4_ER_IRQHandler
                0x080004e0                DMA2_Stream6_IRQHandler
                0x080004e0                SAI1_IRQHandler
 *fill*         0x080004e2        0x2 
 .text._ZN5daisy8DaisyPod10StartAudioEPFvPfS1_jE
                0x080004e4       0x14 C:/Users/geoff/Documents/Electro-Smith/libs/libdaisy/build\libdaisy.a(daisy_pod.o)
                0x080004e4                daisy::DaisyPod::StartAudio(void (*)(float*, float*, unsigned int))
 .text._ZN5daisy8DaisyPod9ClearLedsEv
                0x080004f8       0x3c C:/Users/geoff/Documents/Electro-Smith/libs/libdaisy/build\libdaisy.a(daisy_pod.o)
                0x080004f8                daisy::DaisyPod::ClearLeds()
 .text._ZN5daisy8DaisyPod10UpdateLedsEv
                0x08000534       0x18 C:/Users/geoff/Documents/Electro-Smith/libs/libdaisy/build\libdaisy.a(daisy_pod.o)
                0x08000534                daisy::DaisyPod::UpdateLeds()
 .text._ZN5daisy8DaisyPod8InitLedsEv
                0x0800054c       0xc4 C:/Users/geoff/Documents/Electro-Smith/libs/libdaisy/build\libdaisy.a(daisy_pod.o)
                0x0800054c                daisy::DaisyPod::InitLeds()
 .text._ZN5daisy8DaisyPod9InitKnobsEv
                0x08000610       0x9c C:/Users/geoff/Documents/Electro-Smith/libs/libdaisy/build\libdaisy.a(daisy_pod.o)
                0x08000610                daisy::DaisyPod::InitKnobs()
 .text._ZN5daisy8DaisyPod4InitEv
                0x080006ac       0xdc C:/Users/geoff/Documents/Electro-Smith/libs/libdaisy/build\libdaisy.a(daisy_pod.o)
                0x080006ac                daisy::DaisyPod::Init()
 .text._ZN5daisy16AdcChannelConfig10InitSingleE12dsy_gpio_pin
                0x08000788       0x24 C:/Users/geoff/Documents/Electro-Smith/libs/libdaisy/build\libdaisy.a(per_adc.o)
                0x08000788                daisy::AdcChannelConfig::InitSingle(dsy_gpio_pin)
 .text._ZN5daisy9AdcHandle4InitEPNS_16AdcChannelConfigEjNS0_12OverSamplingE
                0x080007ac      0x54c C:/Users/geoff/Documents/Electro-Smith/libs/libdaisy/build\libdaisy.a(per_adc.o)
                0x080007ac                daisy::AdcHandle::Init(daisy::AdcChannelConfig*, unsigned int, daisy::AdcHandle::OverSampling)
 .text._ZN5daisy9AdcHandle6GetPtrEh
                0x08000cf8       0x14 C:/Users/geoff/Documents/Electro-Smith/libs/libdaisy/build\libdaisy.a(per_adc.o)
                0x08000cf8                daisy::AdcHandle::GetPtr(unsigned char)
 .text.HAL_ADC_MspInit
                0x08000d0c       0x88 C:/Users/geoff/Documents/Electro-Smith/libs/libdaisy/build\libdaisy.a(per_adc.o)
                0x08000d0c                HAL_ADC_MspInit
 .text.DMA1_Stream2_IRQHandler
                0x08000d94        0xc C:/Users/geoff/Documents/Electro-Smith/libs/libdaisy/build\libdaisy.a(per_adc.o)
                0x08000d94                DMA1_Stream2_IRQHandler
 .text.combined_callback
                0x08000da0      0x3d4 C:/Users/geoff/Documents/Electro-Smith/libs/libdaisy/build\libdaisy.a(hid_audio.o)
 .text.dsy_audio_passthru
                0x08001174        0xc C:/Users/geoff/Documents/Electro-Smith/libs/libdaisy/build\libdaisy.a(hid_audio.o)
                0x08001174                dsy_audio_passthru
 .text.internal_callback
                0x08001180      0x19c C:/Users/geoff/Documents/Electro-Smith/libs/libdaisy/build\libdaisy.a(hid_audio.o)
 .text.DMA1_Stream0_IRQHandler
                0x0800131c        0xc C:/Users/geoff/Documents/Electro-Smith/libs/libdaisy/build\libdaisy.a(hid_audio.o)
                0x0800131c                DMA1_Stream0_IRQHandler
 .text.DMA1_Stream1_IRQHandler
                0x08001328        0xc C:/Users/geoff/Documents/Electro-Smith/libs/libdaisy/build\libdaisy.a(hid_audio.o)
                0x08001328                DMA1_Stream1_IRQHandler
 .text.DMA1_Stream3_IRQHandler
                0x08001334        0xc C:/Users/geoff/Documents/Electro-Smith/libs/libdaisy/build\libdaisy.a(hid_audio.o)
                0x08001334                DMA1_Stream3_IRQHandler
 .text.DMA1_Stream4_IRQHandler
                0x08001340        0xc C:/Users/geoff/Documents/Electro-Smith/libs/libdaisy/build\libdaisy.a(hid_audio.o)
                0x08001340                DMA1_Stream4_IRQHandler
 .text.dsy_audio_init
                0x0800134c      0x238 C:/Users/geoff/Documents/Electro-Smith/libs/libdaisy/build\libdaisy.a(hid_audio.o)
                0x0800134c                dsy_audio_init
 .text.dsy_audio_set_callback
                0x08001584       0x20 C:/Users/geoff/Documents/Electro-Smith/libs/libdaisy/build\libdaisy.a(hid_audio.o)
                0x08001584                dsy_audio_set_callback
 .text.dsy_audio_set_blocksize
                0x080015a4       0x2c C:/Users/geoff/Documents/Electro-Smith/libs/libdaisy/build\libdaisy.a(hid_audio.o)
                0x080015a4                dsy_audio_set_blocksize
 .text.dsy_audio_start
                0x080015d0       0xac C:/Users/geoff/Documents/Electro-Smith/libs/libdaisy/build\libdaisy.a(hid_audio.o)
                0x080015d0                dsy_audio_start
 .text.HAL_SAI_RxHalfCpltCallback
                0x0800167c       0x2c C:/Users/geoff/Documents/Electro-Smith/libs/libdaisy/build\libdaisy.a(hid_audio.o)
                0x0800167c                HAL_SAI_RxHalfCpltCallback
 .text.HAL_SAI_RxCpltCallback
                0x080016a8       0x3c C:/Users/geoff/Documents/Electro-Smith/libs/libdaisy/build\libdaisy.a(hid_audio.o)
                0x080016a8                HAL_SAI_RxCpltCallback
 .text.dsy_i2c_init
                0x080016e4       0xcc C:/Users/geoff/Documents/Electro-Smith/libs/libdaisy/build\libdaisy.a(per_i2c.o)
                0x080016e4                dsy_i2c_init
 .text.HAL_I2C_MspInit
                0x080017b0      0x2a8 C:/Users/geoff/Documents/Electro-Smith/libs/libdaisy/build\libdaisy.a(per_i2c.o)
                0x080017b0                HAL_I2C_MspInit
 .text.dsy_sai2_init
                0x08001a58       0x78 C:/Users/geoff/Documents/Electro-Smith/libs/libdaisy/build\libdaisy.a(per_sai.o)
 .text.dsy_sai_blocks_init.constprop.0
                0x08001ad0       0xa4 C:/Users/geoff/Documents/Electro-Smith/libs/libdaisy/build\libdaisy.a(per_sai.o)
 .text.dsy_sai_init_from_handle
                0x08001b74       0x88 C:/Users/geoff/Documents/Electro-Smith/libs/libdaisy/build\libdaisy.a(per_sai.o)
                0x08001b74                dsy_sai_init_from_handle
 .text.HAL_SAI_MspInit
                0x08001bfc      0x41c C:/Users/geoff/Documents/Electro-Smith/libs/libdaisy/build\libdaisy.a(per_sai.o)
                0x08001bfc                HAL_SAI_MspInit
 .text.dsy_gpio_init
                0x08002018       0x58 C:/Users/geoff/Documents/Electro-Smith/libs/libdaisy/build\libdaisy.a(per_gpio.o)
                0x08002018                dsy_gpio_init
 .text.dsy_gpio_read
                0x08002070       0x1c C:/Users/geoff/Documents/Electro-Smith/libs/libdaisy/build\libdaisy.a(per_gpio.o)
                0x08002070                dsy_gpio_read
 .text.dsy_gpio_write
                0x0800208c       0x24 C:/Users/geoff/Documents/Electro-Smith/libs/libdaisy/build\libdaisy.a(per_gpio.o)
                0x0800208c                dsy_gpio_write
 .text.dsy_tim_init
                0x080020b0       0x70 C:/Users/geoff/Documents/Electro-Smith/libs/libdaisy/build\libdaisy.a(per_tim.o)
                0x080020b0                dsy_tim_init
 .text.dsy_tim_start
                0x08002120        0xc C:/Users/geoff/Documents/Electro-Smith/libs/libdaisy/build\libdaisy.a(per_tim.o)
                0x08002120                dsy_tim_start
 .text.HAL_TIM_Base_MspInit
                0x0800212c       0x30 C:/Users/geoff/Documents/Electro-Smith/libs/libdaisy/build\libdaisy.a(per_tim.o)
                0x0800212c                HAL_TIM_Base_MspInit
 .text._ZN5daisy13AnalogControl4InitEPtfbbf
                0x0800215c       0x34 C:/Users/geoff/Documents/Electro-Smith/libs/libdaisy/build\libdaisy.a(hid_ctrl.o)
                0x0800215c                daisy::AnalogControl::Init(unsigned short*, float, bool, bool, float)
 .text._ZN5daisy7Encoder4InitE12dsy_gpio_pinS1_S1_f
                0x08002190       0x4c C:/Users/geoff/Documents/Electro-Smith/libs/libdaisy/build\libdaisy.a(hid_encoder.o)
                0x08002190                daisy::Encoder::Init(dsy_gpio_pin, dsy_gpio_pin, dsy_gpio_pin, float)
 .text._ZN5daisy7Encoder8DebounceEv
                0x080021dc       0x60 C:/Users/geoff/Documents/Electro-Smith/libs/libdaisy/build\libdaisy.a(hid_encoder.o)
                0x080021dc                daisy::Encoder::Debounce()
 .text._ZN5daisy6RgbLed4InitE12dsy_gpio_pinS1_S1_b
                0x0800223c       0x50 C:/Users/geoff/Documents/Electro-Smith/libs/libdaisy/build\libdaisy.a(hid_rgb_led.o)
                0x0800223c                daisy::RgbLed::Init(dsy_gpio_pin, dsy_gpio_pin, dsy_gpio_pin, bool)
 .text._ZN5daisy6RgbLed8SetColorENS_5ColorE
                0x0800228c       0x2c C:/Users/geoff/Documents/Electro-Smith/libs/libdaisy/build\libdaisy.a(hid_rgb_led.o)
                0x0800228c                daisy::RgbLed::SetColor(daisy::Color)
 .text._ZN5daisy6RgbLed6UpdateEv
                0x080022b8       0x1c C:/Users/geoff/Documents/Electro-Smith/libs/libdaisy/build\libdaisy.a(hid_rgb_led.o)
                0x080022b8                daisy::RgbLed::Update()
 .text._ZN5daisy6Switch4InitE12dsy_gpio_pinf
                0x080022d4       0x38 C:/Users/geoff/Documents/Electro-Smith/libs/libdaisy/build\libdaisy.a(hid_switch.o)
                0x080022d4                daisy::Switch::Init(dsy_gpio_pin, float)
 .text._ZN5daisy6Switch8DebounceEv
                0x0800230c       0x4c C:/Users/geoff/Documents/Electro-Smith/libs/libdaisy/build\libdaisy.a(hid_switch.o)
                0x0800230c                daisy::Switch::Debounce()
 .text.dsy_hal_map_get_port
                0x08002358       0x10 C:/Users/geoff/Documents/Electro-Smith/libs/libdaisy/build\libdaisy.a(util_hal_map.o)
                0x08002358                dsy_hal_map_get_port
 .text.dsy_hal_map_get_pin
                0x08002368       0x10 C:/Users/geoff/Documents/Electro-Smith/libs/libdaisy/build\libdaisy.a(util_hal_map.o)
                0x08002368                dsy_hal_map_get_pin
 .text.dsy_hal_map_get_i2c
                0x08002378       0x28 C:/Users/geoff/Documents/Electro-Smith/libs/libdaisy/build\libdaisy.a(util_hal_map.o)
                0x08002378                dsy_hal_map_get_i2c
 .text._ZN5daisy5Color4InitENS0_11PresetColorE
                0x080023a0       0x24 C:/Users/geoff/Documents/Electro-Smith/libs/libdaisy/build\libdaisy.a(util_color.o)
                0x080023a0                daisy::Color::Init(daisy::Color::PresetColor)
 .text.HAL_ADC_ConfigChannel
                0x080023c4      0x3fc C:/Users/geoff/Documents/Electro-Smith/libs/libdaisy/build\libdaisy.a(stm32h7xx_hal_adc.o)
                0x080023c4                HAL_ADC_ConfigChannel
 .text.ADC_ConfigureBoostMode
                0x080027c0      0x190 C:/Users/geoff/Documents/Electro-Smith/libs/libdaisy/build\libdaisy.a(stm32h7xx_hal_adc.o)
                0x080027c0                ADC_ConfigureBoostMode
 .text.HAL_ADC_Init
                0x08002950      0x214 C:/Users/geoff/Documents/Electro-Smith/libs/libdaisy/build\libdaisy.a(stm32h7xx_hal_adc.o)
                0x08002950                HAL_ADC_Init
 .text.HAL_ADCEx_MultiModeConfigChannel
                0x08002b64       0xc4 C:/Users/geoff/Documents/Electro-Smith/libs/libdaisy/build\libdaisy.a(stm32h7xx_hal_adc_ex.o)
                0x08002b64                HAL_ADCEx_MultiModeConfigChannel
 .text.I2C_WaitOnTXISFlagUntilTimeout
                0x08002c28       0xb8 C:/Users/geoff/Documents/Electro-Smith/libs/libdaisy/build\libdaisy.a(stm32h7xx_hal_i2c.o)
 .text.I2C_WaitOnSTOPFlagUntilTimeout
                0x08002ce0       0xac C:/Users/geoff/Documents/Electro-Smith/libs/libdaisy/build\libdaisy.a(stm32h7xx_hal_i2c.o)
 .text.HAL_I2C_Init
                0x08002d8c       0xa8 C:/Users/geoff/Documents/Electro-Smith/libs/libdaisy/build\libdaisy.a(stm32h7xx_hal_i2c.o)
                0x08002d8c                HAL_I2C_Init
 .text.HAL_I2C_Master_Transmit
                0x08002e34      0x1b4 C:/Users/geoff/Documents/Electro-Smith/libs/libdaisy/build\libdaisy.a(stm32h7xx_hal_i2c.o)
                0x08002e34                HAL_I2C_Master_Transmit
 .text.HAL_I2CEx_ConfigAnalogFilter
                0x08002fe8       0x58 C:/Users/geoff/Documents/Electro-Smith/libs/libdaisy/build\libdaisy.a(stm32h7xx_hal_i2c_ex.o)
                0x08002fe8                HAL_I2CEx_ConfigAnalogFilter
 .text.HAL_I2CEx_ConfigDigitalFilter
                0x08003040       0x54 C:/Users/geoff/Documents/Electro-Smith/libs/libdaisy/build\libdaisy.a(stm32h7xx_hal_i2c_ex.o)
                0x08003040                HAL_I2CEx_ConfigDigitalFilter
 .text.HAL_SAI_Init.part.0
                0x08003094      0x364 C:/Users/geoff/Documents/Electro-Smith/libs/libdaisy/build\libdaisy.a(stm32h7xx_hal_sai.o)
 .text.HAL_SAI_InitProtocol
                0x080033f8      0x184 C:/Users/geoff/Documents/Electro-Smith/libs/libdaisy/build\libdaisy.a(stm32h7xx_hal_sai.o)
                0x080033f8                HAL_SAI_InitProtocol
 .text.HAL_SAI_Transmit_DMA
                0x0800357c      0x124 C:/Users/geoff/Documents/Electro-Smith/libs/libdaisy/build\libdaisy.a(stm32h7xx_hal_sai.o)
                0x0800357c                HAL_SAI_Transmit_DMA
 .text.HAL_SAI_Receive_DMA
                0x080036a0       0xcc C:/Users/geoff/Documents/Electro-Smith/libs/libdaisy/build\libdaisy.a(stm32h7xx_hal_sai.o)
                0x080036a0                HAL_SAI_Receive_DMA
 .text.HAL_SAI_TxCpltCallback
                0x0800376c        0x4 C:/Users/geoff/Documents/Electro-Smith/libs/libdaisy/build\libdaisy.a(stm32h7xx_hal_sai.o)
                0x0800376c                HAL_SAI_TxCpltCallback
 .text.SAI_DMATxCplt
                0x08003770       0x60 C:/Users/geoff/Documents/Electro-Smith/libs/libdaisy/build\libdaisy.a(stm32h7xx_hal_sai.o)
 .text.HAL_SAI_TxHalfCpltCallback
                0x080037d0        0x4 C:/Users/geoff/Documents/Electro-Smith/libs/libdaisy/build\libdaisy.a(stm32h7xx_hal_sai.o)
                0x080037d0                HAL_SAI_TxHalfCpltCallback
 .text.SAI_DMATxHalfCplt
                0x080037d4        0xc C:/Users/geoff/Documents/Electro-Smith/libs/libdaisy/build\libdaisy.a(stm32h7xx_hal_sai.o)
 .text.SAI_DMARxCplt
                0x080037e0       0x60 C:/Users/geoff/Documents/Electro-Smith/libs/libdaisy/build\libdaisy.a(stm32h7xx_hal_sai.o)
 .text.SAI_DMARxHalfCplt
                0x08003840        0xc C:/Users/geoff/Documents/Electro-Smith/libs/libdaisy/build\libdaisy.a(stm32h7xx_hal_sai.o)
 .text.HAL_SAI_ErrorCallback
                0x0800384c        0x4 C:/Users/geoff/Documents/Electro-Smith/libs/libdaisy/build\libdaisy.a(stm32h7xx_hal_sai.o)
                0x0800384c                HAL_SAI_ErrorCallback
 .text.SAI_DMAError
                0x08003850       0x6c C:/Users/geoff/Documents/Electro-Smith/libs/libdaisy/build\libdaisy.a(stm32h7xx_hal_sai.o)
 .text.HAL_TIM_Base_Init
                0x080038bc      0x130 C:/Users/geoff/Documents/Electro-Smith/libs/libdaisy/build\libdaisy.a(stm32h7xx_hal_tim.o)
                0x080038bc                HAL_TIM_Base_Init
 .text.HAL_TIM_Base_Start
                0x080039ec       0x38 C:/Users/geoff/Documents/Electro-Smith/libs/libdaisy/build\libdaisy.a(stm32h7xx_hal_tim.o)
                0x080039ec                HAL_TIM_Base_Start
 .text.HAL_TIM_ConfigClockSource
                0x08003a24      0x17c C:/Users/geoff/Documents/Electro-Smith/libs/libdaisy/build\libdaisy.a(stm32h7xx_hal_tim.o)
                0x08003a24                HAL_TIM_ConfigClockSource
 .text.HAL_TIMEx_MasterConfigSynchronization
                0x08003ba0       0x60 C:/Users/geoff/Documents/Electro-Smith/libs/libdaisy/build\libdaisy.a(stm32h7xx_hal_tim_ex.o)
                0x08003ba0                HAL_TIMEx_MasterConfigSynchronization
 .text.HAL_RCC_OscConfig
                0x08003c00      0x538 C:/Users/geoff/Documents/Electro-Smith/libs/libdaisy/build\libdaisy.a(stm32h7xx_hal_rcc.o)
                0x08003c00                HAL_RCC_OscConfig
 .text.HAL_RCC_GetSysClockFreq
                0x08004138      0x140 C:/Users/geoff/Documents/Electro-Smith/libs/libdaisy/build\libdaisy.a(stm32h7xx_hal_rcc.o)
                0x08004138                HAL_RCC_GetSysClockFreq
 .text.HAL_RCC_ClockConfig
                0x08004278      0x234 C:/Users/geoff/Documents/Electro-Smith/libs/libdaisy/build\libdaisy.a(stm32h7xx_hal_rcc.o)
                0x08004278                HAL_RCC_ClockConfig
 .text.HAL_RCC_GetHCLKFreq
                0x080044ac       0x2c C:/Users/geoff/Documents/Electro-Smith/libs/libdaisy/build\libdaisy.a(stm32h7xx_hal_rcc.o)
                0x080044ac                HAL_RCC_GetHCLKFreq
 .text.RCCEx_PLL2_Config
                0x080044d8       0xf8 C:/Users/geoff/Documents/Electro-Smith/libs/libdaisy/build\libdaisy.a(stm32h7xx_hal_rcc_ex.o)
 .text.RCCEx_PLL3_Config
                0x080045d0       0xf8 C:/Users/geoff/Documents/Electro-Smith/libs/libdaisy/build\libdaisy.a(stm32h7xx_hal_rcc_ex.o)
 .text.HAL_RCCEx_PeriphCLKConfig
                0x080046c8      0xa7c C:/Users/geoff/Documents/Electro-Smith/libs/libdaisy/build\libdaisy.a(stm32h7xx_hal_rcc_ex.o)
                0x080046c8                HAL_RCCEx_PeriphCLKConfig
 .text.HAL_RCCEx_GetPLL2ClockFreq
                0x08005144      0x17c C:/Users/geoff/Documents/Electro-Smith/libs/libdaisy/build\libdaisy.a(stm32h7xx_hal_rcc_ex.o)
                0x08005144                HAL_RCCEx_GetPLL2ClockFreq
 .text.HAL_RCCEx_GetPLL3ClockFreq
                0x080052c0      0x17c C:/Users/geoff/Documents/Electro-Smith/libs/libdaisy/build\libdaisy.a(stm32h7xx_hal_rcc_ex.o)
                0x080052c0                HAL_RCCEx_GetPLL3ClockFreq
 .text.HAL_RCCEx_GetPLL1ClockFreq
                0x0800543c      0x17c C:/Users/geoff/Documents/Electro-Smith/libs/libdaisy/build\libdaisy.a(stm32h7xx_hal_rcc_ex.o)
                0x0800543c                HAL_RCCEx_GetPLL1ClockFreq
 .text.HAL_RCCEx_GetPeriphCLKFreq
                0x080055b8      0x198 C:/Users/geoff/Documents/Electro-Smith/libs/libdaisy/build\libdaisy.a(stm32h7xx_hal_rcc_ex.o)
                0x080055b8                HAL_RCCEx_GetPeriphCLKFreq
 .text.HAL_RCCEx_GetD1SysClockFreq
                0x08005750       0x2c C:/Users/geoff/Documents/Electro-Smith/libs/libdaisy/build\libdaisy.a(stm32h7xx_hal_rcc_ex.o)
                0x08005750                HAL_RCCEx_GetD1SysClockFreq
 .text.HAL_GPIO_Init
                0x0800577c      0x248 C:/Users/geoff/Documents/Electro-Smith/libs/libdaisy/build\libdaisy.a(stm32h7xx_hal_gpio.o)
                0x0800577c                HAL_GPIO_Init
 .text.HAL_GPIO_DeInit
                0x080059c4      0x19c C:/Users/geoff/Documents/Electro-Smith/libs/libdaisy/build\libdaisy.a(stm32h7xx_hal_gpio.o)
                0x080059c4                HAL_GPIO_DeInit
 .text.HAL_GPIO_ReadPin
                0x08005b60        0xc C:/Users/geoff/Documents/Electro-Smith/libs/libdaisy/build\libdaisy.a(stm32h7xx_hal_gpio.o)
                0x08005b60                HAL_GPIO_ReadPin
 .text.HAL_GPIO_WritePin
                0x08005b6c        0x8 C:/Users/geoff/Documents/Electro-Smith/libs/libdaisy/build\libdaisy.a(stm32h7xx_hal_gpio.o)
                0x08005b6c                HAL_GPIO_WritePin
 .text.DMA_CalcBaseAndBitshift
                0x08005b74       0xf8 C:/Users/geoff/Documents/Electro-Smith/libs/libdaisy/build\libdaisy.a(stm32h7xx_hal_dma.o)
 .text.DMA_CalcDMAMUXChannelBaseAndMask
                0x08005c6c       0xd8 C:/Users/geoff/Documents/Electro-Smith/libs/libdaisy/build\libdaisy.a(stm32h7xx_hal_dma.o)
 .text.HAL_DMA_Init
                0x08005d44      0x394 C:/Users/geoff/Documents/Electro-Smith/libs/libdaisy/build\libdaisy.a(stm32h7xx_hal_dma.o)
                0x08005d44                HAL_DMA_Init
 .text.HAL_DMA_Start_IT
                0x080060d8      0x250 C:/Users/geoff/Documents/Electro-Smith/libs/libdaisy/build\libdaisy.a(stm32h7xx_hal_dma.o)
                0x080060d8                HAL_DMA_Start_IT
 .text.HAL_DMA_IRQHandler
                0x08006328      0x6bc C:/Users/geoff/Documents/Electro-Smith/libs/libdaisy/build\libdaisy.a(stm32h7xx_hal_dma.o)
                0x08006328                HAL_DMA_IRQHandler
 .text.HAL_DMA_GetError
                0x080069e4        0x4 C:/Users/geoff/Documents/Electro-Smith/libs/libdaisy/build\libdaisy.a(stm32h7xx_hal_dma.o)
                0x080069e4                HAL_DMA_GetError
 .text.HAL_MspInit
                0x080069e8        0x4 C:/Users/geoff/Documents/Electro-Smith/libs/libdaisy/build\libdaisy.a(stm32h7xx_hal.o)
                0x080069e8                HAL_MspInit
 .text.HAL_InitTick
                0x080069ec       0x4c C:/Users/geoff/Documents/Electro-Smith/libs/libdaisy/build\libdaisy.a(stm32h7xx_hal.o)
                0x080069ec                HAL_InitTick
 .text.HAL_Init
                0x08006a38       0x5c C:/Users/geoff/Documents/Electro-Smith/libs/libdaisy/build\libdaisy.a(stm32h7xx_hal.o)
                0x08006a38                HAL_Init
 .text.HAL_IncTick
                0x08006a94       0x18 C:/Users/geoff/Documents/Electro-Smith/libs/libdaisy/build\libdaisy.a(stm32h7xx_hal.o)
                0x08006a94                HAL_IncTick
 .text.HAL_GetTick
                0x08006aac        0xc C:/Users/geoff/Documents/Electro-Smith/libs/libdaisy/build\libdaisy.a(stm32h7xx_hal.o)
                0x08006aac                HAL_GetTick
 .text.HAL_Delay
                0x08006ab8       0x24 C:/Users/geoff/Documents/Electro-Smith/libs/libdaisy/build\libdaisy.a(stm32h7xx_hal.o)
                0x08006ab8                HAL_Delay
 .text.HAL_GetREVID
                0x08006adc        0xc C:/Users/geoff/Documents/Electro-Smith/libs/libdaisy/build\libdaisy.a(stm32h7xx_hal.o)
                0x08006adc                HAL_GetREVID
 .text._ZN5daisy9DaisySeed9ConfigureEv
                0x08006ae8       0xe0 C:/Users/geoff/Documents/Electro-Smith/libs/libdaisy/build\libdaisy.a(daisy_seed.o)
                0x08006ae8                daisy::DaisySeed::Configure()
 .text._ZN5daisy9DaisySeed4InitEv
                0x08006bc8       0x34 C:/Users/geoff/Documents/Electro-Smith/libs/libdaisy/build\libdaisy.a(daisy_seed.o)
                0x08006bc8                daisy::DaisySeed::Init()
 .text._ZN5daisy9DaisySeed6GetPinEh
                0x08006bfc       0x2c C:/Users/geoff/Documents/Electro-Smith/libs/libdaisy/build\libdaisy.a(daisy_seed.o)
                0x08006bfc                daisy::DaisySeed::GetPin(unsigned char)
 .text.codec_pcm3060_init
                0x08006c28       0x80 C:/Users/geoff/Documents/Electro-Smith/libs/libdaisy/build\libdaisy.a(dev_codec_pcm3060.o)
                0x08006c28                codec_pcm3060_init
 .text.codec_wm8731_init
                0x08006ca8      0x20c C:/Users/geoff/Documents/Electro-Smith/libs/libdaisy/build\libdaisy.a(dev_codec_wm8731.o)
                0x08006ca8                codec_wm8731_init
 .text.codec_ak4556_init
                0x08006eb4       0x34 C:/Users/geoff/Documents/Electro-Smith/libs/libdaisy/build\libdaisy.a(dev_codec_ak4556.o)
                0x08006eb4                codec_ak4556_init
 .text.dsy_qspi_init
                0x08006ee8      0x390 C:/Users/geoff/Documents/Electro-Smith/libs/libdaisy/build\libdaisy.a(per_qspi.o)
                0x08006ee8                dsy_qspi_init
 .text.HAL_QSPI_MspInit
                0x08007278      0x10c C:/Users/geoff/Documents/Electro-Smith/libs/libdaisy/build\libdaisy.a(per_qspi.o)
                0x08007278                HAL_QSPI_MspInit
 .text.HAL_QSPI_MspDeInit
                0x08007384       0x58 C:/Users/geoff/Documents/Electro-Smith/libs/libdaisy/build\libdaisy.a(per_qspi.o)
                0x08007384                HAL_QSPI_MspDeInit
 .text.QUADSPI_IRQHandler
                0x080073dc        0xc C:/Users/geoff/Documents/Electro-Smith/libs/libdaisy/build\libdaisy.a(per_qspi.o)
                0x080073dc                QUADSPI_IRQHandler
 .text.dsy_sdram_init
                0x080073e8      0x120 C:/Users/geoff/Documents/Electro-Smith/libs/libdaisy/build\libdaisy.a(dev_sdram.o)
                0x080073e8                dsy_sdram_init
 .text.HAL_SDRAM_MspInit
                0x08007508      0x1cc C:/Users/geoff/Documents/Electro-Smith/libs/libdaisy/build\libdaisy.a(dev_sdram.o)
                0x08007508                HAL_SDRAM_MspInit
 *fill*         0x080076d4        0x4 
 .text.SystemClock_Config
                0x080076d8      0x17c C:/Users/geoff/Documents/Electro-Smith/libs/libdaisy/build\libdaisy.a(sys_system.o)
 .text.SysTick_Handler
                0x08007854       0x10 C:/Users/geoff/Documents/Electro-Smith/libs/libdaisy/build\libdaisy.a(sys_system.o)
                0x08007854                SysTick_Handler
 .text.HardFault_Handler
                0x08007864        0x4 C:/Users/geoff/Documents/Electro-Smith/libs/libdaisy/build\libdaisy.a(sys_system.o)
                0x08007864                HardFault_Handler
 .text.dsy_system_init
                0x08007868       0xdc C:/Users/geoff/Documents/Electro-Smith/libs/libdaisy/build\libdaisy.a(sys_system.o)
                0x08007868                dsy_system_init
 .text.dsy_system_delay
                0x08007944        0x4 C:/Users/geoff/Documents/Electro-Smith/libs/libdaisy/build\libdaisy.a(sys_system.o)
                0x08007944                dsy_system_delay
 .text._ZN5daisy3Led4InitE12dsy_gpio_pinbf
                0x08007948       0x48 C:/Users/geoff/Documents/Electro-Smith/libs/libdaisy/build\libdaisy.a(hid_led.o)
                0x08007948                daisy::Led::Init(dsy_gpio_pin, bool, float)
 .text._ZN5daisy3Led3SetEf
                0x08007990       0x24 C:/Users/geoff/Documents/Electro-Smith/libs/libdaisy/build\libdaisy.a(hid_led.o)
                0x08007990                daisy::Led::Set(float)
 .text._ZN5daisy3Led6UpdateEv
                0x080079b4       0x48 C:/Users/geoff/Documents/Electro-Smith/libs/libdaisy/build\libdaisy.a(hid_led.o)
                0x080079b4                daisy::Led::Update()
 .text.dsy_dma_init
                0x080079fc       0x88 C:/Users/geoff/Documents/Electro-Smith/libs/libdaisy/build\libdaisy.a(sys_dma.o)
                0x080079fc                dsy_dma_init
 .text.HAL_NVIC_SetPriorityGrouping
                0x08007a84       0x28 C:/Users/geoff/Documents/Electro-Smith/libs/libdaisy/build\libdaisy.a(stm32h7xx_hal_cortex.o)
                0x08007a84                HAL_NVIC_SetPriorityGrouping
 .text.HAL_NVIC_SetPriority
                0x08007aac       0x74 C:/Users/geoff/Documents/Electro-Smith/libs/libdaisy/build\libdaisy.a(stm32h7xx_hal_cortex.o)
                0x08007aac                HAL_NVIC_SetPriority
 .text.HAL_NVIC_EnableIRQ
                0x08007b20       0x1c C:/Users/geoff/Documents/Electro-Smith/libs/libdaisy/build\libdaisy.a(stm32h7xx_hal_cortex.o)
                0x08007b20                HAL_NVIC_EnableIRQ
 .text.HAL_NVIC_DisableIRQ
                0x08007b3c       0x28 C:/Users/geoff/Documents/Electro-Smith/libs/libdaisy/build\libdaisy.a(stm32h7xx_hal_cortex.o)
                0x08007b3c                HAL_NVIC_DisableIRQ
 .text.HAL_SYSTICK_Config
                0x08007b64       0x30 C:/Users/geoff/Documents/Electro-Smith/libs/libdaisy/build\libdaisy.a(stm32h7xx_hal_cortex.o)
                0x08007b64                HAL_SYSTICK_Config
 .text.HAL_MPU_Disable
                0x08007b94       0x20 C:/Users/geoff/Documents/Electro-Smith/libs/libdaisy/build\libdaisy.a(stm32h7xx_hal_cortex.o)
                0x08007b94                HAL_MPU_Disable
 .text.HAL_MPU_Enable
                0x08007bb4       0x24 C:/Users/geoff/Documents/Electro-Smith/libs/libdaisy/build\libdaisy.a(stm32h7xx_hal_cortex.o)
                0x08007bb4                HAL_MPU_Enable
 .text.HAL_MPU_ConfigRegion
                0x08007bd8       0x50 C:/Users/geoff/Documents/Electro-Smith/libs/libdaisy/build\libdaisy.a(stm32h7xx_hal_cortex.o)
                0x08007bd8                HAL_MPU_ConfigRegion
 .text.HAL_SYSTICK_Callback
                0x08007c28        0x4 C:/Users/geoff/Documents/Electro-Smith/libs/libdaisy/build\libdaisy.a(stm32h7xx_hal_cortex.o)
                0x08007c28                HAL_SYSTICK_Callback
 .text.HAL_SYSTICK_IRQHandler
                0x08007c2c        0x8 C:/Users/geoff/Documents/Electro-Smith/libs/libdaisy/build\libdaisy.a(stm32h7xx_hal_cortex.o)
                0x08007c2c                HAL_SYSTICK_IRQHandler
 .text.HAL_SDRAM_Init
                0x08007c34       0x54 C:/Users/geoff/Documents/Electro-Smith/libs/libdaisy/build\libdaisy.a(stm32h7xx_hal_sdram.o)
                0x08007c34                HAL_SDRAM_Init
 .text.HAL_SDRAM_SendCommand
                0x08007c88       0x40 C:/Users/geoff/Documents/Electro-Smith/libs/libdaisy/build\libdaisy.a(stm32h7xx_hal_sdram.o)
                0x08007c88                HAL_SDRAM_SendCommand
 .text.HAL_SDRAM_ProgramRefreshRate
                0x08007cc8       0x30 C:/Users/geoff/Documents/Electro-Smith/libs/libdaisy/build\libdaisy.a(stm32h7xx_hal_sdram.o)
                0x08007cc8                HAL_SDRAM_ProgramRefreshRate
 .text.QSPI_Config
                0x08007cf8      0x1d4 C:/Users/geoff/Documents/Electro-Smith/libs/libdaisy/build\libdaisy.a(stm32h7xx_hal_qspi.o)
 .text.HAL_QSPI_Init
                0x08007ecc       0xd8 C:/Users/geoff/Documents/Electro-Smith/libs/libdaisy/build\libdaisy.a(stm32h7xx_hal_qspi.o)
                0x08007ecc                HAL_QSPI_Init
 .text.HAL_QSPI_DeInit
                0x08007fa4       0x3c C:/Users/geoff/Documents/Electro-Smith/libs/libdaisy/build\libdaisy.a(stm32h7xx_hal_qspi.o)
                0x08007fa4                HAL_QSPI_DeInit
 .text.HAL_QSPI_Command
                0x08007fe0       0xd4 C:/Users/geoff/Documents/Electro-Smith/libs/libdaisy/build\libdaisy.a(stm32h7xx_hal_qspi.o)
                0x08007fe0                HAL_QSPI_Command
 .text.HAL_QSPI_Transmit
                0x080080b4       0xfc C:/Users/geoff/Documents/Electro-Smith/libs/libdaisy/build\libdaisy.a(stm32h7xx_hal_qspi.o)
                0x080080b4                HAL_QSPI_Transmit
 .text.HAL_QSPI_Receive
                0x080081b0      0x108 C:/Users/geoff/Documents/Electro-Smith/libs/libdaisy/build\libdaisy.a(stm32h7xx_hal_qspi.o)
                0x080081b0                HAL_QSPI_Receive
 .text.HAL_QSPI_AutoPolling
                0x080082b8       0xe8 C:/Users/geoff/Documents/Electro-Smith/libs/libdaisy/build\libdaisy.a(stm32h7xx_hal_qspi.o)
                0x080082b8                HAL_QSPI_AutoPolling
 .text.HAL_QSPI_MemoryMapped
                0x080083a0       0xb8 C:/Users/geoff/Documents/Electro-Smith/libs/libdaisy/build\libdaisy.a(stm32h7xx_hal_qspi.o)
                0x080083a0                HAL_QSPI_MemoryMapped
 .text.HAL_QSPI_ErrorCallback
                0x08008458        0x4 C:/Users/geoff/Documents/Electro-Smith/libs/libdaisy/build\libdaisy.a(stm32h7xx_hal_qspi.o)
                0x08008458                HAL_QSPI_ErrorCallback
 .text.QSPI_DMAAbortCplt
                0x0800845c       0x38 C:/Users/geoff/Documents/Electro-Smith/libs/libdaisy/build\libdaisy.a(stm32h7xx_hal_qspi.o)
 .text.HAL_QSPI_AbortCpltCallback
                0x08008494        0x4 C:/Users/geoff/Documents/Electro-Smith/libs/libdaisy/build\libdaisy.a(stm32h7xx_hal_qspi.o)
                0x08008494                HAL_QSPI_AbortCpltCallback
 .text.HAL_QSPI_CmdCpltCallback
                0x08008498        0x4 C:/Users/geoff/Documents/Electro-Smith/libs/libdaisy/build\libdaisy.a(stm32h7xx_hal_qspi.o)
                0x08008498                HAL_QSPI_CmdCpltCallback
 .text.HAL_QSPI_RxCpltCallback
                0x0800849c        0x4 C:/Users/geoff/Documents/Electro-Smith/libs/libdaisy/build\libdaisy.a(stm32h7xx_hal_qspi.o)
                0x0800849c                HAL_QSPI_RxCpltCallback
 .text.HAL_QSPI_TxCpltCallback
                0x080084a0        0x4 C:/Users/geoff/Documents/Electro-Smith/libs/libdaisy/build\libdaisy.a(stm32h7xx_hal_qspi.o)
                0x080084a0                HAL_QSPI_TxCpltCallback
 .text.HAL_QSPI_FifoThresholdCallback
                0x080084a4        0x4 C:/Users/geoff/Documents/Electro-Smith/libs/libdaisy/build\libdaisy.a(stm32h7xx_hal_qspi.o)
                0x080084a4                HAL_QSPI_FifoThresholdCallback
 .text.HAL_QSPI_StatusMatchCallback
                0x080084a8        0x4 C:/Users/geoff/Documents/Electro-Smith/libs/libdaisy/build\libdaisy.a(stm32h7xx_hal_qspi.o)
                0x080084a8                HAL_QSPI_StatusMatchCallback
 .text.HAL_QSPI_TimeOutCallback
                0x080084ac        0x4 C:/Users/geoff/Documents/Electro-Smith/libs/libdaisy/build\libdaisy.a(stm32h7xx_hal_qspi.o)
                0x080084ac                HAL_QSPI_TimeOutCallback
 .text.HAL_QSPI_IRQHandler
                0x080084b0      0x210 C:/Users/geoff/Documents/Electro-Smith/libs/libdaisy/build\libdaisy.a(stm32h7xx_hal_qspi.o)
                0x080084b0                HAL_QSPI_IRQHandler
 .text.HAL_MDMA_Abort_IT
                0x080086c0       0x2c C:/Users/geoff/Documents/Electro-Smith/libs/libdaisy/build\libdaisy.a(stm32h7xx_hal_mdma.o)
                0x080086c0                HAL_MDMA_Abort_IT
 .text.HAL_PWREx_ConfigSupply
                0x080086ec       0x4c C:/Users/geoff/Documents/Electro-Smith/libs/libdaisy/build\libdaisy.a(stm32h7xx_hal_pwr_ex.o)
                0x080086ec                HAL_PWREx_ConfigSupply
 .text.HAL_PWREx_EnableUSBVoltageDetector
                0x08008738       0x10 C:/Users/geoff/Documents/Electro-Smith/libs/libdaisy/build\libdaisy.a(stm32h7xx_hal_pwr_ex.o)
                0x08008738                HAL_PWREx_EnableUSBVoltageDetector
 .text.FMC_SDRAM_Init
                0x08008748       0x78 C:/Users/geoff/Documents/Electro-Smith/libs/libdaisy/build\libdaisy.a(stm32h7xx_ll_fmc.o)
                0x08008748                FMC_SDRAM_Init
 .text.FMC_SDRAM_Timing_Init
                0x080087c0       0x98 C:/Users/geoff/Documents/Electro-Smith/libs/libdaisy/build\libdaisy.a(stm32h7xx_ll_fmc.o)
                0x080087c0                FMC_SDRAM_Timing_Init
 .text.FMC_SDRAM_SendCommand
                0x08008858       0x24 C:/Users/geoff/Documents/Electro-Smith/libs/libdaisy/build\libdaisy.a(stm32h7xx_ll_fmc.o)
                0x08008858                FMC_SDRAM_SendCommand
 .text.FMC_SDRAM_ProgramRefreshRate
                0x0800887c       0x1c C:/Users/geoff/Documents/Electro-Smith/libs/libdaisy/build\libdaisy.a(stm32h7xx_ll_fmc.o)
                0x0800887c                FMC_SDRAM_ProgramRefreshRate
 .text.__aeabi_atexit
                0x08008898        0xa c:/program files (x86)/gnu arm embedded toolchain/9 2020-q2-update/bin/../lib/gcc/arm-none-eabi/9.3.1/../../../../arm-none-eabi/lib/thumb/v7e-m+dp/hard\libstdc++_nano.a(atexit_arm.o)
                0x08008898                __aeabi_atexit
 *fill*         0x080088a2        0x2 
 .text.__cxa_atexit
                0x080088a4       0x1c c:/program files (x86)/gnu arm embedded toolchain/9 2020-q2-update/bin/../lib/gcc/arm-none-eabi/9.3.1/../../../../arm-none-eabi/lib/thumb/v7e-m+dp/hard\libc_nano.a(lib_a-cxa_atexit.o)
                0x080088a4                __cxa_atexit
 .text.__libc_init_array
                0x080088c0       0x48 c:/program files (x86)/gnu arm embedded toolchain/9 2020-q2-update/bin/../lib/gcc/arm-none-eabi/9.3.1/../../../../arm-none-eabi/lib/thumb/v7e-m+dp/hard\libc_nano.a(lib_a-init.o)
                0x080088c0                __libc_init_array
 .text.memcpy   0x08008908       0x1c c:/program files (x86)/gnu arm embedded toolchain/9 2020-q2-update/bin/../lib/gcc/arm-none-eabi/9.3.1/../../../../arm-none-eabi/lib/thumb/v7e-m+dp/hard\libc_nano.a(lib_a-memcpy-stub.o)
                0x08008908                memcpy
 .text.memset   0x08008924       0x10 c:/program files (x86)/gnu arm embedded toolchain/9 2020-q2-update/bin/../lib/gcc/arm-none-eabi/9.3.1/../../../../arm-none-eabi/lib/thumb/v7e-m+dp/hard\libc_nano.a(lib_a-memset.o)
                0x08008924                memset
 *(.rodata)
 .rodata        0x08008934       0x10 C:/Users/geoff/Documents/Electro-Smith/libs/libdaisy/build\libdaisy.a(util_hal_map.o)
 *(.rodata*)
 .rodata.D1CorePrescTable
                0x08008944       0x10 build/system_stm32h7xx.o
                0x08008944                D1CorePrescTable
 .rodata._ZL16dsy_adc_rank_map
                0x08008954       0x40 C:/Users/geoff/Documents/Electro-Smith/libs/libdaisy/build\libdaisy.a(per_adc.o)
 .rodata.gpio_hal_pin_map
                0x08008994       0x20 C:/Users/geoff/Documents/Electro-Smith/libs/libdaisy/build\libdaisy.a(util_hal_map.o)
 .rodata.gpio_hal_port_map
                0x080089b4       0x30 C:/Users/geoff/Documents/Electro-Smith/libs/libdaisy/build\libdaisy.a(util_hal_map.o)
 .rodata._ZN5daisy5Color15standard_colorsE
                0x080089e4       0x60 C:/Users/geoff/Documents/Electro-Smith/libs/libdaisy/build\libdaisy.a(util_color.o)
                0x080089e4                daisy::Color::standard_colors
 .rodata.flagBitshiftOffset.17839
                0x08008a44        0x8 C:/Users/geoff/Documents/Electro-Smith/libs/libdaisy/build\libdaisy.a(stm32h7xx_hal_dma.o)
 .rodata._ZL8seedgpio
                0x08008a4c       0x3e C:/Users/geoff/Documents/Electro-Smith/libs/libdaisy/build\libdaisy.a(daisy_seed.o)
 *fill*         0x08008a8a        0x2 
 .rodata.HAL_QSPI_MspInit.str1.4
                0x08008a8c        0x7 C:/Users/geoff/Documents/Electro-Smith/libs/libdaisy/build\libdaisy.a(per_qspi.o)
 *(.glue_7)
 .glue_7        0x08008a93        0x0 linker stubs
 *(.glue_7t)
 .glue_7t       0x08008a93        0x0 linker stubs
 *(.init)
 *fill*         0x08008a93        0x1 
 .init          0x08008a94        0x4 c:/program files (x86)/gnu arm embedded toolchain/9 2020-q2-update/bin/../lib/gcc/arm-none-eabi/9.3.1/thumb/v7e-m+dp/hard/crti.o
                0x08008a94                _init
 .init          0x08008a98        0x8 c:/program files (x86)/gnu arm embedded toolchain/9 2020-q2-update/bin/../lib/gcc/arm-none-eabi/9.3.1/thumb/v7e-m+dp/hard/crtn.o
 *(.fini)
 .fini          0x08008aa0        0x4 c:/program files (x86)/gnu arm embedded toolchain/9 2020-q2-update/bin/../lib/gcc/arm-none-eabi/9.3.1/thumb/v7e-m+dp/hard/crti.o
                0x08008aa0                _fini
 .fini          0x08008aa4        0x8 c:/program files (x86)/gnu arm embedded toolchain/9 2020-q2-update/bin/../lib/gcc/arm-none-eabi/9.3.1/thumb/v7e-m+dp/hard/crtn.o
                0x08008aac                . = ALIGN (0x4)
                0x08008aac                _etext = .

.vfp11_veneer   0x08008aac        0x0
 .vfp11_veneer  0x08008aac        0x0 linker stubs

.v4_bx          0x08008aac        0x0
 .v4_bx         0x08008aac        0x0 linker stubs

.iplt           0x08008aac        0x0
 .iplt          0x08008aac        0x0 c:/program files (x86)/gnu arm embedded toolchain/9 2020-q2-update/bin/../lib/gcc/arm-none-eabi/9.3.1/thumb/v7e-m+dp/hard/crtbegin.o

.rel.dyn        0x08008aac        0x0
 .rel.iplt      0x08008aac        0x0 c:/program files (x86)/gnu arm embedded toolchain/9 2020-q2-update/bin/../lib/gcc/arm-none-eabi/9.3.1/thumb/v7e-m+dp/hard/crtbegin.o

.ARM.extab      0x08008aac        0x0
                0x08008aac                . = ALIGN (0x4)
 *(.ARM.extab)
 *(.gnu.linkonce.armextab.*)
                0x08008aac                . = ALIGN (0x4)

.exidx          0x08008aac        0x0
                0x08008aac                . = ALIGN (0x4)
                [!provide]                PROVIDE (__exidx_start = .)
 *(.ARM.exidx*)
                0x08008aac                . = ALIGN (0x4)
                [!provide]                PROVIDE (__exidx_end = .)

.ARM.attributes
                0x08008aac       0x2e
 *(.ARM.attributes)
 .ARM.attributes
                0x08008aac       0x1e c:/program files (x86)/gnu arm embedded toolchain/9 2020-q2-update/bin/../lib/gcc/arm-none-eabi/9.3.1/thumb/v7e-m+dp/hard/crti.o
 .ARM.attributes
                0x08008aca       0x32 c:/program files (x86)/gnu arm embedded toolchain/9 2020-q2-update/bin/../lib/gcc/arm-none-eabi/9.3.1/thumb/v7e-m+dp/hard/crtbegin.o
 .ARM.attributes
                0x08008afc       0x32 build/system_stm32h7xx.o
 .ARM.attributes
                0x08008b2e       0x32 build/main.o
 .ARM.attributes
                0x08008b60       0x21 build/startup_stm32h750xx.o
 .ARM.attributes
                0x08008b81       0x32 C:/Users/geoff/Documents/Electro-Smith/libs/libdaisy/build\libdaisy.a(daisy_pod.o)
 .ARM.attributes
                0x08008bb3       0x32 C:/Users/geoff/Documents/Electro-Smith/libs/libdaisy/build\libdaisy.a(per_adc.o)
 .ARM.attributes
                0x08008be5       0x32 C:/Users/geoff/Documents/Electro-Smith/libs/libdaisy/build\libdaisy.a(hid_audio.o)
 .ARM.attributes
                0x08008c17       0x32 C:/Users/geoff/Documents/Electro-Smith/libs/libdaisy/build\libdaisy.a(per_i2c.o)
 .ARM.attributes
                0x08008c49       0x32 C:/Users/geoff/Documents/Electro-Smith/libs/libdaisy/build\libdaisy.a(per_sai.o)
 .ARM.attributes
                0x08008c7b       0x32 C:/Users/geoff/Documents/Electro-Smith/libs/libdaisy/build\libdaisy.a(per_gpio.o)
 .ARM.attributes
                0x08008cad       0x32 C:/Users/geoff/Documents/Electro-Smith/libs/libdaisy/build\libdaisy.a(per_tim.o)
 .ARM.attributes
                0x08008cdf       0x32 C:/Users/geoff/Documents/Electro-Smith/libs/libdaisy/build\libdaisy.a(hid_ctrl.o)
 .ARM.attributes
                0x08008d11       0x32 C:/Users/geoff/Documents/Electro-Smith/libs/libdaisy/build\libdaisy.a(hid_encoder.o)
 .ARM.attributes
                0x08008d43       0x32 C:/Users/geoff/Documents/Electro-Smith/libs/libdaisy/build\libdaisy.a(hid_rgb_led.o)
 .ARM.attributes
                0x08008d75       0x32 C:/Users/geoff/Documents/Electro-Smith/libs/libdaisy/build\libdaisy.a(hid_switch.o)
 .ARM.attributes
                0x08008da7       0x32 C:/Users/geoff/Documents/Electro-Smith/libs/libdaisy/build\libdaisy.a(util_hal_map.o)
 .ARM.attributes
                0x08008dd9       0x32 C:/Users/geoff/Documents/Electro-Smith/libs/libdaisy/build\libdaisy.a(util_color.o)
 .ARM.attributes
                0x08008e0b       0x32 C:/Users/geoff/Documents/Electro-Smith/libs/libdaisy/build\libdaisy.a(stm32h7xx_hal_adc.o)
 .ARM.attributes
                0x08008e3d       0x32 C:/Users/geoff/Documents/Electro-Smith/libs/libdaisy/build\libdaisy.a(stm32h7xx_hal_adc_ex.o)
 .ARM.attributes
                0x08008e6f       0x32 C:/Users/geoff/Documents/Electro-Smith/libs/libdaisy/build\libdaisy.a(stm32h7xx_hal_i2c.o)
 .ARM.attributes
                0x08008ea1       0x32 C:/Users/geoff/Documents/Electro-Smith/libs/libdaisy/build\libdaisy.a(stm32h7xx_hal_i2c_ex.o)
 .ARM.attributes
                0x08008ed3       0x32 C:/Users/geoff/Documents/Electro-Smith/libs/libdaisy/build\libdaisy.a(stm32h7xx_hal_sai.o)
 .ARM.attributes
                0x08008f05       0x32 C:/Users/geoff/Documents/Electro-Smith/libs/libdaisy/build\libdaisy.a(stm32h7xx_hal_tim.o)
 .ARM.attributes
                0x08008f37       0x32 C:/Users/geoff/Documents/Electro-Smith/libs/libdaisy/build\libdaisy.a(stm32h7xx_hal_tim_ex.o)
 .ARM.attributes
                0x08008f69       0x32 C:/Users/geoff/Documents/Electro-Smith/libs/libdaisy/build\libdaisy.a(stm32h7xx_hal_rcc.o)
 .ARM.attributes
                0x08008f9b       0x32 C:/Users/geoff/Documents/Electro-Smith/libs/libdaisy/build\libdaisy.a(stm32h7xx_hal_rcc_ex.o)
 .ARM.attributes
                0x08008fcd       0x32 C:/Users/geoff/Documents/Electro-Smith/libs/libdaisy/build\libdaisy.a(stm32h7xx_hal_gpio.o)
 .ARM.attributes
                0x08008fff       0x32 C:/Users/geoff/Documents/Electro-Smith/libs/libdaisy/build\libdaisy.a(stm32h7xx_hal_dma.o)
 .ARM.attributes
                0x08009031       0x32 C:/Users/geoff/Documents/Electro-Smith/libs/libdaisy/build\libdaisy.a(stm32h7xx_hal.o)
 .ARM.attributes
                0x08009063       0x32 C:/Users/geoff/Documents/Electro-Smith/libs/libdaisy/build\libdaisy.a(daisy_seed.o)
 .ARM.attributes
                0x08009095       0x32 C:/Users/geoff/Documents/Electro-Smith/libs/libdaisy/build\libdaisy.a(dev_codec_pcm3060.o)
 .ARM.attributes
                0x080090c7       0x32 C:/Users/geoff/Documents/Electro-Smith/libs/libdaisy/build\libdaisy.a(dev_codec_wm8731.o)
 .ARM.attributes
                0x080090f9       0x32 C:/Users/geoff/Documents/Electro-Smith/libs/libdaisy/build\libdaisy.a(dev_codec_ak4556.o)
 .ARM.attributes
                0x0800912b       0x32 C:/Users/geoff/Documents/Electro-Smith/libs/libdaisy/build\libdaisy.a(per_qspi.o)
 .ARM.attributes
                0x0800915d       0x32 C:/Users/geoff/Documents/Electro-Smith/libs/libdaisy/build\libdaisy.a(dev_sdram.o)
 .ARM.attributes
                0x0800918f       0x32 C:/Users/geoff/Documents/Electro-Smith/libs/libdaisy/build\libdaisy.a(sys_system.o)
 .ARM.attributes
                0x080091c1       0x32 C:/Users/geoff/Documents/Electro-Smith/libs/libdaisy/build\libdaisy.a(hid_led.o)
 .ARM.attributes
                0x080091f3       0x32 C:/Users/geoff/Documents/Electro-Smith/libs/libdaisy/build\libdaisy.a(sys_dma.o)
 .ARM.attributes
                0x08009225       0x32 C:/Users/geoff/Documents/Electro-Smith/libs/libdaisy/build\libdaisy.a(stm32h7xx_hal_cortex.o)
 .ARM.attributes
                0x08009257       0x32 C:/Users/geoff/Documents/Electro-Smith/libs/libdaisy/build\libdaisy.a(stm32h7xx_hal_sdram.o)
 .ARM.attributes
                0x08009289       0x32 C:/Users/geoff/Documents/Electro-Smith/libs/libdaisy/build\libdaisy.a(stm32h7xx_hal_qspi.o)
 .ARM.attributes
                0x080092bb       0x32 C:/Users/geoff/Documents/Electro-Smith/libs/libdaisy/build\libdaisy.a(stm32h7xx_hal_mdma.o)
 .ARM.attributes
                0x080092ed       0x32 C:/Users/geoff/Documents/Electro-Smith/libs/libdaisy/build\libdaisy.a(stm32h7xx_hal_pwr_ex.o)
 .ARM.attributes
                0x0800931f       0x32 C:/Users/geoff/Documents/Electro-Smith/libs/libdaisy/build\libdaisy.a(stm32h7xx_ll_fmc.o)
 .ARM.attributes
                0x08009351       0x32 c:/program files (x86)/gnu arm embedded toolchain/9 2020-q2-update/bin/../lib/gcc/arm-none-eabi/9.3.1/../../../../arm-none-eabi/lib/thumb/v7e-m+dp/hard\libstdc++_nano.a(atexit_arm.o)
 .ARM.attributes
                0x08009383       0x32 c:/program files (x86)/gnu arm embedded toolchain/9 2020-q2-update/bin/../lib/gcc/arm-none-eabi/9.3.1/../../../../arm-none-eabi/lib/thumb/v7e-m+dp/hard\libc_nano.a(lib_a-cxa_atexit.o)
 .ARM.attributes
                0x080093b5       0x32 c:/program files (x86)/gnu arm embedded toolchain/9 2020-q2-update/bin/../lib/gcc/arm-none-eabi/9.3.1/../../../../arm-none-eabi/lib/thumb/v7e-m+dp/hard\libc_nano.a(lib_a-init.o)
 .ARM.attributes
                0x080093e7       0x32 c:/program files (x86)/gnu arm embedded toolchain/9 2020-q2-update/bin/../lib/gcc/arm-none-eabi/9.3.1/../../../../arm-none-eabi/lib/thumb/v7e-m+dp/hard\libc_nano.a(lib_a-memcpy-stub.o)
 .ARM.attributes
                0x08009419       0x32 c:/program files (x86)/gnu arm embedded toolchain/9 2020-q2-update/bin/../lib/gcc/arm-none-eabi/9.3.1/../../../../arm-none-eabi/lib/thumb/v7e-m+dp/hard\libc_nano.a(lib_a-memset.o)
 .ARM.attributes
                0x0800944b       0x1e c:/program files (x86)/gnu arm embedded toolchain/9 2020-q2-update/bin/../lib/gcc/arm-none-eabi/9.3.1/thumb/v7e-m+dp/hard/crtn.o

.preinit_array  0x08008aac        0x0
                0x08008aac                PROVIDE (__preinit_array_start = .)
 *(.preinit_array*)
                0x08008aac                PROVIDE (__preinit_array_end = .)

.init_array     0x08008aac        0x8
                0x08008aac                PROVIDE (__init_array_start = .)
 *(SORT_BY_NAME(.init_array.*))
 *(.init_array*)
 .init_array    0x08008aac        0x4 c:/program files (x86)/gnu arm embedded toolchain/9 2020-q2-update/bin/../lib/gcc/arm-none-eabi/9.3.1/thumb/v7e-m+dp/hard/crtbegin.o
 .init_array    0x08008ab0        0x4 build/main.o
                0x08008ab4                PROVIDE (__init_array_end = .)

.fini_array     0x08008ab4        0x4
                [!provide]                PROVIDE (__fini_array_start = .)
 *(.fini_array*)
 .fini_array    0x08008ab4        0x4 c:/program files (x86)/gnu arm embedded toolchain/9 2020-q2-update/bin/../lib/gcc/arm-none-eabi/9.3.1/thumb/v7e-m+dp/hard/crtbegin.o
 *(SORT_BY_NAME(.fini_array.*))
                [!provide]                PROVIDE (__fini_array_end = .)

.data           0x24000000       0x14 load address 0x08008ab8
                0x24000000                . = ALIGN (0x4)
                0x24000000                _sdata = .
                [!provide]                PROVIDE (__data_start__ = _sdata)
 *(.data)
 .data          0x24000000        0x4 c:/program files (x86)/gnu arm embedded toolchain/9 2020-q2-update/bin/../lib/gcc/arm-none-eabi/9.3.1/thumb/v7e-m+dp/hard/crtbegin.o
                0x24000000                __dso_handle
 *(.data*)
 .data.SystemCoreClock
                0x24000004        0x4 build/system_stm32h7xx.o
                0x24000004                SystemCoreClock
 .data.SystemD2Clock
                0x24000008        0x4 build/system_stm32h7xx.o
                0x24000008                SystemD2Clock
 .data.uwTickFreq
                0x2400000c        0x1 C:/Users/geoff/Documents/Electro-Smith/libs/libdaisy/build\libdaisy.a(stm32h7xx_hal.o)
 *fill*         0x2400000d        0x3 
 .data.uwTickPrio
                0x24000010        0x4 C:/Users/geoff/Documents/Electro-Smith/libs/libdaisy/build\libdaisy.a(stm32h7xx_hal.o)
                0x24000014                . = ALIGN (0x4)
                0x24000014                _edata = .
                [!provide]                PROVIDE (__data_end__ = _edata)
                0x08008ab8                _sidata = LOADADDR (.data)

.igot.plt       0x24000014        0x0 load address 0x08008acc
 .igot.plt      0x24000014        0x0 c:/program files (x86)/gnu arm embedded toolchain/9 2020-q2-update/bin/../lib/gcc/arm-none-eabi/9.3.1/thumb/v7e-m+dp/hard/crtbegin.o

.bss            0x24000018     0x1b10 load address 0x08008acc
                0x24000018                . = ALIGN (0x4)
                0x24000018                _sbss = .
                0x24000018                PROVIDE (__bss_start__ = _sbss)
 *(.bss)
 .bss           0x24000018       0x1c c:/program files (x86)/gnu arm embedded toolchain/9 2020-q2-update/bin/../lib/gcc/arm-none-eabi/9.3.1/thumb/v7e-m+dp/hard/crtbegin.o
 *(.bss*)
 .bss._ZL3pod   0x24000034      0x1a8 build/main.o
 .bss._ZL7led_sel
                0x240001dc        0x1 build/main.o
 *fill*         0x240001dd        0x3 
 .bss.set_colors
                0x240001e0       0x3c build/main.o
                0x240001e0                set_colors
 *fill*         0x2400021c        0x4 
 .bss._ZL3adc   0x24000220      0x200 C:/Users/geoff/Documents/Electro-Smith/libs/libdaisy/build\libdaisy.a(per_adc.o)
 .bss.audio_handle
                0x24000420      0x828 C:/Users/geoff/Documents/Electro-Smith/libs/libdaisy/build\libdaisy.a(hid_audio.o)
 .bss.audio_handle_ext
                0x24000c48      0x828 C:/Users/geoff/Documents/Electro-Smith/libs/libdaisy/build\libdaisy.a(hid_audio.o)
 .bss.using_new_callbacks
                0x24001470        0x1 C:/Users/geoff/Documents/Electro-Smith/libs/libdaisy/build\libdaisy.a(hid_audio.o)
 *fill*         0x24001471        0x3 
 .bss.i2c1_handler
                0x24001474        0x6 C:/Users/geoff/Documents/Electro-Smith/libs/libdaisy/build\libdaisy.a(per_i2c.o)
 *fill*         0x2400147a        0x2 
 .bss.i2c2_handler
                0x2400147c        0x6 C:/Users/geoff/Documents/Electro-Smith/libs/libdaisy/build\libdaisy.a(per_i2c.o)
 *fill*         0x24001482        0x2 
 .bss.i2c3_handler
                0x24001484        0x6 C:/Users/geoff/Documents/Electro-Smith/libs/libdaisy/build\libdaisy.a(per_i2c.o)
 *fill*         0x2400148a        0x2 
 .bss.i2c4_handler
                0x2400148c        0x6 C:/Users/geoff/Documents/Electro-Smith/libs/libdaisy/build\libdaisy.a(per_i2c.o)
 *fill*         0x24001492        0x2 
 .bss.SAI1_client
                0x24001494        0x4 C:/Users/geoff/Documents/Electro-Smith/libs/libdaisy/build\libdaisy.a(per_sai.o)
 .bss.SAI2_client
                0x24001498        0x4 C:/Users/geoff/Documents/Electro-Smith/libs/libdaisy/build\libdaisy.a(per_sai.o)
 .bss.sai_handle
                0x2400149c       0x21 C:/Users/geoff/Documents/Electro-Smith/libs/libdaisy/build\libdaisy.a(per_sai.o)
 *fill*         0x240014bd        0x3 
 .bss.tim       0x240014c0       0x4c C:/Users/geoff/Documents/Electro-Smith/libs/libdaisy/build\libdaisy.a(per_tim.o)
 .bss.uwTick    0x2400150c        0x4 C:/Users/geoff/Documents/Electro-Smith/libs/libdaisy/build\libdaisy.a(stm32h7xx_hal.o)
 .bss.qspi_handle
                0x24001510       0x54 C:/Users/geoff/Documents/Electro-Smith/libs/libdaisy/build\libdaisy.a(per_qspi.o)
 .bss.FMC_Initialized
                0x24001564        0x4 C:/Users/geoff/Documents/Electro-Smith/libs/libdaisy/build\libdaisy.a(dev_sdram.o)
 .bss.dsy_sdram
                0x24001568       0x3c C:/Users/geoff/Documents/Electro-Smith/libs/libdaisy/build\libdaisy.a(dev_sdram.o)
 *(COMMON)
 COMMON         0x240015a4      0x440 C:/Users/geoff/Documents/Electro-Smith/libs/libdaisy/build\libdaisy.a(per_sai.o)
                0x240015a4                hsai_BlockB2
                0x2400163c                hdma_sai2_b
                0x240016b4                hsai_BlockA2
                0x2400174c                hsai_BlockB1
                0x240017e4                hdma_sai1_a
                0x2400185c                hdma_sai1_b
                0x240018d4                hdma_sai2_a
                0x2400194c                hsai_BlockA1
 COMMON         0x240019e4      0x130 C:/Users/geoff/Documents/Electro-Smith/libs/libdaisy/build\libdaisy.a(util_hal_map.o)
                0x240019e4                hi2c3
                0x24001a30                hi2c4
                0x24001a7c                hi2c1
                0x24001ac8                hi2c2
 COMMON         0x24001b14       0x14 C:/Users/geoff/Documents/Electro-Smith/libs/libdaisy/build\libdaisy.a(dev_codec_wm8731.o)
                0x24001b14                codec_handle
                0x24001b28                . = ALIGN (0x4)
                0x24001b28                _ebss = .
                0x24001b28                PROVIDE (__bss_end__ = _ebss)
                [!provide]                PROVIDE (end = .)

.dtcmram_bss    0x20000000        0x0
                0x20000000                . = ALIGN (0x4)
                0x20000000                _sdtcmram_bss = .
                [!provide]                PROVIDE (__dtcmram_bss_start__ = _sdtcmram_bss)
 *(.dtcmram_bss)
 *(.dtcmram_bss*)
                0x20000000                . = ALIGN (0x4)
                0x20000000                _edtcmram_bss = .
                [!provide]                PROVIDE (__dtcmram_bss_end__ = _edtcmram_bss)

.sram1_bss      0x30000000     0x20fc
                0x30000000                . = ALIGN (0x4)
                0x30000000                _ssram1_bss = .
                [!provide]                PROVIDE (__sram1_bss_start__ = _sram1_bss)
 *(.sram1_bss)
 .sram1_bss     0x30000000       0xfc C:/Users/geoff/Documents/Electro-Smith/libs/libdaisy/build\libdaisy.a(per_adc.o)
 .sram1_bss     0x300000fc     0x2000 C:/Users/geoff/Documents/Electro-Smith/libs/libdaisy/build\libdaisy.a(hid_audio.o)
 *(.sram1_bss*)
                0x300020fc                . = ALIGN (0x4)
                0x300020fc                _esram1_bss = .
                [!provide]                PROVIDE (__sram1_bss_end__ = _esram1_bss)

.sdram_bss      0xc0000000        0x0
                0xc0000000                . = ALIGN (0x4)
                0xc0000000                _ssdram_bss = .
                [!provide]                PROVIDE (__sdram_bss_start = _ssdram_bss)
 *(.sdram_bss)
 *(.sdram_bss*)
                0xc0000000                . = ALIGN (0x4)
                0xc0000000                _esdram_bss = .
                [!provide]                PROVIDE (__sdram_bss_end = _esdram_bss)

.qspiflash_text
                0x90000000        0x0
                0x90000000                . = ALIGN (0x4)
                0x90000000                _sqspiflash_text = .
                [!provide]                PROVIDE (__qspiflash_text_start = _sqspiflash_text)
 *(.qspiflash_text)
 *(.qspiflash_text*)
                0x90000000                . = ALIGN (0x4)
                0x90000000                _eqspiflash_text = .
                [!provide]                PROVIDE (__qspiflash_text_end = _eqspiflash_text)

.qspiflash_data
                0x90000000        0x0
                0x90000000                . = ALIGN (0x4)
                0x90000000                _sqspiflash_data = .
                [!provide]                PROVIDE (__qspiflash_data_start = _sqspiflash_data)
 *(.qspiflash_data)
 *(.qspiflash_data*)
                0x90000000                . = ALIGN (0x4)
                0x90000000                _eqspiflash_data = .
                [!provide]                PROVIDE (__qspiflash_data_end = _eqspiflash_data)

.qspiflash_bss  0x90000000        0x0
                0x90000000                . = ALIGN (0x4)
                0x90000000                _sqspiflash_bss = .
                [!provide]                PROVIDE (__qspiflash_bss_start = _sqspiflash_bss)
 *(.qspiflash_bss)
 *(.qspiflash_bss*)
                0x90000000                . = ALIGN (0x4)
                0x90000000                _eqspiflash_bss = .
                [!provide]                PROVIDE (__qspiflash_bss_end = _eqspiflash_bss)

.heap           0x24001b28        0x0
                0x24001b28                . = ALIGN (0x4)
                [!provide]                PROVIDE (__heap_start__ = .)
 *(.heap)
                0x24001b28                . = ALIGN (0x4)
                [!provide]                PROVIDE (__heap_end__ = .)

.reserved_for_stack
                0x24001b28        0x0
                0x24001b28                . = ALIGN (0x4)
                [!provide]                PROVIDE (__reserved_for_stack_start__ = .)
 *(.reserved_for_stack)
                0x24001b28                . = ALIGN (0x4)
                [!provide]                PROVIDE (__reserved_for_stack_end__ = .)

DISCARD
 libc.a(*)
 libm.a(*)
 libgcc.a(*)
OUTPUT(build/test1proj.elf elf32-littlearm)
LOAD linker stubs
LOAD c:/program files (x86)/gnu arm embedded toolchain/9 2020-q2-update/bin/../lib/gcc/arm-none-eabi/9.3.1/../../../../arm-none-eabi/lib/thumb/v7e-m+dp/hard\libc.a
LOAD c:/program files (x86)/gnu arm embedded toolchain/9 2020-q2-update/bin/../lib/gcc/arm-none-eabi/9.3.1/../../../../arm-none-eabi/lib/thumb/v7e-m+dp/hard\libm.a
LOAD c:/program files (x86)/gnu arm embedded toolchain/9 2020-q2-update/bin/../lib/gcc/arm-none-eabi/9.3.1/thumb/v7e-m+dp/hard\libgcc.a

.comment        0x00000000       0x4c
 .comment       0x00000000       0x4c build/system_stm32h7xx.o
                                 0x4d (size before relaxing)
 .comment       0x0000004c       0x4d build/main.o
 .comment       0x0000004c       0x4d C:/Users/geoff/Documents/Electro-Smith/libs/libdaisy/build\libdaisy.a(daisy_pod.o)
 .comment       0x0000004c       0x4d C:/Users/geoff/Documents/Electro-Smith/libs/libdaisy/build\libdaisy.a(per_adc.o)
 .comment       0x0000004c       0x4d C:/Users/geoff/Documents/Electro-Smith/libs/libdaisy/build\libdaisy.a(hid_audio.o)
 .comment       0x0000004c       0x4d C:/Users/geoff/Documents/Electro-Smith/libs/libdaisy/build\libdaisy.a(per_i2c.o)
 .comment       0x0000004c       0x4d C:/Users/geoff/Documents/Electro-Smith/libs/libdaisy/build\libdaisy.a(per_sai.o)
 .comment       0x0000004c       0x4d C:/Users/geoff/Documents/Electro-Smith/libs/libdaisy/build\libdaisy.a(per_gpio.o)
 .comment       0x0000004c       0x4d C:/Users/geoff/Documents/Electro-Smith/libs/libdaisy/build\libdaisy.a(per_tim.o)
 .comment       0x0000004c       0x4d C:/Users/geoff/Documents/Electro-Smith/libs/libdaisy/build\libdaisy.a(hid_ctrl.o)
 .comment       0x0000004c       0x4d C:/Users/geoff/Documents/Electro-Smith/libs/libdaisy/build\libdaisy.a(hid_encoder.o)
 .comment       0x0000004c       0x4d C:/Users/geoff/Documents/Electro-Smith/libs/libdaisy/build\libdaisy.a(hid_rgb_led.o)
 .comment       0x0000004c       0x4d C:/Users/geoff/Documents/Electro-Smith/libs/libdaisy/build\libdaisy.a(hid_switch.o)
 .comment       0x0000004c       0x4d C:/Users/geoff/Documents/Electro-Smith/libs/libdaisy/build\libdaisy.a(util_hal_map.o)
 .comment       0x0000004c       0x4d C:/Users/geoff/Documents/Electro-Smith/libs/libdaisy/build\libdaisy.a(util_color.o)
 .comment       0x0000004c       0x4d C:/Users/geoff/Documents/Electro-Smith/libs/libdaisy/build\libdaisy.a(stm32h7xx_hal_adc.o)
 .comment       0x0000004c       0x4d C:/Users/geoff/Documents/Electro-Smith/libs/libdaisy/build\libdaisy.a(stm32h7xx_hal_adc_ex.o)
 .comment       0x0000004c       0x4d C:/Users/geoff/Documents/Electro-Smith/libs/libdaisy/build\libdaisy.a(stm32h7xx_hal_i2c.o)
 .comment       0x0000004c       0x4d C:/Users/geoff/Documents/Electro-Smith/libs/libdaisy/build\libdaisy.a(stm32h7xx_hal_i2c_ex.o)
 .comment       0x0000004c       0x4d C:/Users/geoff/Documents/Electro-Smith/libs/libdaisy/build\libdaisy.a(stm32h7xx_hal_sai.o)
 .comment       0x0000004c       0x4d C:/Users/geoff/Documents/Electro-Smith/libs/libdaisy/build\libdaisy.a(stm32h7xx_hal_tim.o)
 .comment       0x0000004c       0x4d C:/Users/geoff/Documents/Electro-Smith/libs/libdaisy/build\libdaisy.a(stm32h7xx_hal_tim_ex.o)
 .comment       0x0000004c       0x4d C:/Users/geoff/Documents/Electro-Smith/libs/libdaisy/build\libdaisy.a(stm32h7xx_hal_rcc.o)
 .comment       0x0000004c       0x4d C:/Users/geoff/Documents/Electro-Smith/libs/libdaisy/build\libdaisy.a(stm32h7xx_hal_rcc_ex.o)
 .comment       0x0000004c       0x4d C:/Users/geoff/Documents/Electro-Smith/libs/libdaisy/build\libdaisy.a(stm32h7xx_hal_gpio.o)
 .comment       0x0000004c       0x4d C:/Users/geoff/Documents/Electro-Smith/libs/libdaisy/build\libdaisy.a(stm32h7xx_hal_dma.o)
 .comment       0x0000004c       0x4d C:/Users/geoff/Documents/Electro-Smith/libs/libdaisy/build\libdaisy.a(stm32h7xx_hal.o)
 .comment       0x0000004c       0x4d C:/Users/geoff/Documents/Electro-Smith/libs/libdaisy/build\libdaisy.a(daisy_seed.o)
 .comment       0x0000004c       0x4d C:/Users/geoff/Documents/Electro-Smith/libs/libdaisy/build\libdaisy.a(dev_codec_pcm3060.o)
 .comment       0x0000004c       0x4d C:/Users/geoff/Documents/Electro-Smith/libs/libdaisy/build\libdaisy.a(dev_codec_wm8731.o)
 .comment       0x0000004c       0x4d C:/Users/geoff/Documents/Electro-Smith/libs/libdaisy/build\libdaisy.a(dev_codec_ak4556.o)
 .comment       0x0000004c       0x4d C:/Users/geoff/Documents/Electro-Smith/libs/libdaisy/build\libdaisy.a(per_qspi.o)
 .comment       0x0000004c       0x4d C:/Users/geoff/Documents/Electro-Smith/libs/libdaisy/build\libdaisy.a(dev_sdram.o)
 .comment       0x0000004c       0x4d C:/Users/geoff/Documents/Electro-Smith/libs/libdaisy/build\libdaisy.a(sys_system.o)
 .comment       0x0000004c       0x4d C:/Users/geoff/Documents/Electro-Smith/libs/libdaisy/build\libdaisy.a(hid_led.o)
 .comment       0x0000004c       0x4d C:/Users/geoff/Documents/Electro-Smith/libs/libdaisy/build\libdaisy.a(sys_dma.o)
 .comment       0x0000004c       0x4d C:/Users/geoff/Documents/Electro-Smith/libs/libdaisy/build\libdaisy.a(stm32h7xx_hal_cortex.o)
 .comment       0x0000004c       0x4d C:/Users/geoff/Documents/Electro-Smith/libs/libdaisy/build\libdaisy.a(stm32h7xx_hal_sdram.o)
 .comment       0x0000004c       0x4d C:/Users/geoff/Documents/Electro-Smith/libs/libdaisy/build\libdaisy.a(stm32h7xx_hal_qspi.o)
 .comment       0x0000004c       0x4d C:/Users/geoff/Documents/Electro-Smith/libs/libdaisy/build\libdaisy.a(stm32h7xx_hal_mdma.o)
 .comment       0x0000004c       0x4d C:/Users/geoff/Documents/Electro-Smith/libs/libdaisy/build\libdaisy.a(stm32h7xx_hal_pwr_ex.o)
 .comment       0x0000004c       0x4d C:/Users/geoff/Documents/Electro-Smith/libs/libdaisy/build\libdaisy.a(stm32h7xx_ll_fmc.o)

.debug_frame    0x00000000       0xbc
 .debug_frame   0x00000000       0x20 c:/program files (x86)/gnu arm embedded toolchain/9 2020-q2-update/bin/../lib/gcc/arm-none-eabi/9.3.1/../../../../arm-none-eabi/lib/thumb/v7e-m+dp/hard\libstdc++_nano.a(atexit_arm.o)
 .debug_frame   0x00000020       0x28 c:/program files (x86)/gnu arm embedded toolchain/9 2020-q2-update/bin/../lib/gcc/arm-none-eabi/9.3.1/../../../../arm-none-eabi/lib/thumb/v7e-m+dp/hard\libc_nano.a(lib_a-cxa_atexit.o)
 .debug_frame   0x00000048       0x2c c:/program files (x86)/gnu arm embedded toolchain/9 2020-q2-update/bin/../lib/gcc/arm-none-eabi/9.3.1/../../../../arm-none-eabi/lib/thumb/v7e-m+dp/hard\libc_nano.a(lib_a-init.o)
 .debug_frame   0x00000074       0x28 c:/program files (x86)/gnu arm embedded toolchain/9 2020-q2-update/bin/../lib/gcc/arm-none-eabi/9.3.1/../../../../arm-none-eabi/lib/thumb/v7e-m+dp/hard\libc_nano.a(lib_a-memcpy-stub.o)
 .debug_frame   0x0000009c       0x20 c:/program files (x86)/gnu arm embedded toolchain/9 2020-q2-update/bin/../lib/gcc/arm-none-eabi/9.3.1/../../../../arm-none-eabi/lib/thumb/v7e-m+dp/hard\libc_nano.a(lib_a-memset.o)

Cross Reference Table

Symbol                                            File
ADC3_IRQHandler                                   build/startup_stm32h750xx.o
ADC_ConfigureBoostMode                            C:/Users/geoff/Documents/Electro-Smith/libs/libdaisy/build\libdaisy.a(stm32h7xx_hal_adc.o)
ADC_ConversionStop                                C:/Users/geoff/Documents/Electro-Smith/libs/libdaisy/build\libdaisy.a(stm32h7xx_hal_adc.o)
                                                  C:/Users/geoff/Documents/Electro-Smith/libs/libdaisy/build\libdaisy.a(stm32h7xx_hal_adc_ex.o)
ADC_DMAConvCplt                                   C:/Users/geoff/Documents/Electro-Smith/libs/libdaisy/build\libdaisy.a(stm32h7xx_hal_adc.o)
                                                  C:/Users/geoff/Documents/Electro-Smith/libs/libdaisy/build\libdaisy.a(stm32h7xx_hal_adc_ex.o)
ADC_DMAError                                      C:/Users/geoff/Documents/Electro-Smith/libs/libdaisy/build\libdaisy.a(stm32h7xx_hal_adc.o)
                                                  C:/Users/geoff/Documents/Electro-Smith/libs/libdaisy/build\libdaisy.a(stm32h7xx_hal_adc_ex.o)
ADC_DMAHalfConvCplt                               C:/Users/geoff/Documents/Electro-Smith/libs/libdaisy/build\libdaisy.a(stm32h7xx_hal_adc.o)
                                                  C:/Users/geoff/Documents/Electro-Smith/libs/libdaisy/build\libdaisy.a(stm32h7xx_hal_adc_ex.o)
ADC_Disable                                       C:/Users/geoff/Documents/Electro-Smith/libs/libdaisy/build\libdaisy.a(stm32h7xx_hal_adc.o)
                                                  C:/Users/geoff/Documents/Electro-Smith/libs/libdaisy/build\libdaisy.a(stm32h7xx_hal_adc_ex.o)
ADC_Enable                                        C:/Users/geoff/Documents/Electro-Smith/libs/libdaisy/build\libdaisy.a(stm32h7xx_hal_adc.o)
                                                  C:/Users/geoff/Documents/Electro-Smith/libs/libdaisy/build\libdaisy.a(stm32h7xx_hal_adc_ex.o)
ADC_IRQHandler                                    build/startup_stm32h750xx.o
BDMA_Channel0_IRQHandler                          build/startup_stm32h750xx.o
BDMA_Channel1_IRQHandler                          build/startup_stm32h750xx.o
BDMA_Channel2_IRQHandler                          build/startup_stm32h750xx.o
BDMA_Channel3_IRQHandler                          build/startup_stm32h750xx.o
BDMA_Channel4_IRQHandler                          build/startup_stm32h750xx.o
BDMA_Channel5_IRQHandler                          build/startup_stm32h750xx.o
BDMA_Channel6_IRQHandler                          build/startup_stm32h750xx.o
BDMA_Channel7_IRQHandler                          build/startup_stm32h750xx.o
BusFault_Handler                                  build/startup_stm32h750xx.o
CEC_IRQHandler                                    build/startup_stm32h750xx.o
COMP1_IRQHandler                                  build/startup_stm32h750xx.o
CRS_IRQHandler                                    build/startup_stm32h750xx.o
CRYP_IRQHandler                                   build/startup_stm32h750xx.o
D1CorePrescTable                                  build/system_stm32h7xx.o
                                                  C:/Users/geoff/Documents/Electro-Smith/libs/libdaisy/build\libdaisy.a(stm32h7xx_hal.o)
                                                  C:/Users/geoff/Documents/Electro-Smith/libs/libdaisy/build\libdaisy.a(stm32h7xx_hal_rcc_ex.o)
                                                  C:/Users/geoff/Documents/Electro-Smith/libs/libdaisy/build\libdaisy.a(stm32h7xx_hal_rcc.o)
DCMI_IRQHandler                                   build/startup_stm32h750xx.o
DFSDM1_FLT0_IRQHandler                            build/startup_stm32h750xx.o
DFSDM1_FLT1_IRQHandler                            build/startup_stm32h750xx.o
DFSDM1_FLT2_IRQHandler                            build/startup_stm32h750xx.o
DFSDM1_FLT3_IRQHandler                            build/startup_stm32h750xx.o
DMA1_Stream0_IRQHandler                           C:/Users/geoff/Documents/Electro-Smith/libs/libdaisy/build\libdaisy.a(hid_audio.o)
                                                  build/startup_stm32h750xx.o
DMA1_Stream1_IRQHandler                           C:/Users/geoff/Documents/Electro-Smith/libs/libdaisy/build\libdaisy.a(hid_audio.o)
                                                  build/startup_stm32h750xx.o
DMA1_Stream2_IRQHandler                           C:/Users/geoff/Documents/Electro-Smith/libs/libdaisy/build\libdaisy.a(per_adc.o)
                                                  build/startup_stm32h750xx.o
DMA1_Stream3_IRQHandler                           C:/Users/geoff/Documents/Electro-Smith/libs/libdaisy/build\libdaisy.a(hid_audio.o)
                                                  build/startup_stm32h750xx.o
DMA1_Stream4_IRQHandler                           C:/Users/geoff/Documents/Electro-Smith/libs/libdaisy/build\libdaisy.a(hid_audio.o)
                                                  build/startup_stm32h750xx.o
DMA1_Stream5_IRQHandler                           build/startup_stm32h750xx.o
DMA1_Stream6_IRQHandler                           build/startup_stm32h750xx.o
DMA1_Stream7_IRQHandler                           build/startup_stm32h750xx.o
DMA2D_IRQHandler                                  build/startup_stm32h750xx.o
DMA2_Stream0_IRQHandler                           build/startup_stm32h750xx.o
DMA2_Stream1_IRQHandler                           build/startup_stm32h750xx.o
DMA2_Stream2_IRQHandler                           build/startup_stm32h750xx.o
DMA2_Stream3_IRQHandler                           build/startup_stm32h750xx.o
DMA2_Stream4_IRQHandler                           build/startup_stm32h750xx.o
DMA2_Stream5_IRQHandler                           build/startup_stm32h750xx.o
DMA2_Stream6_IRQHandler                           build/startup_stm32h750xx.o
DMA2_Stream7_IRQHandler                           build/startup_stm32h750xx.o
DMAMUX1_OVR_IRQHandler                            build/startup_stm32h750xx.o
DMAMUX2_OVR_IRQHandler                            build/startup_stm32h750xx.o
DebugMon_Handler                                  build/startup_stm32h750xx.o
Default_Handler                                   build/startup_stm32h750xx.o
ECC_IRQHandler                                    build/startup_stm32h750xx.o
ETH_IRQHandler                                    build/startup_stm32h750xx.o
ETH_WKUP_IRQHandler                               build/startup_stm32h750xx.o
EXTI0_IRQHandler                                  build/startup_stm32h750xx.o
EXTI15_10_IRQHandler                              build/startup_stm32h750xx.o
EXTI1_IRQHandler                                  build/startup_stm32h750xx.o
EXTI2_IRQHandler                                  build/startup_stm32h750xx.o
EXTI3_IRQHandler                                  build/startup_stm32h750xx.o
EXTI4_IRQHandler                                  build/startup_stm32h750xx.o
EXTI9_5_IRQHandler                                build/startup_stm32h750xx.o
FDCAN1_IT0_IRQHandler                             build/startup_stm32h750xx.o
FDCAN1_IT1_IRQHandler                             build/startup_stm32h750xx.o
FDCAN2_IT0_IRQHandler                             build/startup_stm32h750xx.o
FDCAN2_IT1_IRQHandler                             build/startup_stm32h750xx.o
FDCAN_CAL_IRQHandler                              build/startup_stm32h750xx.o
FLASH_IRQHandler                                  build/startup_stm32h750xx.o
FMC_IRQHandler                                    build/startup_stm32h750xx.o
FMC_NAND_AttributeSpace_Timing_Init               C:/Users/geoff/Documents/Electro-Smith/libs/libdaisy/build\libdaisy.a(stm32h7xx_ll_fmc.o)
FMC_NAND_CommonSpace_Timing_Init                  C:/Users/geoff/Documents/Electro-Smith/libs/libdaisy/build\libdaisy.a(stm32h7xx_ll_fmc.o)
FMC_NAND_DeInit                                   C:/Users/geoff/Documents/Electro-Smith/libs/libdaisy/build\libdaisy.a(stm32h7xx_ll_fmc.o)
FMC_NAND_ECC_Disable                              C:/Users/geoff/Documents/Electro-Smith/libs/libdaisy/build\libdaisy.a(stm32h7xx_ll_fmc.o)
FMC_NAND_ECC_Enable                               C:/Users/geoff/Documents/Electro-Smith/libs/libdaisy/build\libdaisy.a(stm32h7xx_ll_fmc.o)
FMC_NAND_GetECC                                   C:/Users/geoff/Documents/Electro-Smith/libs/libdaisy/build\libdaisy.a(stm32h7xx_ll_fmc.o)
FMC_NAND_Init                                     C:/Users/geoff/Documents/Electro-Smith/libs/libdaisy/build\libdaisy.a(stm32h7xx_ll_fmc.o)
FMC_NORSRAM_DeInit                                C:/Users/geoff/Documents/Electro-Smith/libs/libdaisy/build\libdaisy.a(stm32h7xx_ll_fmc.o)
FMC_NORSRAM_Extended_Timing_Init                  C:/Users/geoff/Documents/Electro-Smith/libs/libdaisy/build\libdaisy.a(stm32h7xx_ll_fmc.o)
FMC_NORSRAM_Init                                  C:/Users/geoff/Documents/Electro-Smith/libs/libdaisy/build\libdaisy.a(stm32h7xx_ll_fmc.o)
FMC_NORSRAM_Timing_Init                           C:/Users/geoff/Documents/Electro-Smith/libs/libdaisy/build\libdaisy.a(stm32h7xx_ll_fmc.o)
FMC_NORSRAM_WriteOperation_Disable                C:/Users/geoff/Documents/Electro-Smith/libs/libdaisy/build\libdaisy.a(stm32h7xx_ll_fmc.o)
FMC_NORSRAM_WriteOperation_Enable                 C:/Users/geoff/Documents/Electro-Smith/libs/libdaisy/build\libdaisy.a(stm32h7xx_ll_fmc.o)
FMC_SDRAM_DeInit                                  C:/Users/geoff/Documents/Electro-Smith/libs/libdaisy/build\libdaisy.a(stm32h7xx_ll_fmc.o)
                                                  C:/Users/geoff/Documents/Electro-Smith/libs/libdaisy/build\libdaisy.a(stm32h7xx_hal_sdram.o)
FMC_SDRAM_GetModeStatus                           C:/Users/geoff/Documents/Electro-Smith/libs/libdaisy/build\libdaisy.a(stm32h7xx_ll_fmc.o)
                                                  C:/Users/geoff/Documents/Electro-Smith/libs/libdaisy/build\libdaisy.a(stm32h7xx_hal_sdram.o)
FMC_SDRAM_Init                                    C:/Users/geoff/Documents/Electro-Smith/libs/libdaisy/build\libdaisy.a(stm32h7xx_ll_fmc.o)
                                                  C:/Users/geoff/Documents/Electro-Smith/libs/libdaisy/build\libdaisy.a(stm32h7xx_hal_sdram.o)
FMC_SDRAM_ProgramRefreshRate                      C:/Users/geoff/Documents/Electro-Smith/libs/libdaisy/build\libdaisy.a(stm32h7xx_ll_fmc.o)
                                                  C:/Users/geoff/Documents/Electro-Smith/libs/libdaisy/build\libdaisy.a(stm32h7xx_hal_sdram.o)
FMC_SDRAM_SendCommand                             C:/Users/geoff/Documents/Electro-Smith/libs/libdaisy/build\libdaisy.a(stm32h7xx_ll_fmc.o)
                                                  C:/Users/geoff/Documents/Electro-Smith/libs/libdaisy/build\libdaisy.a(stm32h7xx_hal_sdram.o)
FMC_SDRAM_SetAutoRefreshNumber                    C:/Users/geoff/Documents/Electro-Smith/libs/libdaisy/build\libdaisy.a(stm32h7xx_ll_fmc.o)
                                                  C:/Users/geoff/Documents/Electro-Smith/libs/libdaisy/build\libdaisy.a(stm32h7xx_hal_sdram.o)
FMC_SDRAM_Timing_Init                             C:/Users/geoff/Documents/Electro-Smith/libs/libdaisy/build\libdaisy.a(stm32h7xx_ll_fmc.o)
                                                  C:/Users/geoff/Documents/Electro-Smith/libs/libdaisy/build\libdaisy.a(stm32h7xx_hal_sdram.o)
FMC_SDRAM_WriteProtection_Disable                 C:/Users/geoff/Documents/Electro-Smith/libs/libdaisy/build\libdaisy.a(stm32h7xx_ll_fmc.o)
                                                  C:/Users/geoff/Documents/Electro-Smith/libs/libdaisy/build\libdaisy.a(stm32h7xx_hal_sdram.o)
FMC_SDRAM_WriteProtection_Enable                  C:/Users/geoff/Documents/Electro-Smith/libs/libdaisy/build\libdaisy.a(stm32h7xx_ll_fmc.o)
                                                  C:/Users/geoff/Documents/Electro-Smith/libs/libdaisy/build\libdaisy.a(stm32h7xx_hal_sdram.o)
FPU_IRQHandler                                    build/startup_stm32h750xx.o
HAL_ADCEx_Calibration_GetValue                    C:/Users/geoff/Documents/Electro-Smith/libs/libdaisy/build\libdaisy.a(stm32h7xx_hal_adc_ex.o)
HAL_ADCEx_Calibration_SetValue                    C:/Users/geoff/Documents/Electro-Smith/libs/libdaisy/build\libdaisy.a(stm32h7xx_hal_adc_ex.o)
HAL_ADCEx_Calibration_Start                       C:/Users/geoff/Documents/Electro-Smith/libs/libdaisy/build\libdaisy.a(stm32h7xx_hal_adc_ex.o)
                                                  C:/Users/geoff/Documents/Electro-Smith/libs/libdaisy/build\libdaisy.a(per_adc.o)
HAL_ADCEx_DisableInjectedQueue                    C:/Users/geoff/Documents/Electro-Smith/libs/libdaisy/build\libdaisy.a(stm32h7xx_hal_adc_ex.o)
HAL_ADCEx_DisableVoltageRegulator                 C:/Users/geoff/Documents/Electro-Smith/libs/libdaisy/build\libdaisy.a(stm32h7xx_hal_adc_ex.o)
HAL_ADCEx_EnableInjectedQueue                     C:/Users/geoff/Documents/Electro-Smith/libs/libdaisy/build\libdaisy.a(stm32h7xx_hal_adc_ex.o)
HAL_ADCEx_EndOfSamplingCallback                   C:/Users/geoff/Documents/Electro-Smith/libs/libdaisy/build\libdaisy.a(stm32h7xx_hal_adc_ex.o)
                                                  C:/Users/geoff/Documents/Electro-Smith/libs/libdaisy/build\libdaisy.a(stm32h7xx_hal_adc.o)
HAL_ADCEx_EnterADCDeepPowerDownMode               C:/Users/geoff/Documents/Electro-Smith/libs/libdaisy/build\libdaisy.a(stm32h7xx_hal_adc_ex.o)
HAL_ADCEx_InjectedConfigChannel                   C:/Users/geoff/Documents/Electro-Smith/libs/libdaisy/build\libdaisy.a(stm32h7xx_hal_adc_ex.o)
HAL_ADCEx_InjectedConvCpltCallback                C:/Users/geoff/Documents/Electro-Smith/libs/libdaisy/build\libdaisy.a(stm32h7xx_hal_adc_ex.o)
                                                  C:/Users/geoff/Documents/Electro-Smith/libs/libdaisy/build\libdaisy.a(stm32h7xx_hal_adc.o)
HAL_ADCEx_InjectedGetValue                        C:/Users/geoff/Documents/Electro-Smith/libs/libdaisy/build\libdaisy.a(stm32h7xx_hal_adc_ex.o)
HAL_ADCEx_InjectedPollForConversion               C:/Users/geoff/Documents/Electro-Smith/libs/libdaisy/build\libdaisy.a(stm32h7xx_hal_adc_ex.o)
HAL_ADCEx_InjectedQueueOverflowCallback           C:/Users/geoff/Documents/Electro-Smith/libs/libdaisy/build\libdaisy.a(stm32h7xx_hal_adc_ex.o)
                                                  C:/Users/geoff/Documents/Electro-Smith/libs/libdaisy/build\libdaisy.a(stm32h7xx_hal_adc.o)
HAL_ADCEx_InjectedStart                           C:/Users/geoff/Documents/Electro-Smith/libs/libdaisy/build\libdaisy.a(stm32h7xx_hal_adc_ex.o)
HAL_ADCEx_InjectedStart_IT                        C:/Users/geoff/Documents/Electro-Smith/libs/libdaisy/build\libdaisy.a(stm32h7xx_hal_adc_ex.o)
HAL_ADCEx_InjectedStop                            C:/Users/geoff/Documents/Electro-Smith/libs/libdaisy/build\libdaisy.a(stm32h7xx_hal_adc_ex.o)
HAL_ADCEx_InjectedStop_IT                         C:/Users/geoff/Documents/Electro-Smith/libs/libdaisy/build\libdaisy.a(stm32h7xx_hal_adc_ex.o)
HAL_ADCEx_LevelOutOfWindow2Callback               C:/Users/geoff/Documents/Electro-Smith/libs/libdaisy/build\libdaisy.a(stm32h7xx_hal_adc_ex.o)
                                                  C:/Users/geoff/Documents/Electro-Smith/libs/libdaisy/build\libdaisy.a(stm32h7xx_hal_adc.o)