Archive member included to satisfy reference by file (symbol)

../libs/libdaisy/build\libdaisy.a(daisy_seed.o)
                              build/musicSynth.o (daisy::DaisySeed::Configure())
../libs/libdaisy/build\libdaisy.a(hid_audio.o)
                              ../libs/libdaisy/build\libdaisy.a(daisy_seed.o) (dsy_audio_init)
../libs/libdaisy/build\libdaisy.a(per_qspi.o)
                              ../libs/libdaisy/build\libdaisy.a(daisy_seed.o) (dsy_qspi_init)
../libs/libdaisy/build\libdaisy.a(dev_sdram.o)
                              ../libs/libdaisy/build\libdaisy.a(daisy_seed.o) (dsy_sdram_init)
../libs/libdaisy/build\libdaisy.a(sys_system.o)
                              ../libs/libdaisy/build\libdaisy.a(daisy_seed.o) (dsy_system_init)
../libs/libdaisy/build\libdaisy.a(per_i2c.o)
                              ../libs/libdaisy/build\libdaisy.a(hid_audio.o) (dsy_i2c_init)
../libs/libdaisy/build\libdaisy.a(per_sai.o)
                              ../libs/libdaisy/build\libdaisy.a(hid_audio.o) (hsai_BlockA1)
../libs/libdaisy/build\libdaisy.a(per_gpio.o)
                              ../libs/libdaisy/build\libdaisy.a(daisy_seed.o) (dsy_gpio_init)
../libs/libdaisy/build\libdaisy.a(per_tim.o)
                              ../libs/libdaisy/build\libdaisy.a(daisy_seed.o) (dsy_tim_init)
../libs/libdaisy/build\libdaisy.a(hid_usb.o)
                              build/musicSynth.o (daisy::UsbHandle::Init(daisy::UsbHandle::UsbPeriph))
../libs/libdaisy/build\libdaisy.a(util_hal_map.o)
                              ../libs/libdaisy/build\libdaisy.a(per_qspi.o) (dsy_hal_map_get_port)
../libs/libdaisy/build\libdaisy.a(stm32h7xx_hal_pcd.o)
                              ../libs/libdaisy/build\libdaisy.a(hid_usb.o) (HAL_PCD_IRQHandler)
../libs/libdaisy/build\libdaisy.a(stm32h7xx_hal_pcd_ex.o)
                              ../libs/libdaisy/build\libdaisy.a(stm32h7xx_hal_pcd.o) (HAL_PCDEx_ActivateLPM)
../libs/libdaisy/build\libdaisy.a(stm32h7xx_ll_usb.o)
                              ../libs/libdaisy/build\libdaisy.a(stm32h7xx_hal_pcd.o) (USB_CoreInit)
../libs/libdaisy/build\libdaisy.a(stm32h7xx_hal_cortex.o)
                              ../libs/libdaisy/build\libdaisy.a(per_qspi.o) (HAL_NVIC_SetPriority)
../libs/libdaisy/build\libdaisy.a(stm32h7xx_hal_sdram.o)
                              ../libs/libdaisy/build\libdaisy.a(dev_sdram.o) (HAL_SDRAM_Init)
../libs/libdaisy/build\libdaisy.a(stm32h7xx_hal_i2c.o)
                              ../libs/libdaisy/build\libdaisy.a(per_i2c.o) (HAL_I2C_Init)
../libs/libdaisy/build\libdaisy.a(stm32h7xx_hal_i2c_ex.o)
                              ../libs/libdaisy/build\libdaisy.a(per_i2c.o) (HAL_I2CEx_ConfigAnalogFilter)
../libs/libdaisy/build\libdaisy.a(stm32h7xx_hal_qspi.o)
                              ../libs/libdaisy/build\libdaisy.a(per_qspi.o) (HAL_QSPI_Init)
../libs/libdaisy/build\libdaisy.a(stm32h7xx_hal_sai.o)
                              ../libs/libdaisy/build\libdaisy.a(per_sai.o) (HAL_SAI_InitProtocol)
../libs/libdaisy/build\libdaisy.a(stm32h7xx_hal_tim.o)
                              ../libs/libdaisy/build\libdaisy.a(per_tim.o) (HAL_TIM_Base_Init)
../libs/libdaisy/build\libdaisy.a(stm32h7xx_hal_tim_ex.o)
                              ../libs/libdaisy/build\libdaisy.a(stm32h7xx_hal_tim.o) (TIMEx_DMACommutationCplt)
../libs/libdaisy/build\libdaisy.a(stm32h7xx_hal_rcc.o)
                              ../libs/libdaisy/build\libdaisy.a(sys_system.o) (HAL_RCC_OscConfig)
../libs/libdaisy/build\libdaisy.a(stm32h7xx_hal_rcc_ex.o)
                              ../libs/libdaisy/build\libdaisy.a(sys_system.o) (HAL_RCCEx_PeriphCLKConfig)
../libs/libdaisy/build\libdaisy.a(stm32h7xx_hal_gpio.o)
                              ../libs/libdaisy/build\libdaisy.a(hid_audio.o) (HAL_GPIO_Init)
../libs/libdaisy/build\libdaisy.a(stm32h7xx_hal_dma.o)
                              ../libs/libdaisy/build\libdaisy.a(per_sai.o) (HAL_DMA_Init)
../libs/libdaisy/build\libdaisy.a(stm32h7xx_hal_mdma.o)
                              ../libs/libdaisy/build\libdaisy.a(stm32h7xx_hal_sdram.o) (HAL_MDMA_Start_IT)
../libs/libdaisy/build\libdaisy.a(stm32h7xx_hal_pwr_ex.o)
                              ../libs/libdaisy/build\libdaisy.a(sys_system.o) (HAL_PWREx_ConfigSupply)
../libs/libdaisy/build\libdaisy.a(stm32h7xx_hal.o)
                              ../libs/libdaisy/build\libdaisy.a(stm32h7xx_hal_rcc.o) (HAL_InitTick)
../libs/libdaisy/build\libdaisy.a(usbd_core.o)
                              ../libs/libdaisy/build\libdaisy.a(hid_usb.o) (USBD_Init)
../libs/libdaisy/build\libdaisy.a(usbd_ctlreq.o)
                              ../libs/libdaisy/build\libdaisy.a(usbd_core.o) (USBD_StdDevReq)
../libs/libdaisy/build\libdaisy.a(usbd_ioreq.o)
                              ../libs/libdaisy/build\libdaisy.a(usbd_ctlreq.o) (USBD_CtlSendData)
../libs/libdaisy/build\libdaisy.a(usbd_cdc.o)
                              ../libs/libdaisy/build\libdaisy.a(hid_usb.o) (USBD_CDC_RegisterInterface)
[...]
Memory Configuration

Name             Origin             Length             Attributes
FLASH            0x08000000         0x00020000         xr
DTCMRAM          0x20000000         0x00020000         xrw
SRAM             0x24000000         0x00080000         xrw
RAM_D2           0x30000000         0x00048000         xrw
RAM_D3           0x38000000         0x00010000         xrw
ITCMRAM          0x00000000         0x00010000         xrw
SDRAM            0xc0000000         0x04000000         xrw
QSPIFLASH        0x90000000         0x00800000         xr
*default*        0x00000000         0xffffffff

Linker script and memory map

LOAD c:/program files (x86)/gnu arm embedded toolchain/9 2020-q2-update/bin/../lib/gcc/arm-none-eabi/9.3.1/thumb/v7e-m+dp/hard/crti.o
LOAD c:/program files (x86)/gnu arm embedded toolchain/9 2020-q2-update/bin/../lib/gcc/arm-none-eabi/9.3.1/thumb/v7e-m+dp/hard/crtbegin.o
LOAD c:/program files (x86)/gnu arm embedded toolchain/9 2020-q2-update/bin/../lib/gcc/arm-none-eabi/9.3.1/../../../../arm-none-eabi/lib/thumb/v7e-m+dp/hard/crt0.o
LOAD build/system_stm32h7xx.o
LOAD build/musicSynth.o
LOAD build/startup_stm32h750xx.o
LOAD ../libs/libdaisy/build\libdaisy.a
LOAD c:/program files (x86)/gnu arm embedded toolchain/9 2020-q2-update/bin/../lib/gcc/arm-none-eabi/9.3.1/../../../../arm-none-eabi/lib/thumb/v7e-m+dp/hard\libnosys.a
LOAD ../libs/DaisySP/build\libdaisysp.a
LOAD c:/program files (x86)/gnu arm embedded toolchain/9 2020-q2-update/bin/../lib/gcc/arm-none-eabi/9.3.1/../../../../arm-none-eabi/lib/thumb/v7e-m+dp/hard\libstdc++_nano.a
LOAD c:/program files (x86)/gnu arm embedded toolchain/9 2020-q2-update/bin/../lib/gcc/arm-none-eabi/9.3.1/../../../../arm-none-eabi/lib/thumb/v7e-m+dp/hard\libm.a
LOAD c:/program files (x86)/gnu arm embedded toolchain/9 2020-q2-update/bin/../lib/gcc/arm-none-eabi/9.3.1/../../../../arm-none-eabi/lib/thumb/v7e-m+dp/hard\libc_nano.a
START GROUP
LOAD c:/program files (x86)/gnu arm embedded toolchain/9 2020-q2-update/bin/../lib/gcc/arm-none-eabi/9.3.1/thumb/v7e-m+dp/hard\libgcc.a
LOAD c:/program files (x86)/gnu arm embedded toolchain/9 2020-q2-update/bin/../lib/gcc/arm-none-eabi/9.3.1/../../../../arm-none-eabi/lib/thumb/v7e-m+dp/hard\libc_nano.a
END GROUP
START GROUP
LOAD c:/program files (x86)/gnu arm embedded toolchain/9 2020-q2-update/bin/../lib/gcc/arm-none-eabi/9.3.1/thumb/v7e-m+dp/hard\libgcc.a
LOAD c:/program files (x86)/gnu arm embedded toolchain/9 2020-q2-update/bin/../lib/gcc/arm-none-eabi/9.3.1/../../../../arm-none-eabi/lib/thumb/v7e-m+dp/hard\libc_nano.a
LOAD c:/program files (x86)/gnu arm embedded toolchain/9 2020-q2-update/bin/../lib/gcc/arm-none-eabi/9.3.1/../../../../arm-none-eabi/lib/thumb/v7e-m+dp/hard\libnosys.a
END GROUP
START GROUP
LOAD c:/program files (x86)/gnu arm embedded toolchain/9 2020-q2-update/bin/../lib/gcc/arm-none-eabi/9.3.1/thumb/v7e-m+dp/hard\libgcc.a
LOAD c:/program files (x86)/gnu arm embedded toolchain/9 2020-q2-update/bin/../lib/gcc/arm-none-eabi/9.3.1/../../../../arm-none-eabi/lib/thumb/v7e-m+dp/hard\libc_nano.a
LOAD c:/program files (x86)/gnu arm embedded toolchain/9 2020-q2-update/bin/../lib/gcc/arm-none-eabi/9.3.1/../../../../arm-none-eabi/lib/thumb/v7e-m+dp/hard\libnosys.a
END GROUP
LOAD c:/program files (x86)/gnu arm embedded toolchain/9 2020-q2-update/bin/../lib/gcc/arm-none-eabi/9.3.1/thumb/v7e-m+dp/hard/crtend.o
LOAD c:/program files (x86)/gnu arm embedded toolchain/9 2020-q2-update/bin/../lib/gcc/arm-none-eabi/9.3.1/thumb/v7e-m+dp/hard/crtn.o
                0x20020000                _estack = 0x20020000

.isr_vector     0x08000000      0x298
                0x08000000                . = ALIGN (0x4)
 *(.isr_vector)
 .isr_vector    0x08000000      0x298 build/startup_stm32h750xx.o
                0x08000000                g_pfnVectors
                0x08000298                . = ALIGN (0x4)

.eh_frame       0x08000298        0x0
 .eh_frame      0x08000298        0x0 c:/program files (x86)/gnu arm embedded toolchain/9 2020-q2-update/bin/../lib/gcc/arm-none-eabi/9.3.1/thumb/v7e-m+dp/hard/crtbegin.o

.text           0x080002a0     0xa890
                0x080002a0                . = ALIGN (0x4)
                0x080002a0                _stext = .
 *(.text)
 .text          0x080002a0       0x40 c:/program files (x86)/gnu arm embedded toolchain/9 2020-q2-update/bin/../lib/gcc/arm-none-eabi/9.3.1/thumb/v7e-m+dp/hard/crtbegin.o
 .text          0x080002e0       0x10 c:/program files (x86)/gnu arm embedded toolchain/9 2020-q2-update/bin/../lib/gcc/arm-none-eabi/9.3.1/../../../../arm-none-eabi/lib/thumb/v7e-m+dp/hard\libc_nano.a(lib_a-strlen.o)
                0x080002e0                strlen
 .text          0x080002f0       0xa0 c:/program files (x86)/gnu arm embedded toolchain/9 2020-q2-update/bin/../lib/gcc/arm-none-eabi/9.3.1/../../../../arm-none-eabi/lib/thumb/v7e-m+dp/hard\libc_nano.a(lib_a-memchr.o)
                0x080002f0                memchr
 *(.text*)
 .text.SystemInit
                0x08000390       0x80 build/system_stm32h7xx.o
                0x08000390                SystemInit
 .text._ZN5daisy9DaisySeedD2Ev
                0x08000410        0x4 build/musicSynth.o
                0x08000410                daisy::DaisySeed::~DaisySeed()
                0x08000410                daisy::DaisySeed::~DaisySeed()
 .text._ZN5daisy8DaisyPodD2Ev
                0x08000414        0x4 build/musicSynth.o
                0x08000414                daisy::DaisyPod::~DaisyPod()
                0x08000414                daisy::DaisyPod::~DaisyPod()
 .text._ZN7daisysp10OscillatorD2Ev
                0x08000418        0x4 build/musicSynth.o
                0x08000418                daisysp::Oscillator::~Oscillator()
                0x08000418                daisysp::Oscillator::~Oscillator()
 .text._ZN8PrintOut11UsbCallbackEPhPm
                0x0800041c       0x28 build/musicSynth.o
                0x0800041c                PrintOut::UsbCallback(unsigned char*, unsigned long*)
 .text._ZN8PrintOut7PrinterD2Ev
                0x08000444        0x4 build/musicSynth.o
                0x08000444                PrintOut::Printer::~Printer()
                0x08000444                PrintOut::Printer::~Printer()
 .text._ZN8PrintOut7Printer3outEPKcz
                0x08000448       0x50 build/musicSynth.o
                0x08000448                PrintOut::Printer::out(char const*, ...)
 .text.startup.main
                0x08000498       0x6c build/musicSynth.o
                0x08000498                main
 .text.startup._GLOBAL__sub_I__ZN8PrintOut7sumbuffE
                0x08000504       0x68 build/musicSynth.o
 .text.Reset_Handler
                0x0800056c       0x50 build/startup_stm32h750xx.o
                0x0800056c                Reset_Handler
 .text.Default_Handler
                0x080005bc        0x2 build/startup_stm32h750xx.o
                0x080005bc                RTC_Alarm_IRQHandler
                0x080005bc                HASH_RNG_IRQHandler
                0x080005bc                EXTI2_IRQHandler
                0x080005bc                TIM8_CC_IRQHandler
                0x080005bc                HRTIM1_Master_IRQHandler
                0x080005bc                DebugMon_Handler
                0x080005bc                UART8_IRQHandler
                0x080005bc                SPI4_IRQHandler
                0x080005bc                TIM1_CC_IRQHandler
                0x080005bc                BDMA_Channel6_IRQHandler
                0x080005bc                DMA2_Stream5_IRQHandler
                0x080005bc                HRTIM1_FLT_IRQHandler
                0x080005bc                JPEG_IRQHandler
                0x080005bc                DMA1_Stream5_IRQHandler
                0x080005bc                BDMA_Channel1_IRQHandler
                0x080005bc                HRTIM1_TIMD_IRQHandler
                0x080005bc                TAMP_STAMP_IRQHandler
                0x080005bc                PendSV_Handler
                0x080005bc                NMI_Handler
                0x080005bc                EXTI3_IRQHandler
                0x080005bc                LPTIM4_IRQHandler
                0x080005bc                TIM8_TRG_COM_TIM14_IRQHandler
                0x080005bc                LPTIM2_IRQHandler
                0x080005bc                DFSDM1_FLT1_IRQHandler
                0x080005bc                DMAMUX2_OVR_IRQHandler
                0x080005bc                TIM8_UP_TIM13_IRQHandler
                0x080005bc                I2C3_ER_IRQHandler
                0x080005bc                DFSDM1_FLT2_IRQHandler
                0x080005bc                MDMA_IRQHandler
                0x080005bc                LPTIM3_IRQHandler
                0x080005bc                HSEM1_IRQHandler
                0x080005bc                EXTI0_IRQHandler
                0x080005bc                I2C2_EV_IRQHandler
                0x080005bc                DMA1_Stream2_IRQHandler
                0x080005bc                FPU_IRQHandler
                0x080005bc                OTG_HS_WKUP_IRQHandler
                0x080005bc                FDCAN1_IT1_IRQHandler
                0x080005bc                UsageFault_Handler
                0x080005bc                LTDC_ER_IRQHandler
                0x080005bc                DMA2_Stream2_IRQHandler
                0x080005bc                HRTIM1_TIME_IRQHandler
                0x080005bc                SPI1_IRQHandler
                0x080005bc                TIM6_DAC_IRQHandler
                0x080005bc                DCMI_IRQHandler
                0x080005bc                HRTIM1_TIMC_IRQHandler
                0x080005bc                DMA2_Stream3_IRQHandler
                0x080005bc                SAI2_IRQHandler
                0x080005bc                DFSDM1_FLT3_IRQHandler
                0x080005bc                USART6_IRQHandler
                0x080005bc                TIM17_IRQHandler
                0x080005bc                USART3_IRQHandler
                0x080005bc                BDMA_Channel7_IRQHandler
                0x080005bc                CRYP_IRQHandler
                0x080005bc                LPTIM5_IRQHandler
                0x080005bc                UART5_IRQHandler
                0x080005bc                ADC3_IRQHandler
                0x080005bc                DMA2_Stream0_IRQHandler
                0x080005bc                TIM4_IRQHandler
                0x080005bc                BDMA_Channel2_IRQHandler
                0x080005bc                I2C1_EV_IRQHandler
                0x080005bc                DMA1_Stream6_IRQHandler
                0x080005bc                DMAMUX1_OVR_IRQHandler
                0x080005bc                TIM16_IRQHandler
                0x080005bc                UART4_IRQHandler
                0x080005bc                BDMA_Channel5_IRQHandler
                0x080005bc                TIM3_IRQHandler
                0x080005bc                RCC_IRQHandler
                0x080005bc                TIM8_BRK_TIM12_IRQHandler
                0x080005bc                TIM1_TRG_COM_IRQHandler
                0x080005bc                Default_Handler
                0x080005bc                ECC_IRQHandler
                0x080005bc                CEC_IRQHandler
                0x080005bc                EXTI15_10_IRQHandler
                0x080005bc                BDMA_Channel0_IRQHandler
                0x080005bc                ADC_IRQHandler
                0x080005bc                DMA1_Stream7_IRQHandler
                0x080005bc                HRTIM1_TIMA_IRQHandler
                0x080005bc                SPI5_IRQHandler
                0x080005bc                TIM7_IRQHandler
                0x080005bc                SDMMC1_IRQHandler
                0x080005bc                TIM5_IRQHandler
                0x080005bc                DMA2_Stream7_IRQHandler
                0x080005bc                TIM15_IRQHandler
                0x080005bc                PVD_AVD_IRQHandler
                0x080005bc                I2C3_EV_IRQHandler
                0x080005bc                EXTI9_5_IRQHandler
                0x080005bc                RTC_WKUP_IRQHandler
                0x080005bc                LTDC_IRQHandler
                0x080005bc                SAI3_IRQHandler
                0x080005bc                ETH_WKUP_IRQHandler
                0x080005bc                SPDIF_RX_IRQHandler
                0x080005bc                SPI2_IRQHandler
                0x080005bc                MemManage_Handler
                0x080005bc                SVC_Handler
                0x080005bc                CRS_IRQHandler
                0x080005bc                EXTI4_IRQHandler
                0x080005bc                HRTIM1_TIMB_IRQHandler
                0x080005bc                FDCAN2_IT1_IRQHandler
                0x080005bc                ETH_IRQHandler
                0x080005bc                TIM1_UP_IRQHandler
                0x080005bc                BDMA_Channel4_IRQHandler
                0x080005bc                WWDG_IRQHandler
                0x080005bc                SPI6_IRQHandler
                0x080005bc                MDIOS_IRQHandler
                0x080005bc                I2C4_EV_IRQHandler
                0x080005bc                FDCAN2_IT0_IRQHandler
                0x080005bc                LPUART1_IRQHandler
                0x080005bc                FDCAN1_IT0_IRQHandler
                0x080005bc                TIM2_IRQHandler
                0x080005bc                OTG_FS_WKUP_IRQHandler
                0x080005bc                DMA2D_IRQHandler
                0x080005bc                TIM1_BRK_IRQHandler
                0x080005bc                EXTI1_IRQHandler
                0x080005bc                SDMMC2_IRQHandler
                0x080005bc                BDMA_Channel3_IRQHandler
                0x080005bc                UART7_IRQHandler
                0x080005bc                MDIOS_WKUP_IRQHandler
                0x080005bc                USART2_IRQHandler
                0x080005bc                DFSDM1_FLT0_IRQHandler
                0x080005bc                SAI4_IRQHandler
                0x080005bc                I2C2_ER_IRQHandler
                0x080005bc                DMA2_Stream1_IRQHandler
                0x080005bc                FLASH_IRQHandler
                0x080005bc                DMA2_Stream4_IRQHandler
                0x080005bc                BusFault_Handler
                0x080005bc                USART1_IRQHandler
                0x080005bc                SPI3_IRQHandler
                0x080005bc                WAKEUP_PIN_IRQHandler
                0x080005bc                I2C1_ER_IRQHandler
                0x080005bc                FMC_IRQHandler
                0x080005bc                FDCAN_CAL_IRQHandler
                0x080005bc                SWPMI1_IRQHandler
                0x080005bc                COMP1_IRQHandler
                0x080005bc                LPTIM1_IRQHandler
                0x080005bc                I2C4_ER_IRQHandler
                0x080005bc                DMA2_Stream6_IRQHandler
                0x080005bc                SAI1_IRQHandler
 *fill*         0x080005be        0x2 
 .text._ZN5daisy9DaisySeed9ConfigureEv
                0x080005c0       0xe0 ../libs/libdaisy/build\libdaisy.a(daisy_seed.o)
                0x080005c0                daisy::DaisySeed::Configure()
 .text._ZN5daisy9DaisySeed4InitEv
                0x080006a0       0x34 ../libs/libdaisy/build\libdaisy.a(daisy_seed.o)
                0x080006a0                daisy::DaisySeed::Init()
 .text.dsy_audio_passthru
                0x080006d4        0xc ../libs/libdaisy/build\libdaisy.a(hid_audio.o)
                0x080006d4                dsy_audio_passthru
 .text.DMA1_Stream0_IRQHandler
                0x080006e0        0xc ../libs/libdaisy/build\libdaisy.a(hid_audio.o)
                0x080006e0                DMA1_Stream0_IRQHandler
 .text.DMA1_Stream1_IRQHandler
                0x080006ec        0xc ../libs/libdaisy/build\libdaisy.a(hid_audio.o)
                0x080006ec                DMA1_Stream1_IRQHandler
 .text.DMA1_Stream3_IRQHandler
                0x080006f8        0xc ../libs/libdaisy/build\libdaisy.a(hid_audio.o)
                0x080006f8                DMA1_Stream3_IRQHandler
 .text.DMA1_Stream4_IRQHandler
                0x08000704        0xc ../libs/libdaisy/build\libdaisy.a(hid_audio.o)
                0x08000704                DMA1_Stream4_IRQHandler
 .text.dsy_audio_init
                0x08000710      0x238 ../libs/libdaisy/build\libdaisy.a(hid_audio.o)
                0x08000710                dsy_audio_init
 .text.dsy_audio_set_blocksize
                0x08000948       0x2c ../libs/libdaisy/build\libdaisy.a(hid_audio.o)
                0x08000948                dsy_audio_set_blocksize
 .text.dsy_qspi_init
                0x08000974      0x390 ../libs/libdaisy/build\libdaisy.a(per_qspi.o)
                0x08000974                dsy_qspi_init
 .text.HAL_QSPI_MspInit
                0x08000d04      0x10c ../libs/libdaisy/build\libdaisy.a(per_qspi.o)
                0x08000d04                HAL_QSPI_MspInit
 .text.HAL_QSPI_MspDeInit
                0x08000e10       0x58 ../libs/libdaisy/build\libdaisy.a(per_qspi.o)
                0x08000e10                HAL_QSPI_MspDeInit
 .text.QUADSPI_IRQHandler
                0x08000e68        0xc ../libs/libdaisy/build\libdaisy.a(per_qspi.o)
                0x08000e68                QUADSPI_IRQHandler
 .text.dsy_sdram_init
                0x08000e74      0x120 ../libs/libdaisy/build\libdaisy.a(dev_sdram.o)
                0x08000e74                dsy_sdram_init
 .text.HAL_SDRAM_MspInit
                0x08000f94      0x1cc ../libs/libdaisy/build\libdaisy.a(dev_sdram.o)
                0x08000f94                HAL_SDRAM_MspInit
 .text.SystemClock_Config
                0x08001160      0x17c ../libs/libdaisy/build\libdaisy.a(sys_system.o)
 .text.SysTick_Handler
                0x080012dc       0x10 ../libs/libdaisy/build\libdaisy.a(sys_system.o)
                0x080012dc                SysTick_Handler
 .text.HardFault_Handler
                0x080012ec        0x4 ../libs/libdaisy/build\libdaisy.a(sys_system.o)
                0x080012ec                HardFault_Handler
 .text.dsy_system_init
                0x080012f0       0xdc ../libs/libdaisy/build\libdaisy.a(sys_system.o)
                0x080012f0                dsy_system_init
 .text.dsy_system_delay
                0x080013cc        0x4 ../libs/libdaisy/build\libdaisy.a(sys_system.o)
                0x080013cc                dsy_system_delay
 .text.dsy_i2c_init
                0x080013d0       0xcc ../libs/libdaisy/build\libdaisy.a(per_i2c.o)
                0x080013d0                dsy_i2c_init
 .text.HAL_I2C_MspInit
                0x0800149c      0x2a8 ../libs/libdaisy/build\libdaisy.a(per_i2c.o)
                0x0800149c                HAL_I2C_MspInit
 .text.dsy_sai2_init
                0x08001744       0x78 ../libs/libdaisy/build\libdaisy.a(per_sai.o)
 .text.dsy_sai_blocks_init.constprop.0
                0x080017bc       0xa4 ../libs/libdaisy/build\libdaisy.a(per_sai.o)
 .text.dsy_sai_init_from_handle
                0x08001860       0x88 ../libs/libdaisy/build\libdaisy.a(per_sai.o)
                0x08001860                dsy_sai_init_from_handle
 .text.HAL_SAI_MspInit
                0x080018e8      0x41c ../libs/libdaisy/build\libdaisy.a(per_sai.o)
                0x080018e8                HAL_SAI_MspInit
 .text.dsy_gpio_init
                0x08001d04       0x58 ../libs/libdaisy/build\libdaisy.a(per_gpio.o)
                0x08001d04                dsy_gpio_init
 .text.dsy_gpio_write
                0x08001d5c       0x24 ../libs/libdaisy/build\libdaisy.a(per_gpio.o)
                0x08001d5c                dsy_gpio_write
 .text.dsy_tim_init
                0x08001d80       0x70 ../libs/libdaisy/build\libdaisy.a(per_tim.o)
                0x08001d80                dsy_tim_init
 .text.HAL_TIM_Base_MspInit
                0x08001df0       0x30 ../libs/libdaisy/build\libdaisy.a(per_tim.o)
                0x08001df0                HAL_TIM_Base_MspInit
 .text.DummyRxCallback
                0x08001e20        0x4 ../libs/libdaisy/build\libdaisy.a(hid_usb.o)
                0x08001e20                DummyRxCallback
 .text._ZN5daisy9UsbHandle4InitENS0_9UsbPeriphE
                0x08001e24      0x10c ../libs/libdaisy/build\libdaisy.a(hid_usb.o)
                0x08001e24                daisy::UsbHandle::Init(daisy::UsbHandle::UsbPeriph)
 .text._ZN5daisy9UsbHandle16TransmitInternalEPhj
                0x08001f30        0x8 ../libs/libdaisy/build\libdaisy.a(hid_usb.o)
                0x08001f30                daisy::UsbHandle::TransmitInternal(unsigned char*, unsigned int)
 .text._ZN5daisy9UsbHandle18SetReceiveCallbackEPFvPhPmE
                0x08001f38       0x18 ../libs/libdaisy/build\libdaisy.a(hid_usb.o)
                0x08001f38                daisy::UsbHandle::SetReceiveCallback(void (*)(unsigned char*, unsigned long*))
 .text.OTG_HS_EP1_OUT_IRQHandler
                0x08001f50        0xc ../libs/libdaisy/build\libdaisy.a(hid_usb.o)
                0x08001f50                OTG_HS_EP1_OUT_IRQHandler
 .text.OTG_HS_EP1_IN_IRQHandler
                0x08001f5c        0xc ../libs/libdaisy/build\libdaisy.a(hid_usb.o)
                0x08001f5c                OTG_HS_EP1_IN_IRQHandler
 .text.OTG_HS_IRQHandler
                0x08001f68        0xc ../libs/libdaisy/build\libdaisy.a(hid_usb.o)
                0x08001f68                OTG_HS_IRQHandler
 .text.OTG_FS_EP1_OUT_IRQHandler
                0x08001f74        0xc ../libs/libdaisy/build\libdaisy.a(hid_usb.o)
                0x08001f74                OTG_FS_EP1_OUT_IRQHandler
 .text.OTG_FS_EP1_IN_IRQHandler
                0x08001f80        0xc ../libs/libdaisy/build\libdaisy.a(hid_usb.o)
                0x08001f80                OTG_FS_EP1_IN_IRQHandler
 .text.OTG_FS_IRQHandler
                0x08001f8c        0xc ../libs/libdaisy/build\libdaisy.a(hid_usb.o)
                0x08001f8c                OTG_FS_IRQHandler
 .text.dsy_hal_map_get_port
                0x08001f98       0x10 ../libs/libdaisy/build\libdaisy.a(util_hal_map.o)
                0x08001f98                dsy_hal_map_get_port
 .text.dsy_hal_map_get_pin
                0x08001fa8       0x10 ../libs/libdaisy/build\libdaisy.a(util_hal_map.o)
                0x08001fa8                dsy_hal_map_get_pin
 .text.dsy_hal_map_get_i2c
                0x08001fb8       0x28 ../libs/libdaisy/build\libdaisy.a(util_hal_map.o)
                0x08001fb8                dsy_hal_map_get_i2c
 .text.HAL_PCD_Init
                0x08001fe0      0x12c ../libs/libdaisy/build\libdaisy.a(stm32h7xx_hal_pcd.o)
                0x08001fe0                HAL_PCD_Init
 .text.HAL_PCD_Start
                0x0800210c       0x40 ../libs/libdaisy/build\libdaisy.a(stm32h7xx_hal_pcd.o)
                0x0800210c                HAL_PCD_Start
 .text.HAL_PCD_IRQHandler
                0x0800214c      0x6bc ../libs/libdaisy/build\libdaisy.a(stm32h7xx_hal_pcd.o)
                0x0800214c                HAL_PCD_IRQHandler
 .text.HAL_PCD_SetAddress
                0x08002808       0x28 ../libs/libdaisy/build\libdaisy.a(stm32h7xx_hal_pcd.o)
                0x08002808                HAL_PCD_SetAddress
 .text.HAL_PCD_EP_Open
                0x08002830       0x74 ../libs/libdaisy/build\libdaisy.a(stm32h7xx_hal_pcd.o)
                0x08002830                HAL_PCD_EP_Open
 .text.HAL_PCD_EP_Close
                0x080028a4       0x68 ../libs/libdaisy/build\libdaisy.a(stm32h7xx_hal_pcd.o)
                0x080028a4                HAL_PCD_EP_Close
 .text.HAL_PCD_EP_Receive
                0x0800290c       0x50 ../libs/libdaisy/build\libdaisy.a(stm32h7xx_hal_pcd.o)
                0x0800290c                HAL_PCD_EP_Receive
 .text.HAL_PCD_EP_GetRxCount
                0x0800295c       0x14 ../libs/libdaisy/build\libdaisy.a(stm32h7xx_hal_pcd.o)
                0x0800295c                HAL_PCD_EP_GetRxCount
 .text.HAL_PCD_EP_Transmit
                0x08002970       0x48 ../libs/libdaisy/build\libdaisy.a(stm32h7xx_hal_pcd.o)
                0x08002970                HAL_PCD_EP_Transmit
 .text.HAL_PCD_EP_SetStall
                0x080029b8       0x88 ../libs/libdaisy/build\libdaisy.a(stm32h7xx_hal_pcd.o)
                0x080029b8                HAL_PCD_EP_SetStall
 .text.HAL_PCD_EP_ClrStall
                0x08002a40       0x78 ../libs/libdaisy/build\libdaisy.a(stm32h7xx_hal_pcd.o)
                0x08002a40                HAL_PCD_EP_ClrStall
 .text.HAL_PCDEx_SetTxFiFo
                0x08002ab8       0x48 ../libs/libdaisy/build\libdaisy.a(stm32h7xx_hal_pcd_ex.o)
                0x08002ab8                HAL_PCDEx_SetTxFiFo
 .text.HAL_PCDEx_SetRxFiFo
                0x08002b00        0xc ../libs/libdaisy/build\libdaisy.a(stm32h7xx_hal_pcd_ex.o)
                0x08002b00                HAL_PCDEx_SetRxFiFo
 .text.HAL_PCDEx_ActivateLPM
                0x08002b0c       0x2c ../libs/libdaisy/build\libdaisy.a(stm32h7xx_hal_pcd_ex.o)
                0x08002b0c                HAL_PCDEx_ActivateLPM
 .text.HAL_PCDEx_LPM_Callback
                0x08002b38        0x4 ../libs/libdaisy/build\libdaisy.a(stm32h7xx_hal_pcd_ex.o)
                0x08002b38                HAL_PCDEx_LPM_Callback
 .text.USB_CoreInit
                0x08002b3c       0xd4 ../libs/libdaisy/build\libdaisy.a(stm32h7xx_ll_usb.o)
                0x08002b3c                USB_CoreInit
 .text.USB_SetTurnaroundTime
                0x08002c10       0xf8 ../libs/libdaisy/build\libdaisy.a(stm32h7xx_ll_usb.o)
                0x08002c10                USB_SetTurnaroundTime
 .text.USB_EnableGlobalInt
                0x08002d08       0x10 ../libs/libdaisy/build\libdaisy.a(stm32h7xx_ll_usb.o)
                0x08002d08                USB_EnableGlobalInt
 .text.USB_DisableGlobalInt
                0x08002d18       0x10 ../libs/libdaisy/build\libdaisy.a(stm32h7xx_ll_usb.o)
                0x08002d18                USB_DisableGlobalInt
 .text.USB_SetCurrentMode
                0x08002d28       0x30 ../libs/libdaisy/build\libdaisy.a(stm32h7xx_ll_usb.o)
                0x08002d28                USB_SetCurrentMode
 .text.USB_DevInit
                0x08002d58      0x1ec ../libs/libdaisy/build\libdaisy.a(stm32h7xx_ll_usb.o)
                0x08002d58                USB_DevInit
 .text.USB_FlushTxFifo
                0x08002f44       0x24 ../libs/libdaisy/build\libdaisy.a(stm32h7xx_ll_usb.o)
                0x08002f44                USB_FlushTxFifo
 .text.USB_GetDevSpeed
                0x08002f68       0x18 ../libs/libdaisy/build\libdaisy.a(stm32h7xx_ll_usb.o)
                0x08002f68                USB_GetDevSpeed
 .text.USB_ActivateEndpoint
                0x08002f80       0x90 ../libs/libdaisy/build\libdaisy.a(stm32h7xx_ll_usb.o)
                0x08002f80                USB_ActivateEndpoint
 .text.USB_DeactivateEndpoint
                0x08003010       0x78 ../libs/libdaisy/build\libdaisy.a(stm32h7xx_ll_usb.o)
                0x08003010                USB_DeactivateEndpoint
 .text.USB_EPStartXfer
                0x08003088      0x228 ../libs/libdaisy/build\libdaisy.a(stm32h7xx_ll_usb.o)
                0x08003088                USB_EPStartXfer
 .text.USB_EP0StartXfer
                0x080032b0      0x150 ../libs/libdaisy/build\libdaisy.a(stm32h7xx_ll_usb.o)
                0x080032b0                USB_EP0StartXfer
 .text.USB_WritePacket
                0x08003400       0x2c ../libs/libdaisy/build\libdaisy.a(stm32h7xx_ll_usb.o)
                0x08003400                USB_WritePacket
 .text.USB_ReadPacket
                0x0800342c       0x24 ../libs/libdaisy/build\libdaisy.a(stm32h7xx_ll_usb.o)
                0x0800342c                USB_ReadPacket
 .text.USB_EPSetStall
                0x08003450       0x68 ../libs/libdaisy/build\libdaisy.a(stm32h7xx_ll_usb.o)
                0x08003450                USB_EPSetStall
 .text.USB_EPClearStall
                0x080034b8       0x58 ../libs/libdaisy/build\libdaisy.a(stm32h7xx_ll_usb.o)
                0x080034b8                USB_EPClearStall
 .text.USB_SetDevAddress
                0x08003510       0x24 ../libs/libdaisy/build\libdaisy.a(stm32h7xx_ll_usb.o)
                0x08003510                USB_SetDevAddress
 .text.USB_DevConnect
                0x08003534       0x1c ../libs/libdaisy/build\libdaisy.a(stm32h7xx_ll_usb.o)
                0x08003534                USB_DevConnect
 .text.USB_DevDisconnect
                0x08003550       0x1c ../libs/libdaisy/build\libdaisy.a(stm32h7xx_ll_usb.o)
                0x08003550                USB_DevDisconnect
 .text.USB_ReadInterrupts
                0x0800356c        0x8 ../libs/libdaisy/build\libdaisy.a(stm32h7xx_ll_usb.o)
                0x0800356c                USB_ReadInterrupts
 .text.USB_ReadDevAllOutEpInterrupt
                0x08003574       0x10 ../libs/libdaisy/build\libdaisy.a(stm32h7xx_ll_usb.o)
                0x08003574                USB_ReadDevAllOutEpInterrupt
 .text.USB_ReadDevAllInEpInterrupt
                0x08003584       0x10 ../libs/libdaisy/build\libdaisy.a(stm32h7xx_ll_usb.o)
                0x08003584                USB_ReadDevAllInEpInterrupt
 .text.USB_ReadDevOutEPInterrupt
                0x08003594       0x14 ../libs/libdaisy/build\libdaisy.a(stm32h7xx_ll_usb.o)
                0x08003594                USB_ReadDevOutEPInterrupt
 .text.USB_ReadDevInEPInterrupt
                0x080035a8       0x24 ../libs/libdaisy/build\libdaisy.a(stm32h7xx_ll_usb.o)
                0x080035a8                USB_ReadDevInEPInterrupt
 .text.USB_GetMode
                0x080035cc        0x8 ../libs/libdaisy/build\libdaisy.a(stm32h7xx_ll_usb.o)
                0x080035cc                USB_GetMode
 .text.USB_ActivateSetup
                0x080035d4       0x38 ../libs/libdaisy/build\libdaisy.a(stm32h7xx_ll_usb.o)
                0x080035d4                USB_ActivateSetup
 .text.USB_EP0_OutStart
                0x0800360c       0x58 ../libs/libdaisy/build\libdaisy.a(stm32h7xx_ll_usb.o)
                0x0800360c                USB_EP0_OutStart
 .text.HAL_NVIC_SetPriorityGrouping
                0x08003664       0x28 ../libs/libdaisy/build\libdaisy.a(stm32h7xx_hal_cortex.o)
                0x08003664                HAL_NVIC_SetPriorityGrouping
 .text.HAL_NVIC_SetPriority
                0x0800368c       0x74 ../libs/libdaisy/build\libdaisy.a(stm32h7xx_hal_cortex.o)
                0x0800368c                HAL_NVIC_SetPriority
 .text.HAL_NVIC_EnableIRQ
                0x08003700       0x1c ../libs/libdaisy/build\libdaisy.a(stm32h7xx_hal_cortex.o)
                0x08003700                HAL_NVIC_EnableIRQ
 .text.HAL_NVIC_DisableIRQ
                0x0800371c       0x28 ../libs/libdaisy/build\libdaisy.a(stm32h7xx_hal_cortex.o)
                0x0800371c                HAL_NVIC_DisableIRQ
 .text.HAL_SYSTICK_Config
                0x08003744       0x30 ../libs/libdaisy/build\libdaisy.a(stm32h7xx_hal_cortex.o)
                0x08003744                HAL_SYSTICK_Config
 .text.HAL_MPU_Disable
                0x08003774       0x20 ../libs/libdaisy/build\libdaisy.a(stm32h7xx_hal_cortex.o)
                0x08003774                HAL_MPU_Disable
 .text.HAL_MPU_Enable
                0x08003794       0x24 ../libs/libdaisy/build\libdaisy.a(stm32h7xx_hal_cortex.o)
                0x08003794                HAL_MPU_Enable
 .text.HAL_MPU_ConfigRegion
                0x080037b8       0x50 ../libs/libdaisy/build\libdaisy.a(stm32h7xx_hal_cortex.o)
                0x080037b8                HAL_MPU_ConfigRegion
 .text.HAL_SYSTICK_Callback
                0x08003808        0x4 ../libs/libdaisy/build\libdaisy.a(stm32h7xx_hal_cortex.o)
                0x08003808                HAL_SYSTICK_Callback
 .text.HAL_SYSTICK_IRQHandler
                0x0800380c        0x8 ../libs/libdaisy/build\libdaisy.a(stm32h7xx_hal_cortex.o)
                0x0800380c                HAL_SYSTICK_IRQHandler
 .text.HAL_SDRAM_Init
                0x08003814       0x54 ../libs/libdaisy/build\libdaisy.a(stm32h7xx_hal_sdram.o)
                0x08003814                HAL_SDRAM_Init
 .text.HAL_SDRAM_SendCommand
                0x08003868       0x40 ../libs/libdaisy/build\libdaisy.a(stm32h7xx_hal_sdram.o)
                0x08003868                HAL_SDRAM_SendCommand
 .text.HAL_SDRAM_ProgramRefreshRate
                0x080038a8       0x30 ../libs/libdaisy/build\libdaisy.a(stm32h7xx_hal_sdram.o)
                0x080038a8                HAL_SDRAM_ProgramRefreshRate
 .text.I2C_WaitOnTXISFlagUntilTimeout
                0x080038d8       0xb8 ../libs/libdaisy/build\libdaisy.a(stm32h7xx_hal_i2c.o)
 .text.I2C_WaitOnSTOPFlagUntilTimeout
                0x08003990       0xac ../libs/libdaisy/build\libdaisy.a(stm32h7xx_hal_i2c.o)
 .text.HAL_I2C_Init
                0x08003a3c       0xa8 ../libs/libdaisy/build\libdaisy.a(stm32h7xx_hal_i2c.o)
                0x08003a3c                HAL_I2C_Init
 .text.HAL_I2C_Master_Transmit
                0x08003ae4      0x1b4 ../libs/libdaisy/build\libdaisy.a(stm32h7xx_hal_i2c.o)
                0x08003ae4                HAL_I2C_Master_Transmit
 .text.HAL_I2CEx_ConfigAnalogFilter
                0x08003c98       0x58 ../libs/libdaisy/build\libdaisy.a(stm32h7xx_hal_i2c_ex.o)
                0x08003c98                HAL_I2CEx_ConfigAnalogFilter
 .text.HAL_I2CEx_ConfigDigitalFilter
                0x08003cf0       0x54 ../libs/libdaisy/build\libdaisy.a(stm32h7xx_hal_i2c_ex.o)
                0x08003cf0                HAL_I2CEx_ConfigDigitalFilter
 .text.QSPI_Config
                0x08003d44      0x1d4 ../libs/libdaisy/build\libdaisy.a(stm32h7xx_hal_qspi.o)
 .text.HAL_QSPI_Init
                0x08003f18       0xd8 ../libs/libdaisy/build\libdaisy.a(stm32h7xx_hal_qspi.o)
                0x08003f18                HAL_QSPI_Init
 .text.HAL_QSPI_DeInit
                0x08003ff0       0x3c ../libs/libdaisy/build\libdaisy.a(stm32h7xx_hal_qspi.o)
                0x08003ff0                HAL_QSPI_DeInit
 .text.HAL_QSPI_Command
                0x0800402c       0xd4 ../libs/libdaisy/build\libdaisy.a(stm32h7xx_hal_qspi.o)
                0x0800402c                HAL_QSPI_Command
 .text.HAL_QSPI_Transmit
                0x08004100       0xfc ../libs/libdaisy/build\libdaisy.a(stm32h7xx_hal_qspi.o)
                0x08004100                HAL_QSPI_Transmit
 .text.HAL_QSPI_Receive
                0x080041fc      0x108 ../libs/libdaisy/build\libdaisy.a(stm32h7xx_hal_qspi.o)
                0x080041fc                HAL_QSPI_Receive
 .text.HAL_QSPI_AutoPolling
                0x08004304       0xe8 ../libs/libdaisy/build\libdaisy.a(stm32h7xx_hal_qspi.o)
                0x08004304                HAL_QSPI_AutoPolling
 .text.HAL_QSPI_MemoryMapped
                0x080043ec       0xb8 ../libs/libdaisy/build\libdaisy.a(stm32h7xx_hal_qspi.o)
                0x080043ec                HAL_QSPI_MemoryMapped
 .text.HAL_QSPI_ErrorCallback
                0x080044a4        0x4 ../libs/libdaisy/build\libdaisy.a(stm32h7xx_hal_qspi.o)
                0x080044a4                HAL_QSPI_ErrorCallback
 .text.QSPI_DMAAbortCplt
                0x080044a8       0x38 ../libs/libdaisy/build\libdaisy.a(stm32h7xx_hal_qspi.o)
 .text.HAL_QSPI_AbortCpltCallback
                0x080044e0        0x4 ../libs/libdaisy/build\libdaisy.a(stm32h7xx_hal_qspi.o)
                0x080044e0                HAL_QSPI_AbortCpltCallback
 .text.HAL_QSPI_CmdCpltCallback
                0x080044e4        0x4 ../libs/libdaisy/build\libdaisy.a(stm32h7xx_hal_qspi.o)
                0x080044e4                HAL_QSPI_CmdCpltCallback
 .text.HAL_QSPI_RxCpltCallback
                0x080044e8        0x4 ../libs/libdaisy/build\libdaisy.a(stm32h7xx_hal_qspi.o)
                0x080044e8                HAL_QSPI_RxCpltCallback
 .text.HAL_QSPI_TxCpltCallback
                0x080044ec        0x4 ../libs/libdaisy/build\libdaisy.a(stm32h7xx_hal_qspi.o)
                0x080044ec                HAL_QSPI_TxCpltCallback
 .text.HAL_QSPI_FifoThresholdCallback
                0x080044f0        0x4 ../libs/libdaisy/build\libdaisy.a(stm32h7xx_hal_qspi.o)
                0x080044f0                HAL_QSPI_FifoThresholdCallback
 .text.HAL_QSPI_StatusMatchCallback
                0x080044f4        0x4 ../libs/libdaisy/build\libdaisy.a(stm32h7xx_hal_qspi.o)
                0x080044f4                HAL_QSPI_StatusMatchCallback
 .text.HAL_QSPI_TimeOutCallback
                0x080044f8        0x4 ../libs/libdaisy/build\libdaisy.a(stm32h7xx_hal_qspi.o)
                0x080044f8                HAL_QSPI_TimeOutCallback
 .text.HAL_QSPI_IRQHandler
                0x080044fc      0x210 ../libs/libdaisy/build\libdaisy.a(stm32h7xx_hal_qspi.o)
                0x080044fc                HAL_QSPI_IRQHandler
 .text.HAL_SAI_Init.part.0
                0x0800470c      0x364 ../libs/libdaisy/build\libdaisy.a(stm32h7xx_hal_sai.o)
 .text.HAL_SAI_InitProtocol
                0x08004a70      0x184 ../libs/libdaisy/build\libdaisy.a(stm32h7xx_hal_sai.o)
                0x08004a70                HAL_SAI_InitProtocol
 .text.HAL_TIM_Base_Init
                0x08004bf4      0x130 ../libs/libdaisy/build\libdaisy.a(stm32h7xx_hal_tim.o)
                0x08004bf4                HAL_TIM_Base_Init
 .text.HAL_TIM_ConfigClockSource
                0x08004d24      0x17c ../libs/libdaisy/build\libdaisy.a(stm32h7xx_hal_tim.o)
                0x08004d24                HAL_TIM_ConfigClockSource
 .text.HAL_TIMEx_MasterConfigSynchronization
                0x08004ea0       0x60 ../libs/libdaisy/build\libdaisy.a(stm32h7xx_hal_tim_ex.o)
                0x08004ea0                HAL_TIMEx_MasterConfigSynchronization
 .text.HAL_RCC_OscConfig
                0x08004f00      0x538 ../libs/libdaisy/build\libdaisy.a(stm32h7xx_hal_rcc.o)
                0x08004f00                HAL_RCC_OscConfig
 .text.HAL_RCC_GetSysClockFreq
                0x08005438      0x140 ../libs/libdaisy/build\libdaisy.a(stm32h7xx_hal_rcc.o)
                0x08005438                HAL_RCC_GetSysClockFreq
 .text.HAL_RCC_ClockConfig
                0x08005578      0x234 ../libs/libdaisy/build\libdaisy.a(stm32h7xx_hal_rcc.o)
                0x08005578                HAL_RCC_ClockConfig
 .text.HAL_RCC_GetHCLKFreq
                0x080057ac       0x2c ../libs/libdaisy/build\libdaisy.a(stm32h7xx_hal_rcc.o)
                0x080057ac                HAL_RCC_GetHCLKFreq
 .text.RCCEx_PLL2_Config
                0x080057d8       0xf8 ../libs/libdaisy/build\libdaisy.a(stm32h7xx_hal_rcc_ex.o)
 .text.RCCEx_PLL3_Config
                0x080058d0       0xf8 ../libs/libdaisy/build\libdaisy.a(stm32h7xx_hal_rcc_ex.o)
 .text.HAL_RCCEx_PeriphCLKConfig
                0x080059c8      0xa7c ../libs/libdaisy/build\libdaisy.a(stm32h7xx_hal_rcc_ex.o)
                0x080059c8                HAL_RCCEx_PeriphCLKConfig
 .text.HAL_RCCEx_GetPLL2ClockFreq
                0x08006444      0x17c ../libs/libdaisy/build\libdaisy.a(stm32h7xx_hal_rcc_ex.o)
                0x08006444                HAL_RCCEx_GetPLL2ClockFreq
 .text.HAL_RCCEx_GetPLL3ClockFreq
                0x080065c0      0x17c ../libs/libdaisy/build\libdaisy.a(stm32h7xx_hal_rcc_ex.o)
                0x080065c0                HAL_RCCEx_GetPLL3ClockFreq
 .text.HAL_RCCEx_GetPLL1ClockFreq
                0x0800673c      0x17c ../libs/libdaisy/build\libdaisy.a(stm32h7xx_hal_rcc_ex.o)
                0x0800673c                HAL_RCCEx_GetPLL1ClockFreq
 .text.HAL_RCCEx_GetPeriphCLKFreq
                0x080068b8      0x198 ../libs/libdaisy/build\libdaisy.a(stm32h7xx_hal_rcc_ex.o)
                0x080068b8                HAL_RCCEx_GetPeriphCLKFreq
 .text.HAL_RCCEx_GetD1SysClockFreq
                0x08006a50       0x2c ../libs/libdaisy/build\libdaisy.a(stm32h7xx_hal_rcc_ex.o)
                0x08006a50                HAL_RCCEx_GetD1SysClockFreq
 .text.HAL_GPIO_Init
                0x08006a7c      0x248 ../libs/libdaisy/build\libdaisy.a(stm32h7xx_hal_gpio.o)
                0x08006a7c                HAL_GPIO_Init
 .text.HAL_GPIO_DeInit
                0x08006cc4      0x19c ../libs/libdaisy/build\libdaisy.a(stm32h7xx_hal_gpio.o)
                0x08006cc4                HAL_GPIO_DeInit
 .text.HAL_GPIO_WritePin
                0x08006e60        0x8 ../libs/libdaisy/build\libdaisy.a(stm32h7xx_hal_gpio.o)
                0x08006e60                HAL_GPIO_WritePin
 .text.DMA_CalcBaseAndBitshift
                0x08006e68       0xf8 ../libs/libdaisy/build\libdaisy.a(stm32h7xx_hal_dma.o)
 .text.DMA_CalcDMAMUXChannelBaseAndMask
                0x08006f60       0xd8 ../libs/libdaisy/build\libdaisy.a(stm32h7xx_hal_dma.o)
 .text.HAL_DMA_Init
                0x08007038      0x394 ../libs/libdaisy/build\libdaisy.a(stm32h7xx_hal_dma.o)
                0x08007038                HAL_DMA_Init
 .text.HAL_DMA_IRQHandler
                0x080073cc      0x6bc ../libs/libdaisy/build\libdaisy.a(stm32h7xx_hal_dma.o)
                0x080073cc                HAL_DMA_IRQHandler
 .text.HAL_MDMA_Abort_IT
                0x08007a88       0x2c ../libs/libdaisy/build\libdaisy.a(stm32h7xx_hal_mdma.o)
                0x08007a88                HAL_MDMA_Abort_IT
 .text.HAL_PWREx_ConfigSupply
                0x08007ab4       0x4c ../libs/libdaisy/build\libdaisy.a(stm32h7xx_hal_pwr_ex.o)
                0x08007ab4                HAL_PWREx_ConfigSupply
 .text.HAL_PWREx_EnableUSBVoltageDetector
                0x08007b00       0x10 ../libs/libdaisy/build\libdaisy.a(stm32h7xx_hal_pwr_ex.o)
                0x08007b00                HAL_PWREx_EnableUSBVoltageDetector
 .text.HAL_MspInit
                0x08007b10        0x4 ../libs/libdaisy/build\libdaisy.a(stm32h7xx_hal.o)
                0x08007b10                HAL_MspInit
 .text.HAL_InitTick
                0x08007b14       0x4c ../libs/libdaisy/build\libdaisy.a(stm32h7xx_hal.o)
                0x08007b14                HAL_InitTick
 .text.HAL_Init
                0x08007b60       0x5c ../libs/libdaisy/build\libdaisy.a(stm32h7xx_hal.o)
                0x08007b60                HAL_Init
 .text.HAL_IncTick
                0x08007bbc       0x18 ../libs/libdaisy/build\libdaisy.a(stm32h7xx_hal.o)
                0x08007bbc                HAL_IncTick
 .text.HAL_GetTick
                0x08007bd4        0xc ../libs/libdaisy/build\libdaisy.a(stm32h7xx_hal.o)
                0x08007bd4                HAL_GetTick
 .text.HAL_Delay
                0x08007be0       0x24 ../libs/libdaisy/build\libdaisy.a(stm32h7xx_hal.o)
                0x08007be0                HAL_Delay
 .text.HAL_GetREVID
                0x08007c04        0xc ../libs/libdaisy/build\libdaisy.a(stm32h7xx_hal.o)
                0x08007c04                HAL_GetREVID
 .text.USBD_Init
                0x08007c10       0x44 ../libs/libdaisy/build\libdaisy.a(usbd_core.o)
                0x08007c10                USBD_Init
 .text.USBD_RegisterClass
                0x08007c54       0x2c ../libs/libdaisy/build\libdaisy.a(usbd_core.o)
                0x08007c54                USBD_RegisterClass
 .text.USBD_Start
                0x08007c80        0xc ../libs/libdaisy/build\libdaisy.a(usbd_core.o)
                0x08007c80                USBD_Start
 .text.USBD_SetClassConfig
                0x08007c8c       0x14 ../libs/libdaisy/build\libdaisy.a(usbd_core.o)
                0x08007c8c                USBD_SetClassConfig
 .text.USBD_ClrClassConfig
                0x08007ca0       0x10 ../libs/libdaisy/build\libdaisy.a(usbd_core.o)
                0x08007ca0                USBD_ClrClassConfig
 .text.USBD_LL_SetupStage
                0x08007cb0       0x5c ../libs/libdaisy/build\libdaisy.a(usbd_core.o)
                0x08007cb0                USBD_LL_SetupStage
 .text.USBD_LL_DataOutStage
                0x08007d0c       0x7c ../libs/libdaisy/build\libdaisy.a(usbd_core.o)
                0x08007d0c                USBD_LL_DataOutStage
 .text.USBD_LL_DataInStage
                0x08007d88       0xb8 ../libs/libdaisy/build\libdaisy.a(usbd_core.o)
                0x08007d88                USBD_LL_DataInStage
 .text.USBD_LL_Reset
                0x08007e40       0x50 ../libs/libdaisy/build\libdaisy.a(usbd_core.o)
                0x08007e40                USBD_LL_Reset
 .text.USBD_LL_SetSpeed
                0x08007e90        0x8 ../libs/libdaisy/build\libdaisy.a(usbd_core.o)
                0x08007e90                USBD_LL_SetSpeed
 .text.USBD_LL_Suspend
                0x08007e98       0x14 ../libs/libdaisy/build\libdaisy.a(usbd_core.o)
                0x08007e98                USBD_LL_Suspend
 .text.USBD_LL_Resume
                0x08007eac       0x10 ../libs/libdaisy/build\libdaisy.a(usbd_core.o)
                0x08007eac                USBD_LL_Resume
 .text.USBD_LL_SOF
                0x08007ebc       0x1c ../libs/libdaisy/build\libdaisy.a(usbd_core.o)
                0x08007ebc                USBD_LL_SOF
 .text.USBD_LL_IsoINIncomplete
                0x08007ed8        0x4 ../libs/libdaisy/build\libdaisy.a(usbd_core.o)
                0x08007ed8                USBD_LL_IsoINIncomplete
 .text.USBD_LL_IsoOUTIncomplete
                0x08007edc        0x4 ../libs/libdaisy/build\libdaisy.a(usbd_core.o)
                0x08007edc                USBD_LL_IsoOUTIncomplete
 .text.USBD_LL_DevConnected
                0x08007ee0        0x4 ../libs/libdaisy/build\libdaisy.a(usbd_core.o)
                0x08007ee0                USBD_LL_DevConnected
 .text.USBD_LL_DevDisconnected
                0x08007ee4       0x18 ../libs/libdaisy/build\libdaisy.a(usbd_core.o)
                0x08007ee4                USBD_LL_DevDisconnected
 .text.USBD_StdDevReq
                0x08007efc      0x2fc ../libs/libdaisy/build\libdaisy.a(usbd_ctlreq.o)
                0x08007efc                USBD_StdDevReq
 .text.USBD_StdItfReq
                0x080081f8       0x68 ../libs/libdaisy/build\libdaisy.a(usbd_ctlreq.o)
                0x080081f8                USBD_StdItfReq
 .text.USBD_StdEPReq
                0x08008260      0x134 ../libs/libdaisy/build\libdaisy.a(usbd_ctlreq.o)
                0x08008260                USBD_StdEPReq
 .text.USBD_ParseSetupRequest
                0x08008394       0x28 ../libs/libdaisy/build\libdaisy.a(usbd_ctlreq.o)
                0x08008394                USBD_ParseSetupRequest
 .text.USBD_CtlError
                0x080083bc       0x18 ../libs/libdaisy/build\libdaisy.a(usbd_ctlreq.o)
                0x080083bc                USBD_CtlError
 .text.USBD_GetString
                0x080083d4       0x4c ../libs/libdaisy/build\libdaisy.a(usbd_ctlreq.o)
                0x080083d4                USBD_GetString
 .text.USBD_CtlSendData
                0x08008420       0x1c ../libs/libdaisy/build\libdaisy.a(usbd_ioreq.o)
                0x08008420                USBD_CtlSendData
 .text.USBD_CtlContinueSendData
                0x0800843c       0x14 ../libs/libdaisy/build\libdaisy.a(usbd_ioreq.o)
                0x0800843c                USBD_CtlContinueSendData
 .text.USBD_CtlPrepareRx
                0x08008450       0x1c ../libs/libdaisy/build\libdaisy.a(usbd_ioreq.o)
                0x08008450                USBD_CtlPrepareRx
 .text.USBD_CtlContinueRx
                0x0800846c       0x14 ../libs/libdaisy/build\libdaisy.a(usbd_ioreq.o)
                0x0800846c                USBD_CtlContinueRx
 .text.USBD_CtlSendStatus
                0x08008480       0x18 ../libs/libdaisy/build\libdaisy.a(usbd_ioreq.o)
                0x08008480                USBD_CtlSendStatus
 .text.USBD_CtlReceiveStatus
                0x08008498       0x18 ../libs/libdaisy/build\libdaisy.a(usbd_ioreq.o)
                0x08008498                USBD_CtlReceiveStatus
 .text.USBD_CDC_EP0_RxReady
                0x080084b0       0x2c ../libs/libdaisy/build\libdaisy.a(usbd_cdc.o)
 .text.USBD_CDC_GetFSCfgDesc
                0x080084dc       0x10 ../libs/libdaisy/build\libdaisy.a(usbd_cdc.o)
 .text.USBD_CDC_GetHSCfgDesc
                0x080084ec       0x10 ../libs/libdaisy/build\libdaisy.a(usbd_cdc.o)
 .text.USBD_CDC_GetOtherSpeedCfgDesc
                0x080084fc       0x10 ../libs/libdaisy/build\libdaisy.a(usbd_cdc.o)
 .text.USBD_CDC_GetDeviceQualifierDescriptor
                0x0800850c       0x10 ../libs/libdaisy/build\libdaisy.a(usbd_cdc.o)
                0x0800850c                USBD_CDC_GetDeviceQualifierDescriptor
 .text.USBD_CDC_DataOut
                0x0800851c       0x30 ../libs/libdaisy/build\libdaisy.a(usbd_cdc.o)
 .text.USBD_CDC_DataIn
                0x0800854c       0x48 ../libs/libdaisy/build\libdaisy.a(usbd_cdc.o)
 .text.USBD_CDC_Setup
                0x08008594       0xd0 ../libs/libdaisy/build\libdaisy.a(usbd_cdc.o)
 .text.USBD_CDC_DeInit
                0x08008664       0x44 ../libs/libdaisy/build\libdaisy.a(usbd_cdc.o)
 .text.USBD_CDC_Init
                0x080086a8       0xbc ../libs/libdaisy/build\libdaisy.a(usbd_cdc.o)
 .text.USBD_CDC_RegisterInterface
                0x08008764       0x10 ../libs/libdaisy/build\libdaisy.a(usbd_cdc.o)
                0x08008764                USBD_CDC_RegisterInterface
 .text.USBD_CDC_SetTxBuffer
                0x08008774       0x14 ../libs/libdaisy/build\libdaisy.a(usbd_cdc.o)
                0x08008774                USBD_CDC_SetTxBuffer
 .text.USBD_CDC_SetRxBuffer
                0x08008788       0x10 ../libs/libdaisy/build\libdaisy.a(usbd_cdc.o)
                0x08008788                USBD_CDC_SetRxBuffer
 .text.USBD_CDC_TransmitPacket
                0x08008798       0x34 ../libs/libdaisy/build\libdaisy.a(usbd_cdc.o)
                0x08008798                USBD_CDC_TransmitPacket
 .text.USBD_CDC_ReceivePacket
                0x080087cc       0x34 ../libs/libdaisy/build\libdaisy.a(usbd_cdc.o)
                0x080087cc                USBD_CDC_ReceivePacket
 .text.HAL_PCD_MspInit
                0x08008800      0x160 ../libs/libdaisy/build\libdaisy.a(usbd_conf.o)
                0x08008800                HAL_PCD_MspInit
 .text.HAL_PCD_SetupStageCallback
                0x08008960        0xc ../libs/libdaisy/build\libdaisy.a(usbd_conf.o)
                0x08008960                HAL_PCD_SetupStageCallback
 .text.HAL_PCD_DataOutStageCallback
                0x0800896c       0x14 ../libs/libdaisy/build\libdaisy.a(usbd_conf.o)
                0x0800896c                HAL_PCD_DataOutStageCallback
 .text.HAL_PCD_DataInStageCallback
                0x08008980       0x14 ../libs/libdaisy/build\libdaisy.a(usbd_conf.o)
                0x08008980                HAL_PCD_DataInStageCallback
 .text.HAL_PCD_SOFCallback
                0x08008994        0x8 ../libs/libdaisy/build\libdaisy.a(usbd_conf.o)
                0x08008994                HAL_PCD_SOFCallback
 .text.HAL_PCD_ResetCallback
                0x0800899c       0x24 ../libs/libdaisy/build\libdaisy.a(usbd_conf.o)
                0x0800899c                HAL_PCD_ResetCallback
 .text.HAL_PCD_SuspendCallback
                0x080089c0       0x30 ../libs/libdaisy/build\libdaisy.a(usbd_conf.o)
                0x080089c0                HAL_PCD_SuspendCallback
 .text.HAL_PCD_ResumeCallback
                0x080089f0        0x8 ../libs/libdaisy/build\libdaisy.a(usbd_conf.o)
                0x080089f0                HAL_PCD_ResumeCallback
 .text.HAL_PCD_ISOOUTIncompleteCallback
                0x080089f8        0x8 ../libs/libdaisy/build\libdaisy.a(usbd_conf.o)
                0x080089f8                HAL_PCD_ISOOUTIncompleteCallback
 .text.HAL_PCD_ISOINIncompleteCallback
                0x08008a00        0x8 ../libs/libdaisy/build\libdaisy.a(usbd_conf.o)
                0x08008a00                HAL_PCD_ISOINIncompleteCallback
 .text.HAL_PCD_ConnectCallback
                0x08008a08        0x8 ../libs/libdaisy/build\libdaisy.a(usbd_conf.o)
                0x08008a08                HAL_PCD_ConnectCallback
 .text.HAL_PCD_DisconnectCallback
                0x08008a10        0x8 ../libs/libdaisy/build\libdaisy.a(usbd_conf.o)
                0x08008a10                HAL_PCD_DisconnectCallback
 .text.USBD_LL_Init
                0x08008a18       0xcc ../libs/libdaisy/build\libdaisy.a(usbd_conf.o)
                0x08008a18                USBD_LL_Init
 .text.USBD_LL_Start
                0x08008ae4       0x1c ../libs/libdaisy/build\libdaisy.a(usbd_conf.o)
                0x08008ae4                USBD_LL_Start
 .text.USBD_LL_OpenEP
                0x08008b00       0x24 ../libs/libdaisy/build\libdaisy.a(usbd_conf.o)
                0x08008b00                USBD_LL_OpenEP
 .text.USBD_LL_CloseEP
                0x08008b24       0x1c ../libs/libdaisy/build\libdaisy.a(usbd_conf.o)
                0x08008b24                USBD_LL_CloseEP
 .text.USBD_LL_StallEP
                0x08008b40       0x1c ../libs/libdaisy/build\libdaisy.a(usbd_conf.o)
                0x08008b40                USBD_LL_StallEP
 .text.USBD_LL_ClearStallEP
                0x08008b5c       0x1c ../libs/libdaisy/build\libdaisy.a(usbd_conf.o)
                0x08008b5c                USBD_LL_ClearStallEP
 .text.USBD_LL_IsStallEP
                0x08008b78       0x28 ../libs/libdaisy/build\libdaisy.a(usbd_conf.o)
                0x08008b78                USBD_LL_IsStallEP
 .text.USBD_LL_SetUSBAddress
                0x08008ba0       0x1c ../libs/libdaisy/build\libdaisy.a(usbd_conf.o)
                0x08008ba0                USBD_LL_SetUSBAddress
 .text.USBD_LL_Transmit
                0x08008bbc       0x1c ../libs/libdaisy/build\libdaisy.a(usbd_conf.o)
                0x08008bbc                USBD_LL_Transmit
 .text.USBD_LL_PrepareReceive
                0x08008bd8       0x1c ../libs/libdaisy/build\libdaisy.a(usbd_conf.o)
                0x08008bd8                USBD_LL_PrepareReceive
 .text.USBD_LL_GetRxDataSize
                0x08008bf4        0x8 ../libs/libdaisy/build\libdaisy.a(usbd_conf.o)
                0x08008bf4                USBD_LL_GetRxDataSize
 .text.USBD_HS_DeviceDescriptor
                0x08008bfc        0xc ../libs/libdaisy/build\libdaisy.a(usbd_desc.o)
                0x08008bfc                USBD_HS_DeviceDescriptor
 .text.USBD_FS_DeviceDescriptor
                0x08008c08        0xc ../libs/libdaisy/build\libdaisy.a(usbd_desc.o)
                0x08008c08                USBD_FS_DeviceDescriptor
 .text.USBD_FS_LangIDStrDescriptor
                0x08008c14        0xc ../libs/libdaisy/build\libdaisy.a(usbd_desc.o)
                0x08008c14                USBD_FS_LangIDStrDescriptor
 .text.USBD_FS_ManufacturerStrDescriptor
                0x08008c20       0x1c ../libs/libdaisy/build\libdaisy.a(usbd_desc.o)
                0x08008c20                USBD_FS_ManufacturerStrDescriptor
 .text.USBD_HS_ProductStrDescriptor
                0x08008c3c       0x1c ../libs/libdaisy/build\libdaisy.a(usbd_desc.o)
                0x08008c3c                USBD_HS_ProductStrDescriptor
 .text.USBD_FS_ConfigStrDescriptor
                0x08008c58       0x1c ../libs/libdaisy/build\libdaisy.a(usbd_desc.o)
                0x08008c58                USBD_FS_ConfigStrDescriptor
 .text.USBD_FS_InterfaceStrDescriptor
                0x08008c74       0x1c ../libs/libdaisy/build\libdaisy.a(usbd_desc.o)
                0x08008c74                USBD_FS_InterfaceStrDescriptor
 .text.USBD_FS_ProductStrDescriptor
                0x08008c90       0x1c ../libs/libdaisy/build\libdaisy.a(usbd_desc.o)
                0x08008c90                USBD_FS_ProductStrDescriptor
 .text.USBD_HS_LangIDStrDescriptor
                0x08008cac        0xc ../libs/libdaisy/build\libdaisy.a(usbd_desc.o)
                0x08008cac                USBD_HS_LangIDStrDescriptor
 .text.USBD_HS_SerialStrDescriptor
                0x08008cb8      0x11c ../libs/libdaisy/build\libdaisy.a(usbd_desc.o)
                0x08008cb8                USBD_HS_SerialStrDescriptor
 .text.USBD_HS_ManufacturerStrDescriptor
                0x08008dd4       0x1c ../libs/libdaisy/build\libdaisy.a(usbd_desc.o)
                0x08008dd4                USBD_HS_ManufacturerStrDescriptor
 .text.USBD_HS_ConfigStrDescriptor
                0x08008df0       0x1c ../libs/libdaisy/build\libdaisy.a(usbd_desc.o)
                0x08008df0                USBD_HS_ConfigStrDescriptor
 .text.USBD_HS_InterfaceStrDescriptor
                0x08008e0c       0x1c ../libs/libdaisy/build\libdaisy.a(usbd_desc.o)
                0x08008e0c                USBD_HS_InterfaceStrDescriptor
 .text.USBD_FS_SerialStrDescriptor
                0x08008e28      0x11c ../libs/libdaisy/build\libdaisy.a(usbd_desc.o)
                0x08008e28                USBD_FS_SerialStrDescriptor
 .text.dummy_rx_callback
                0x08008f44        0x4 ../libs/libdaisy/build\libdaisy.a(usbd_cdc_if.o)
                0x08008f44                dummy_rx_callback
 .text.CDC_DeInit_FS
                0x08008f48        0x4 ../libs/libdaisy/build\libdaisy.a(usbd_cdc_if.o)
 .text.CDC_Control_HS
                0x08008f4c        0x4 ../libs/libdaisy/build\libdaisy.a(usbd_cdc_if.o)
 .text.CDC_Receive_FS
                0x08008f50       0x2c ../libs/libdaisy/build\libdaisy.a(usbd_cdc_if.o)
 .text.CDC_Receive_HS
                0x08008f7c       0x1c ../libs/libdaisy/build\libdaisy.a(usbd_cdc_if.o)
 .text.CDC_Init_FS
                0x08008f98       0x34 ../libs/libdaisy/build\libdaisy.a(usbd_cdc_if.o)
 .text.CDC_Init_HS
                0x08008fcc       0x28 ../libs/libdaisy/build\libdaisy.a(usbd_cdc_if.o)
 .text.CDC_Control_FS
                0x08008ff4       0x38 ../libs/libdaisy/build\libdaisy.a(usbd_cdc_if.o)
 .text.CDC_DeInit_HS
                0x0800902c        0x4 ../libs/libdaisy/build\libdaisy.a(usbd_cdc_if.o)
 .text.CDC_Transmit_FS
                0x08009030       0x2c ../libs/libdaisy/build\libdaisy.a(usbd_cdc_if.o)
                0x08009030                CDC_Transmit_FS
 .text.CDC_Set_Rx_Callback_FS
                0x0800905c        0xc ../libs/libdaisy/build\libdaisy.a(usbd_cdc_if.o)
                0x0800905c                CDC_Set_Rx_Callback_FS
 .text.codec_pcm3060_init
                0x08009068       0x80 ../libs/libdaisy/build\libdaisy.a(dev_codec_pcm3060.o)
                0x08009068                codec_pcm3060_init
 .text.codec_wm8731_init
                0x080090e8      0x20c ../libs/libdaisy/build\libdaisy.a(dev_codec_wm8731.o)
                0x080090e8                codec_wm8731_init
 .text.codec_ak4556_init
                0x080092f4       0x34 ../libs/libdaisy/build\libdaisy.a(dev_codec_ak4556.o)
                0x080092f4                codec_ak4556_init
 .text.dsy_dma_init
                0x08009328       0x88 ../libs/libdaisy/build\libdaisy.a(sys_dma.o)
                0x08009328                dsy_dma_init
 .text.FMC_SDRAM_Init
                0x080093b0       0x78 ../libs/libdaisy/build\libdaisy.a(stm32h7xx_ll_fmc.o)
                0x080093b0                FMC_SDRAM_Init
 .text.FMC_SDRAM_Timing_Init
                0x08009428       0x98 ../libs/libdaisy/build\libdaisy.a(stm32h7xx_ll_fmc.o)
                0x08009428                FMC_SDRAM_Timing_Init
 .text.FMC_SDRAM_SendCommand
                0x080094c0       0x24 ../libs/libdaisy/build\libdaisy.a(stm32h7xx_ll_fmc.o)
                0x080094c0                FMC_SDRAM_SendCommand
 .text.FMC_SDRAM_ProgramRefreshRate
                0x080094e4       0x1c ../libs/libdaisy/build\libdaisy.a(stm32h7xx_ll_fmc.o)
                0x080094e4                FMC_SDRAM_ProgramRefreshRate
 .text.__aeabi_atexit
                0x08009500        0xa c:/program files (x86)/gnu arm embedded toolchain/9 2020-q2-update/bin/../lib/gcc/arm-none-eabi/9.3.1/../../../../arm-none-eabi/lib/thumb/v7e-m+dp/hard\libstdc++_nano.a(atexit_arm.o)
                0x08009500                __aeabi_atexit
 *fill*         0x0800950a        0x2 
 .text.__cxa_atexit
                0x0800950c       0x1c c:/program files (x86)/gnu arm embedded toolchain/9 2020-q2-update/bin/../lib/gcc/arm-none-eabi/9.3.1/../../../../arm-none-eabi/lib/thumb/v7e-m+dp/hard\libc_nano.a(lib_a-cxa_atexit.o)
                0x0800950c                __cxa_atexit
 .text.__libc_init_array
                0x08009528       0x48 c:/program files (x86)/gnu arm embedded toolchain/9 2020-q2-update/bin/../lib/gcc/arm-none-eabi/9.3.1/../../../../arm-none-eabi/lib/thumb/v7e-m+dp/hard\libc_nano.a(lib_a-init.o)
                0x08009528                __libc_init_array
 .text.free     0x08009570       0x10 c:/program files (x86)/gnu arm embedded toolchain/9 2020-q2-update/bin/../lib/gcc/arm-none-eabi/9.3.1/../../../../arm-none-eabi/lib/thumb/v7e-m+dp/hard\libc_nano.a(lib_a-malloc.o)
                0x08009570                free
 .text.memcpy   0x08009580       0x1c c:/program files (x86)/gnu arm embedded toolchain/9 2020-q2-update/bin/../lib/gcc/arm-none-eabi/9.3.1/../../../../arm-none-eabi/lib/thumb/v7e-m+dp/hard\libc_nano.a(lib_a-memcpy-stub.o)
                0x08009580                memcpy
 .text.memset   0x0800959c       0x10 c:/program files (x86)/gnu arm embedded toolchain/9 2020-q2-update/bin/../lib/gcc/arm-none-eabi/9.3.1/../../../../arm-none-eabi/lib/thumb/v7e-m+dp/hard\libc_nano.a(lib_a-memset.o)
                0x0800959c                memset
 .text._free_r  0x080095ac       0xa0 c:/program files (x86)/gnu arm embedded toolchain/9 2020-q2-update/bin/../lib/gcc/arm-none-eabi/9.3.1/../../../../arm-none-eabi/lib/thumb/v7e-m+dp/hard\libc_nano.a(lib_a-nano-freer.o)
                0x080095ac                _free_r
 .text._malloc_r
                0x0800964c       0xb4 c:/program files (x86)/gnu arm embedded toolchain/9 2020-q2-update/bin/../lib/gcc/arm-none-eabi/9.3.1/../../../../arm-none-eabi/lib/thumb/v7e-m+dp/hard\libc_nano.a(lib_a-nano-mallocr.o)
                0x0800964c                _malloc_r
 .text.printf   0x08009700       0x30 c:/program files (x86)/gnu arm embedded toolchain/9 2020-q2-update/bin/../lib/gcc/arm-none-eabi/9.3.1/../../../../arm-none-eabi/lib/thumb/v7e-m+dp/hard\libc_nano.a(lib_a-printf.o)
                0x08009700                iprintf
                0x08009700                printf
 .text.putchar  0x08009730       0x2c c:/program files (x86)/gnu arm embedded toolchain/9 2020-q2-update/bin/../lib/gcc/arm-none-eabi/9.3.1/../../../../arm-none-eabi/lib/thumb/v7e-m+dp/hard\libc_nano.a(lib_a-putchar.o)
                0x08009730                putchar
 .text._sbrk_r  0x0800975c       0x20 c:/program files (x86)/gnu arm embedded toolchain/9 2020-q2-update/bin/../lib/gcc/arm-none-eabi/9.3.1/../../../../arm-none-eabi/lib/thumb/v7e-m+dp/hard\libc_nano.a(lib_a-sbrkr.o)
                0x0800975c                _sbrk_r
 .text._vsprintf_r
                0x0800977c       0x2c c:/program files (x86)/gnu arm embedded toolchain/9 2020-q2-update/bin/../lib/gcc/arm-none-eabi/9.3.1/../../../../arm-none-eabi/lib/thumb/v7e-m+dp/hard\libc_nano.a(lib_a-vsprintf.o)
                0x0800977c                _vsprintf_r
                0x0800977c                _vsiprintf_r
 .text.vsprintf
                0x080097a8       0x14 c:/program files (x86)/gnu arm embedded toolchain/9 2020-q2-update/bin/../lib/gcc/arm-none-eabi/9.3.1/../../../../arm-none-eabi/lib/thumb/v7e-m+dp/hard\libc_nano.a(lib_a-vsprintf.o)
                0x080097a8                vsiprintf
                0x080097a8                vsprintf
 .text.std      0x080097bc       0x48 c:/program files (x86)/gnu arm embedded toolchain/9 2020-q2-update/bin/../lib/gcc/arm-none-eabi/9.3.1/../../../../arm-none-eabi/lib/thumb/v7e-m+dp/hard\libc_nano.a(lib_a-findfp.o)
 .text._cleanup_r
                0x08009804        0xc c:/program files (x86)/gnu arm embedded toolchain/9 2020-q2-update/bin/../lib/gcc/arm-none-eabi/9.3.1/../../../../arm-none-eabi/lib/thumb/v7e-m+dp/hard\libc_nano.a(lib_a-findfp.o)
                0x08009804                _cleanup_r
 .text.__sfmoreglue
                0x08009810       0x2c c:/program files (x86)/gnu arm embedded toolchain/9 2020-q2-update/bin/../lib/gcc/arm-none-eabi/9.3.1/../../../../arm-none-eabi/lib/thumb/v7e-m+dp/hard\libc_nano.a(lib_a-findfp.o)
                0x08009810                __sfmoreglue
 .text.__sfp_lock_acquire
                0x0800983c        0xc c:/program files (x86)/gnu arm embedded toolchain/9 2020-q2-update/bin/../lib/gcc/arm-none-eabi/9.3.1/../../../../arm-none-eabi/lib/thumb/v7e-m+dp/hard\libc_nano.a(lib_a-findfp.o)
                0x0800983c                __sfp_lock_acquire
 .text.__sfp_lock_release
                0x08009848        0xc c:/program files (x86)/gnu arm embedded toolchain/9 2020-q2-update/bin/../lib/gcc/arm-none-eabi/9.3.1/../../../../arm-none-eabi/lib/thumb/v7e-m+dp/hard\libc_nano.a(lib_a-findfp.o)
                0x08009848                __sfp_lock_release
 .text.__sinit_lock_acquire
                0x08009854        0xc c:/program files (x86)/gnu arm embedded toolchain/9 2020-q2-update/bin/../lib/gcc/arm-none-eabi/9.3.1/../../../../arm-none-eabi/lib/thumb/v7e-m+dp/hard\libc_nano.a(lib_a-findfp.o)
                0x08009854                __sinit_lock_acquire
 .text.__sinit_lock_release
                0x08009860        0xc c:/program files (x86)/gnu arm embedded toolchain/9 2020-q2-update/bin/../lib/gcc/arm-none-eabi/9.3.1/../../../../arm-none-eabi/lib/thumb/v7e-m+dp/hard\libc_nano.a(lib_a-findfp.o)
                0x08009860                __sinit_lock_release
 .text.__sinit  0x0800986c       0x70 c:/program files (x86)/gnu arm embedded toolchain/9 2020-q2-update/bin/../lib/gcc/arm-none-eabi/9.3.1/../../../../arm-none-eabi/lib/thumb/v7e-m+dp/hard\libc_nano.a(lib_a-findfp.o)
                0x0800986c                __sinit
 .text.__sfp    0x080098dc       0x8c c:/program files (x86)/gnu arm embedded toolchain/9 2020-q2-update/bin/../lib/gcc/arm-none-eabi/9.3.1/../../../../arm-none-eabi/lib/thumb/v7e-m+dp/hard\libc_nano.a(lib_a-findfp.o)
                0x080098dc                __sfp
 .text._fwalk_reent
                0x08009968       0x3e c:/program files (x86)/gnu arm embedded toolchain/9 2020-q2-update/bin/../lib/gcc/arm-none-eabi/9.3.1/../../../../arm-none-eabi/lib/thumb/v7e-m+dp/hard\libc_nano.a(lib_a-fwalk.o)
                0x08009968                _fwalk_reent
 .text.__retarget_lock_init_recursive
                0x080099a6        0x2 c:/program files (x86)/gnu arm embedded toolchain/9 2020-q2-update/bin/../lib/gcc/arm-none-eabi/9.3.1/../../../../arm-none-eabi/lib/thumb/v7e-m+dp/hard\libc_nano.a(lib_a-lock.o)
                0x080099a6                __retarget_lock_init_recursive
 .text.__retarget_lock_acquire_recursive
                0x080099a8        0x2 c:/program files (x86)/gnu arm embedded toolchain/9 2020-q2-update/bin/../lib/gcc/arm-none-eabi/9.3.1/../../../../arm-none-eabi/lib/thumb/v7e-m+dp/hard\libc_nano.a(lib_a-lock.o)
                0x080099a8                __retarget_lock_acquire_recursive
 .text.__retarget_lock_release_recursive
                0x080099aa        0x2 c:/program files (x86)/gnu arm embedded toolchain/9 2020-q2-update/bin/../lib/gcc/arm-none-eabi/9.3.1/../../../../arm-none-eabi/lib/thumb/v7e-m+dp/hard\libc_nano.a(lib_a-lock.o)
                0x080099aa                __retarget_lock_release_recursive
 .text.__malloc_lock
                0x080099ac        0xc c:/program files (x86)/gnu arm embedded toolchain/9 2020-q2-update/bin/../lib/gcc/arm-none-eabi/9.3.1/../../../../arm-none-eabi/lib/thumb/v7e-m+dp/hard\libc_nano.a(lib_a-mlock.o)
                0x080099ac                __malloc_lock
 .text.__malloc_unlock
                0x080099b8        0xc c:/program files (x86)/gnu arm embedded toolchain/9 2020-q2-update/bin/../lib/gcc/arm-none-eabi/9.3.1/../../../../arm-none-eabi/lib/thumb/v7e-m+dp/hard\libc_nano.a(lib_a-mlock.o)
                0x080099b8                __malloc_unlock
 .text.__ssputs_r
                0x080099c4       0xb6 c:/program files (x86)/gnu arm embedded toolchain/9 2020-q2-update/bin/../lib/gcc/arm-none-eabi/9.3.1/../../../../arm-none-eabi/lib/thumb/v7e-m+dp/hard\libc_nano.a(lib_a-nano-svfprintf.o)
                0x080099c4                __ssputs_r
 *fill*         0x08009a7a        0x2 
 .text._svfprintf_r
                0x08009a7c      0x200 c:/program files (x86)/gnu arm embedded toolchain/9 2020-q2-update/bin/../lib/gcc/arm-none-eabi/9.3.1/../../../../arm-none-eabi/lib/thumb/v7e-m+dp/hard\libc_nano.a(lib_a-nano-svfprintf.o)
                0x08009a7c                _svfiprintf_r
                0x08009a7c                _svfprintf_r
 .text.__sfputc_r
                0x08009c7c       0x2e c:/program files (x86)/gnu arm embedded toolchain/9 2020-q2-update/bin/../lib/gcc/arm-none-eabi/9.3.1/../../../../arm-none-eabi/lib/thumb/v7e-m+dp/hard\libc_nano.a(lib_a-nano-vfprintf.o)
 .text.__sfputs_r
                0x08009caa       0x24 c:/program files (x86)/gnu arm embedded toolchain/9 2020-q2-update/bin/../lib/gcc/arm-none-eabi/9.3.1/../../../../arm-none-eabi/lib/thumb/v7e-m+dp/hard\libc_nano.a(lib_a-nano-vfprintf.o)
                0x08009caa                __sfputs_r
 *fill*         0x08009cce        0x2 
 .text._vfprintf_r
                0x08009cd0      0x260 c:/program files (x86)/gnu arm embedded toolchain/9 2020-q2-update/bin/../lib/gcc/arm-none-eabi/9.3.1/../../../../arm-none-eabi/lib/thumb/v7e-m+dp/hard\libc_nano.a(lib_a-nano-vfprintf.o)
                0x08009cd0                _vfprintf_r
                0x08009cd0                _vfiprintf_r
 .text._printf_common
                0x08009f30       0xda c:/program files (x86)/gnu arm embedded toolchain/9 2020-q2-update/bin/../lib/gcc/arm-none-eabi/9.3.1/../../../../arm-none-eabi/lib/thumb/v7e-m+dp/hard\libc_nano.a(lib_a-nano-vfprintf_i.o)
                0x08009f30                _printf_common
 *fill*         0x0800a00a        0x2 
 .text._printf_i
                0x0800a00c      0x24c c:/program files (x86)/gnu arm embedded toolchain/9 2020-q2-update/bin/../lib/gcc/arm-none-eabi/9.3.1/../../../../arm-none-eabi/lib/thumb/v7e-m+dp/hard\libc_nano.a(lib_a-nano-vfprintf_i.o)
                0x0800a00c                _printf_i
 .text._putc_r  0x0800a258       0x90 c:/program files (x86)/gnu arm embedded toolchain/9 2020-q2-update/bin/../lib/gcc/arm-none-eabi/9.3.1/../../../../arm-none-eabi/lib/thumb/v7e-m+dp/hard\libc_nano.a(lib_a-putc.o)
                0x0800a258                _putc_r
 .text.__sread  0x0800a2e8       0x22 c:/program files (x86)/gnu arm embedded toolchain/9 2020-q2-update/bin/../lib/gcc/arm-none-eabi/9.3.1/../../../../arm-none-eabi/lib/thumb/v7e-m+dp/hard\libc_nano.a(lib_a-stdio.o)
                0x0800a2e8                __sread
 .text.__swrite
                0x0800a30a       0x38 c:/program files (x86)/gnu arm embedded toolchain/9 2020-q2-update/bin/../lib/gcc/arm-none-eabi/9.3.1/../../../../arm-none-eabi/lib/thumb/v7e-m+dp/hard\libc_nano.a(lib_a-stdio.o)
                0x0800a30a                __swrite
 .text.__sseek  0x0800a342       0x24 c:/program files (x86)/gnu arm embedded toolchain/9 2020-q2-update/bin/../lib/gcc/arm-none-eabi/9.3.1/../../../../arm-none-eabi/lib/thumb/v7e-m+dp/hard\libc_nano.a(lib_a-stdio.o)
                0x0800a342                __sseek
 .text.__sclose
                0x0800a366        0x8 c:/program files (x86)/gnu arm embedded toolchain/9 2020-q2-update/bin/../lib/gcc/arm-none-eabi/9.3.1/../../../../arm-none-eabi/lib/thumb/v7e-m+dp/hard\libc_nano.a(lib_a-stdio.o)
                0x0800a366                __sclose
 *fill*         0x0800a36e        0x2 
 .text.__swbuf_r
                0x0800a370       0xa4 c:/program files (x86)/gnu arm embedded toolchain/9 2020-q2-update/bin/../lib/gcc/arm-none-eabi/9.3.1/../../../../arm-none-eabi/lib/thumb/v7e-m+dp/hard\libc_nano.a(lib_a-wbuf.o)
                0x0800a370                __swbuf_r
 .text._write_r
                0x0800a414       0x24 c:/program files (x86)/gnu arm embedded toolchain/9 2020-q2-update/bin/../lib/gcc/arm-none-eabi/9.3.1/../../../../arm-none-eabi/lib/thumb/v7e-m+dp/hard\libc_nano.a(lib_a-writer.o)
                0x0800a414                _write_r
 .text.__swsetup_r
                0x0800a438       0xdc c:/program files (x86)/gnu arm embedded toolchain/9 2020-q2-update/bin/../lib/gcc/arm-none-eabi/9.3.1/../../../../arm-none-eabi/lib/thumb/v7e-m+dp/hard\libc_nano.a(lib_a-wsetup.o)
                0x0800a438                __swsetup_r
 .text._close_r
                0x0800a514       0x20 c:/program files (x86)/gnu arm embedded toolchain/9 2020-q2-update/bin/../lib/gcc/arm-none-eabi/9.3.1/../../../../arm-none-eabi/lib/thumb/v7e-m+dp/hard\libc_nano.a(lib_a-closer.o)
                0x0800a514                _close_r
 .text.__sflush_r
                0x0800a534      0x10c c:/program files (x86)/gnu arm embedded toolchain/9 2020-q2-update/bin/../lib/gcc/arm-none-eabi/9.3.1/../../../../arm-none-eabi/lib/thumb/v7e-m+dp/hard\libc_nano.a(lib_a-fflush.o)
                0x0800a534                __sflush_r
 .text._fflush_r
                0x0800a640       0x78 c:/program files (x86)/gnu arm embedded toolchain/9 2020-q2-update/bin/../lib/gcc/arm-none-eabi/9.3.1/../../../../arm-none-eabi/lib/thumb/v7e-m+dp/hard\libc_nano.a(lib_a-fflush.o)
                0x0800a640                _fflush_r
 .text._lseek_r
                0x0800a6b8       0x24 c:/program files (x86)/gnu arm embedded toolchain/9 2020-q2-update/bin/../lib/gcc/arm-none-eabi/9.3.1/../../../../arm-none-eabi/lib/thumb/v7e-m+dp/hard\libc_nano.a(lib_a-lseekr.o)
                0x0800a6b8                _lseek_r
 .text.__swhatbuf_r
                0x0800a6dc       0x48 c:/program files (x86)/gnu arm embedded toolchain/9 2020-q2-update/bin/../lib/gcc/arm-none-eabi/9.3.1/../../../../arm-none-eabi/lib/thumb/v7e-m+dp/hard\libc_nano.a(lib_a-makebuf.o)
                0x0800a6dc                __swhatbuf_r
 .text.__smakebuf_r
                0x0800a724       0x80 c:/program files (x86)/gnu arm embedded toolchain/9 2020-q2-update/bin/../lib/gcc/arm-none-eabi/9.3.1/../../../../arm-none-eabi/lib/thumb/v7e-m+dp/hard\libc_nano.a(lib_a-makebuf.o)
                0x0800a724                __smakebuf_r
 .text.memmove  0x0800a7a4       0x34 c:/program files (x86)/gnu arm embedded toolchain/9 2020-q2-update/bin/../lib/gcc/arm-none-eabi/9.3.1/../../../../arm-none-eabi/lib/thumb/v7e-m+dp/hard\libc_nano.a(lib_a-memmove.o)
                0x0800a7a4                memmove
 .text._realloc_r
                0x0800a7d8       0x4c c:/program files (x86)/gnu arm embedded toolchain/9 2020-q2-update/bin/../lib/gcc/arm-none-eabi/9.3.1/../../../../arm-none-eabi/lib/thumb/v7e-m+dp/hard\libc_nano.a(lib_a-nano-reallocr.o)
                0x0800a7d8                _realloc_r
 .text._read_r  0x0800a824       0x24 c:/program files (x86)/gnu arm embedded toolchain/9 2020-q2-update/bin/../lib/gcc/arm-none-eabi/9.3.1/../../../../arm-none-eabi/lib/thumb/v7e-m+dp/hard\libc_nano.a(lib_a-readr.o)
                0x0800a824                _read_r
 .text._fstat_r
                0x0800a848       0x24 c:/program files (x86)/gnu arm embedded toolchain/9 2020-q2-update/bin/../lib/gcc/arm-none-eabi/9.3.1/../../../../arm-none-eabi/lib/thumb/v7e-m+dp/hard\libc_nano.a(lib_a-fstatr.o)
                0x0800a848                _fstat_r
 .text._isatty_r
                0x0800a86c       0x20 c:/program files (x86)/gnu arm embedded toolchain/9 2020-q2-update/bin/../lib/gcc/arm-none-eabi/9.3.1/../../../../arm-none-eabi/lib/thumb/v7e-m+dp/hard\libc_nano.a(lib_a-isattyr.o)
                0x0800a86c                _isatty_r
 .text._malloc_usable_size_r
                0x0800a88c       0x10 c:/program files (x86)/gnu arm embedded toolchain/9 2020-q2-update/bin/../lib/gcc/arm-none-eabi/9.3.1/../../../../arm-none-eabi/lib/thumb/v7e-m+dp/hard\libc_nano.a(lib_a-nano-msizer.o)
                0x0800a88c                _malloc_usable_size_r
 .text._close   0x0800a89c       0x10 c:/program files (x86)/gnu arm embedded toolchain/9 2020-q2-update/bin/../lib/gcc/arm-none-eabi/9.3.1/../../../../arm-none-eabi/lib/thumb/v7e-m+dp/hard\libnosys.a(close.o)
                0x0800a89c                _close
 .text._fstat   0x0800a8ac       0x10 c:/program files (x86)/gnu arm embedded toolchain/9 2020-q2-update/bin/../lib/gcc/arm-none-eabi/9.3.1/../../../../arm-none-eabi/lib/thumb/v7e-m+dp/hard\libnosys.a(fstat.o)
                0x0800a8ac                _fstat
 .text._isatty  0x0800a8bc       0x10 c:/program files (x86)/gnu arm embedded toolchain/9 2020-q2-update/bin/../lib/gcc/arm-none-eabi/9.3.1/../../../../arm-none-eabi/lib/thumb/v7e-m+dp/hard\libnosys.a(isatty.o)
                0x0800a8bc                _isatty
 .text._lseek   0x0800a8cc       0x10 c:/program files (x86)/gnu arm embedded toolchain/9 2020-q2-update/bin/../lib/gcc/arm-none-eabi/9.3.1/../../../../arm-none-eabi/lib/thumb/v7e-m+dp/hard\libnosys.a(lseek.o)
                0x0800a8cc                _lseek
 .text._read    0x0800a8dc       0x10 c:/program files (x86)/gnu arm embedded toolchain/9 2020-q2-update/bin/../lib/gcc/arm-none-eabi/9.3.1/../../../../arm-none-eabi/lib/thumb/v7e-m+dp/hard\libnosys.a(read.o)
                0x0800a8dc                _read
 .text._sbrk    0x0800a8ec       0x1c c:/program files (x86)/gnu arm embedded toolchain/9 2020-q2-update/bin/../lib/gcc/arm-none-eabi/9.3.1/../../../../arm-none-eabi/lib/thumb/v7e-m+dp/hard\libnosys.a(sbrk.o)
                0x0800a8ec                _sbrk
 .text._write   0x0800a908       0x10 c:/program files (x86)/gnu arm embedded toolchain/9 2020-q2-update/bin/../lib/gcc/arm-none-eabi/9.3.1/../../../../arm-none-eabi/lib/thumb/v7e-m+dp/hard\libnosys.a(write.o)
                0x0800a908                _write
 *(.rodata)
 .rodata        0x0800a918       0x10 ../libs/libdaisy/build\libdaisy.a(util_hal_map.o)
 *(.rodata*)
 .rodata.D1CorePrescTable
                0x0800a928       0x10 build/system_stm32h7xx.o
                0x0800a928                D1CorePrescTable
 .rodata.main.str1.4
                0x0800a938       0x58 build/musicSynth.o
 .rodata.HAL_QSPI_MspInit.str1.4
                0x0800a990        0x7 ../libs/libdaisy/build\libdaisy.a(per_qspi.o)
 *fill*         0x0800a997        0x1 
 .rodata.gpio_hal_pin_map
                0x0800a998       0x20 ../libs/libdaisy/build\libdaisy.a(util_hal_map.o)
 .rodata.gpio_hal_port_map
                0x0800a9b8       0x30 ../libs/libdaisy/build\libdaisy.a(util_hal_map.o)
 .rodata.flagBitshiftOffset.17839
                0x0800a9e8        0x8 ../libs/libdaisy/build\libdaisy.a(stm32h7xx_hal_dma.o)
 .rodata.USBD_Init.str1.4
                0x0800a9f0       0x1e ../libs/libdaisy/build\libdaisy.a(usbd_core.o)
 *fill*         0x0800aa0e        0x2 
 .rodata.USBD_RegisterClass.str1.4
                0x0800aa10       0x15 ../libs/libdaisy/build\libdaisy.a(usbd_core.o)
 *fill*         0x0800aa25        0x3 
 .rodata.CSWTCH.24
                0x0800aa28        0x4 ../libs/libdaisy/build\libdaisy.a(usbd_conf.o)
 .rodata.USBD_FS_ManufacturerStrDescriptor.str1.4
                0x0800aa2c        0xd ../libs/libdaisy/build\libdaisy.a(usbd_desc.o)
 *fill*         0x0800aa39        0x3 
 .rodata.USBD_HS_ProductStrDescriptor.str1.4
                0x0800aa3c       0x14 ../libs/libdaisy/build\libdaisy.a(usbd_desc.o)
 .rodata.USBD_FS_ConfigStrDescriptor.str1.4
                0x0800aa50        0xb ../libs/libdaisy/build\libdaisy.a(usbd_desc.o)
 *fill*         0x0800aa5b        0x1 
 .rodata.USBD_FS_InterfaceStrDescriptor.str1.4
                0x0800aa5c        0xe ../libs/libdaisy/build\libdaisy.a(usbd_desc.o)
 *fill*         0x0800aa6a        0x2 
 .rodata.USBD_FS_ProductStrDescriptor.str1.4
                0x0800aa6c       0x14 ../libs/libdaisy/build\libdaisy.a(usbd_desc.o)
 .rodata._global_impure_ptr
                0x0800aa80        0x4 c:/program files (x86)/gnu arm embedded toolchain/9 2020-q2-update/bin/../lib/gcc/arm-none-eabi/9.3.1/../../../../arm-none-eabi/lib/thumb/v7e-m+dp/hard\libc_nano.a(lib_a-impure.o)
                0x0800aa80                _global_impure_ptr
 .rodata.__sf_fake_stderr
                0x0800aa84       0x20 c:/program files (x86)/gnu arm embedded toolchain/9 2020-q2-update/bin/../lib/gcc/arm-none-eabi/9.3.1/../../../../arm-none-eabi/lib/thumb/v7e-m+dp/hard\libc_nano.a(lib_a-findfp.o)
                0x0800aa84                __sf_fake_stderr
 .rodata.__sf_fake_stdin
                0x0800aaa4       0x20 c:/program files (x86)/gnu arm embedded toolchain/9 2020-q2-update/bin/../lib/gcc/arm-none-eabi/9.3.1/../../../../arm-none-eabi/lib/thumb/v7e-m+dp/hard\libc_nano.a(lib_a-findfp.o)
                0x0800aaa4                __sf_fake_stdin
 .rodata.__sf_fake_stdout
                0x0800aac4       0x20 c:/program files (x86)/gnu arm embedded toolchain/9 2020-q2-update/bin/../lib/gcc/arm-none-eabi/9.3.1/../../../../arm-none-eabi/lib/thumb/v7e-m+dp/hard\libc_nano.a(lib_a-findfp.o)
                0x0800aac4                __sf_fake_stdout
 .rodata._svfprintf_r.str1.1
                0x0800aae4       0x11 c:/program files (x86)/gnu arm embedded toolchain/9 2020-q2-update/bin/../lib/gcc/arm-none-eabi/9.3.1/../../../../arm-none-eabi/lib/thumb/v7e-m+dp/hard\libc_nano.a(lib_a-nano-svfprintf.o)
 .rodata._vfprintf_r.str1.1
                0x0800aaf5       0x11 c:/program files (x86)/gnu arm embedded toolchain/9 2020-q2-update/bin/../lib/gcc/arm-none-eabi/9.3.1/../../../../arm-none-eabi/lib/thumb/v7e-m+dp/hard\libc_nano.a(lib_a-nano-vfprintf.o)
 .rodata._printf_i.str1.1
                0x0800aaf5       0x22 c:/program files (x86)/gnu arm embedded toolchain/9 2020-q2-update/bin/../lib/gcc/arm-none-eabi/9.3.1/../../../../arm-none-eabi/lib/thumb/v7e-m+dp/hard\libc_nano.a(lib_a-nano-vfprintf_i.o)
 *(.glue_7)
 .glue_7        0x0800ab17        0x0 linker stubs
 *(.glue_7t)
 .glue_7t       0x0800ab17        0x0 linker stubs
 *(.init)
 *fill*         0x0800ab17        0x1 
 .init          0x0800ab18        0x4 c:/program files (x86)/gnu arm embedded toolchain/9 2020-q2-update/bin/../lib/gcc/arm-none-eabi/9.3.1/thumb/v7e-m+dp/hard/crti.o
                0x0800ab18                _init
 .init          0x0800ab1c        0x8 c:/program files (x86)/gnu arm embedded toolchain/9 2020-q2-update/bin/../lib/gcc/arm-none-eabi/9.3.1/thumb/v7e-m+dp/hard/crtn.o
 *(.fini)
 .fini          0x0800ab24        0x4 c:/program files (x86)/gnu arm embedded toolchain/9 2020-q2-update/bin/../lib/gcc/arm-none-eabi/9.3.1/thumb/v7e-m+dp/hard/crti.o
                0x0800ab24                _fini
 .fini          0x0800ab28        0x8 c:/program files (x86)/gnu arm embedded toolchain/9 2020-q2-update/bin/../lib/gcc/arm-none-eabi/9.3.1/thumb/v7e-m+dp/hard/crtn.o
                0x0800ab30                . = ALIGN (0x4)
                0x0800ab30                _etext = .

.vfp11_veneer   0x0800ab30        0x0
 .vfp11_veneer  0x0800ab30        0x0 linker stubs

.v4_bx          0x0800ab30        0x0
 .v4_bx         0x0800ab30        0x0 linker stubs

.iplt           0x0800ab30        0x0
 .iplt          0x0800ab30        0x0 c:/program files (x86)/gnu arm embedded toolchain/9 2020-q2-update/bin/../lib/gcc/arm-none-eabi/9.3.1/thumb/v7e-m+dp/hard/crtbegin.o

.rel.dyn        0x0800ab30        0x0
 .rel.iplt      0x0800ab30        0x0 c:/program files (x86)/gnu arm embedded toolchain/9 2020-q2-update/bin/../lib/gcc/arm-none-eabi/9.3.1/thumb/v7e-m+dp/hard/crtbegin.o

.ARM.extab      0x0800ab30        0x0
                0x0800ab30                . = ALIGN (0x4)
 *(.ARM.extab)
 *(.gnu.linkonce.armextab.*)
                0x0800ab30                . = ALIGN (0x4)

.exidx          0x0800ab30        0x0
                0x0800ab30                . = ALIGN (0x4)
                [!provide]                PROVIDE (__exidx_start = .)
 *(.ARM.exidx*)
                0x0800ab30                . = ALIGN (0x4)
                [!provide]                PROVIDE (__exidx_end = .)

.ARM.attributes
                0x0800ab30       0x2e
 *(.ARM.attributes)
 .ARM.attributes
                0x0800ab30       0x1e c:/program files (x86)/gnu arm embedded toolchain/9 2020-q2-update/bin/../lib/gcc/arm-none-eabi/9.3.1/thumb/v7e-m+dp/hard/crti.o
 .ARM.attributes
                0x0800ab4e       0x32 c:/program files (x86)/gnu arm embedded toolchain/9 2020-q2-update/bin/../lib/gcc/arm-none-eabi/9.3.1/thumb/v7e-m+dp/hard/crtbegin.o
 .ARM.attributes
                0x0800ab80       0x32 build/system_stm32h7xx.o
 .ARM.attributes
                0x0800abb2       0x32 build/musicSynth.o
 .ARM.attributes
                0x0800abe4       0x21 build/startup_stm32h750xx.o
 .ARM.attributes
                0x0800ac05       0x32 ../libs/libdaisy/build\libdaisy.a(daisy_seed.o)
 .ARM.attributes
                0x0800ac37       0x32 ../libs/libdaisy/build\libdaisy.a(hid_audio.o)
 .ARM.attributes
                0x0800ac69       0x32 ../libs/libdaisy/build\libdaisy.a(per_qspi.o)
 .ARM.attributes
                0x0800ac9b       0x32 ../libs/libdaisy/build\libdaisy.a(dev_sdram.o)
 .ARM.attributes
                0x0800accd       0x32 ../libs/libdaisy/build\libdaisy.a(sys_system.o)
 .ARM.attributes
                0x0800acff       0x32 ../libs/libdaisy/build\libdaisy.a(per_i2c.o)
 .ARM.attributes
                0x0800ad31       0x32 ../libs/libdaisy/build\libdaisy.a(per_sai.o)
 .ARM.attributes
                0x0800ad63       0x32 ../libs/libdaisy/build\libdaisy.a(per_gpio.o)
 .ARM.attributes
                0x0800ad95       0x32 ../libs/libdaisy/build\libdaisy.a(per_tim.o)
 .ARM.attributes
                0x0800adc7       0x32 ../libs/libdaisy/build\libdaisy.a(hid_usb.o)
 .ARM.attributes
                0x0800adf9       0x32 ../libs/libdaisy/build\libdaisy.a(util_hal_map.o)
 .ARM.attributes
                0x0800ae2b       0x32 ../libs/libdaisy/build\libdaisy.a(stm32h7xx_hal_pcd.o)
 .ARM.attributes
                0x0800ae5d       0x32 ../libs/libdaisy/build\libdaisy.a(stm32h7xx_hal_pcd_ex.o)
 .ARM.attributes
                0x0800ae8f       0x32 ../libs/libdaisy/build\libdaisy.a(stm32h7xx_ll_usb.o)
 .ARM.attributes
                0x0800aec1       0x32 ../libs/libdaisy/build\libdaisy.a(stm32h7xx_hal_cortex.o)
 .ARM.attributes
                0x0800aef3       0x32 ../libs/libdaisy/build\libdaisy.a(stm32h7xx_hal_sdram.o)
 .ARM.attributes
                0x0800af25       0x32 ../libs/libdaisy/build\libdaisy.a(stm32h7xx_hal_i2c.o)
 .ARM.attributes
                0x0800af57       0x32 ../libs/libdaisy/build\libdaisy.a(stm32h7xx_hal_i2c_ex.o)
 .ARM.attributes
                0x0800af89       0x32 ../libs/libdaisy/build\libdaisy.a(stm32h7xx_hal_qspi.o)
 .ARM.attributes
                0x0800afbb       0x32 ../libs/libdaisy/build\libdaisy.a(stm32h7xx_hal_sai.o)
 .ARM.attributes
                0x0800afed       0x32 ../libs/libdaisy/build\libdaisy.a(stm32h7xx_hal_tim.o)
 .ARM.attributes
                0x0800b01f       0x32 ../libs/libdaisy/build\libdaisy.a(stm32h7xx_hal_tim_ex.o)
 .ARM.attributes
                0x0800b051       0x32 ../libs/libdaisy/build\libdaisy.a(stm32h7xx_hal_rcc.o)
 .ARM.attributes
                0x0800b083       0x32 ../libs/libdaisy/build\libdaisy.a(stm32h7xx_hal_rcc_ex.o)
 .ARM.attributes
                0x0800b0b5       0x32 ../libs/libdaisy/build\libdaisy.a(stm32h7xx_hal_gpio.o)
 .ARM.attributes
                0x0800b0e7       0x32 ../libs/libdaisy/build\libdaisy.a(stm32h7xx_hal_dma.o)
 .ARM.attributes
                0x0800b119       0x32 ../libs/libdaisy/build\libdaisy.a(stm32h7xx_hal_mdma.o)
 .ARM.attributes
                0x0800b14b       0x32 ../libs/libdaisy/build\libdaisy.a(stm32h7xx_hal_pwr_ex.o)
 .ARM.attributes
                0x0800b17d       0x32 ../libs/libdaisy/build\libdaisy.a(stm32h7xx_hal.o)
 .ARM.attributes
                0x0800b1af       0x32 ../libs/libdaisy/build\libdaisy.a(usbd_core.o)
 .ARM.attributes
                0x0800b1e1       0x32 ../libs/libdaisy/build\libdaisy.a(usbd_ctlreq.o)
 .ARM.attributes
                0x0800b213       0x32 ../libs/libdaisy/build\libdaisy.a(usbd_ioreq.o)
 .ARM.attributes
                0x0800b245       0x32 ../libs/libdaisy/build\libdaisy.a(usbd_cdc.o)
 .ARM.attributes
                0x0800b277       0x32 ../libs/libdaisy/build\libdaisy.a(usbd_conf.o)
 .ARM.attributes
                0x0800b2a9       0x32 ../libs/libdaisy/build\libdaisy.a(usbd_desc.o)
 .ARM.attributes
                0x0800b2db       0x32 ../libs/libdaisy/build\libdaisy.a(usbd_cdc_if.o)
 .ARM.attributes
                0x0800b30d       0x32 ../libs/libdaisy/build\libdaisy.a(dev_codec_pcm3060.o)
 .ARM.attributes
                0x0800b33f       0x32 ../libs/libdaisy/build\libdaisy.a(dev_codec_wm8731.o)
 .ARM.attributes
                0x0800b371       0x32 ../libs/libdaisy/build\libdaisy.a(dev_codec_ak4556.o)
 .ARM.attributes
                0x0800b3a3       0x32 ../libs/libdaisy/build\libdaisy.a(sys_dma.o)
 .ARM.attributes
                0x0800b3d5       0x32 ../libs/libdaisy/build\libdaisy.a(stm32h7xx_ll_fmc.o)
 .ARM.attributes
                0x0800b407       0x32 c:/program files (x86)/gnu arm embedded toolchain/9 2020-q2-update/bin/../lib/gcc/arm-none-eabi/9.3.1/../../../../arm-none-eabi/lib/thumb/v7e-m+dp/hard\libstdc++_nano.a(atexit_arm.o)
 .ARM.attributes
                0x0800b439       0x32 c:/program files (x86)/gnu arm embedded toolchain/9 2020-q2-update/bin/../lib/gcc/arm-none-eabi/9.3.1/../../../../arm-none-eabi/lib/thumb/v7e-m+dp/hard\libc_nano.a(lib_a-cxa_atexit.o)
 .ARM.attributes
                0x0800b46b       0x30 c:/program files (x86)/gnu arm embedded toolchain/9 2020-q2-update/bin/../lib/gcc/arm-none-eabi/9.3.1/../../../../arm-none-eabi/lib/thumb/v7e-m+dp/hard\libc_nano.a(lib_a-impure.o)
 .ARM.attributes
                0x0800b49b       0x32 c:/program files (x86)/gnu arm embedded toolchain/9 2020-q2-update/bin/../lib/gcc/arm-none-eabi/9.3.1/../../../../arm-none-eabi/lib/thumb/v7e-m+dp/hard\libc_nano.a(lib_a-init.o)
 .ARM.attributes
                0x0800b4cd       0x32 c:/program files (x86)/gnu arm embedded toolchain/9 2020-q2-update/bin/../lib/gcc/arm-none-eabi/9.3.1/../../../../arm-none-eabi/lib/thumb/v7e-m+dp/hard\libc_nano.a(lib_a-malloc.o)
 .ARM.attributes
                0x0800b4ff       0x32 c:/program files (x86)/gnu arm embedded toolchain/9 2020-q2-update/bin/../lib/gcc/arm-none-eabi/9.3.1/../../../../arm-none-eabi/lib/thumb/v7e-m+dp/hard\libc_nano.a(lib_a-memcpy-stub.o)
 .ARM.attributes
                0x0800b531       0x32 c:/program files (x86)/gnu arm embedded toolchain/9 2020-q2-update/bin/../lib/gcc/arm-none-eabi/9.3.1/../../../../arm-none-eabi/lib/thumb/v7e-m+dp/hard\libc_nano.a(lib_a-memset.o)
 .ARM.attributes
                0x0800b563       0x32 c:/program files (x86)/gnu arm embedded toolchain/9 2020-q2-update/bin/../lib/gcc/arm-none-eabi/9.3.1/../../../../arm-none-eabi/lib/thumb/v7e-m+dp/hard\libc_nano.a(lib_a-nano-freer.o)
 .ARM.attributes
                0x0800b595       0x32 c:/program files (x86)/gnu arm embedded toolchain/9 2020-q2-update/bin/../lib/gcc/arm-none-eabi/9.3.1/../../../../arm-none-eabi/lib/thumb/v7e-m+dp/hard\libc_nano.a(lib_a-nano-mallocr.o)
 .ARM.attributes
                0x0800b5c7       0x32 c:/program files (x86)/gnu arm embedded toolchain/9 2020-q2-update/bin/../lib/gcc/arm-none-eabi/9.3.1/../../../../arm-none-eabi/lib/thumb/v7e-m+dp/hard\libc_nano.a(lib_a-printf.o)
 .ARM.attributes
                0x0800b5f9       0x32 c:/program files (x86)/gnu arm embedded toolchain/9 2020-q2-update/bin/../lib/gcc/arm-none-eabi/9.3.1/../../../../arm-none-eabi/lib/thumb/v7e-m+dp/hard\libc_nano.a(lib_a-putchar.o)
 .ARM.attributes
                0x0800b62b       0x32 c:/program files (x86)/gnu arm embedded toolchain/9 2020-q2-update/bin/../lib/gcc/arm-none-eabi/9.3.1/../../../../arm-none-eabi/lib/thumb/v7e-m+dp/hard\libc_nano.a(lib_a-sbrkr.o)
 .ARM.attributes
                0x0800b65d       0x17 c:/program files (x86)/gnu arm embedded toolchain/9 2020-q2-update/bin/../lib/gcc/arm-none-eabi/9.3.1/../../../../arm-none-eabi/lib/thumb/v7e-m+dp/hard\libc_nano.a(lib_a-strlen.o)
 .ARM.attributes
                0x0800b674       0x32 c:/program files (x86)/gnu arm embedded toolchain/9 2020-q2-update/bin/../lib/gcc/arm-none-eabi/9.3.1/../../../../arm-none-eabi/lib/thumb/v7e-m+dp/hard\libc_nano.a(lib_a-vsprintf.o)
 .ARM.attributes
                0x0800b6a6       0x32 c:/program files (x86)/gnu arm embedded toolchain/9 2020-q2-update/bin/../lib/gcc/arm-none-eabi/9.3.1/../../../../arm-none-eabi/lib/thumb/v7e-m+dp/hard\libc_nano.a(lib_a-findfp.o)
 .ARM.attributes
                0x0800b6d8       0x32 c:/program files (x86)/gnu arm embedded toolchain/9 2020-q2-update/bin/../lib/gcc/arm-none-eabi/9.3.1/../../../../arm-none-eabi/lib/thumb/v7e-m+dp/hard\libc_nano.a(lib_a-fwalk.o)
 .ARM.attributes
                0x0800b70a       0x32 c:/program files (x86)/gnu arm embedded toolchain/9 2020-q2-update/bin/../lib/gcc/arm-none-eabi/9.3.1/../../../../arm-none-eabi/lib/thumb/v7e-m+dp/hard\libc_nano.a(lib_a-lock.o)
 .ARM.attributes
                0x0800b73c       0x32 c:/program files (x86)/gnu arm embedded toolchain/9 2020-q2-update/bin/../lib/gcc/arm-none-eabi/9.3.1/../../../../arm-none-eabi/lib/thumb/v7e-m+dp/hard\libc_nano.a(lib_a-mlock.o)
 .ARM.attributes
                0x0800b76e       0x32 c:/program files (x86)/gnu arm embedded toolchain/9 2020-q2-update/bin/../lib/gcc/arm-none-eabi/9.3.1/../../../../arm-none-eabi/lib/thumb/v7e-m+dp/hard\libc_nano.a(lib_a-nano-svfprintf.o)
 .ARM.attributes
                0x0800b7a0       0x32 c:/program files (x86)/gnu arm embedded toolchain/9 2020-q2-update/bin/../lib/gcc/arm-none-eabi/9.3.1/../../../../arm-none-eabi/lib/thumb/v7e-m+dp/hard\libc_nano.a(lib_a-nano-vfprintf.o)
 .ARM.attributes
                0x0800b7d2       0x32 c:/program files (x86)/gnu arm embedded toolchain/9 2020-q2-update/bin/../lib/gcc/arm-none-eabi/9.3.1/../../../../arm-none-eabi/lib/thumb/v7e-m+dp/hard\libc_nano.a(lib_a-nano-vfprintf_i.o)
 .ARM.attributes
                0x0800b804       0x32 c:/program files (x86)/gnu arm embedded toolchain/9 2020-q2-update/bin/../lib/gcc/arm-none-eabi/9.3.1/../../../../arm-none-eabi/lib/thumb/v7e-m+dp/hard\libc_nano.a(lib_a-putc.o)
 .ARM.attributes
                0x0800b836       0x32 c:/program files (x86)/gnu arm embedded toolchain/9 2020-q2-update/bin/../lib/gcc/arm-none-eabi/9.3.1/../../../../arm-none-eabi/lib/thumb/v7e-m+dp/hard\libc_nano.a(lib_a-reent.o)
 .ARM.attributes
                0x0800b868       0x32 c:/program files (x86)/gnu arm embedded toolchain/9 2020-q2-update/bin/../lib/gcc/arm-none-eabi/9.3.1/../../../../arm-none-eabi/lib/thumb/v7e-m+dp/hard\libc_nano.a(lib_a-stdio.o)
 .ARM.attributes
                0x0800b89a       0x32 c:/program files (x86)/gnu arm embedded toolchain/9 2020-q2-update/bin/../lib/gcc/arm-none-eabi/9.3.1/../../../../arm-none-eabi/lib/thumb/v7e-m+dp/hard\libc_nano.a(lib_a-wbuf.o)
 .ARM.attributes
                0x0800b8cc       0x32 c:/program files (x86)/gnu arm embedded toolchain/9 2020-q2-update/bin/../lib/gcc/arm-none-eabi/9.3.1/../../../../arm-none-eabi/lib/thumb/v7e-m+dp/hard\libc_nano.a(lib_a-writer.o)
 .ARM.attributes